<html>
<body>
<pre>
<h1>µVision Build Log</h1>
<h2>Tool Versions:</h2>
IDE-Version: ¦ÌVision V5.36.0.0
Copyright (C) 2021 ARM Ltd and ARM Germany GmbH. All rights reserved.
License Information: 111 MC04, 11, LIC=FYKYW-Q9US3-2ZHW4-FY051-QP61V-WNZ1T
 
Tool Versions:
Toolchain:       MDK-ARM Plus  Version: 5.36.0.0
Toolchain Path:  D:\Keil_v5\ARM\ARMCC\Bin
C Compiler:      Armcc.exe V5.06 update 7 (build 960)
Assembler:       Armasm.exe V5.06 update 7 (build 960)
Linker/Locator:  ArmLink.exe V5.06 update 7 (build 960)
Library Manager: ArmAr.exe V5.06 update 7 (build 960)
Hex Converter:   FromElf.exe V5.06 update 7 (build 960)
CPU DLL:         SARMCM3.DLL V5.36.0.0
Dialog DLL:      DCM.DLL V1.17.3.0
Target DLL:      Segger\JL2CM3.dll V2.99.40.0
Dialog DLL:      TCM.DLL V1.53.0.0
 
<h2>Project:</h2>
E:\lv_mm\work\fire_stm32f407\fire_stm32f407_learn\spi_flash\Project\RVMDK£¨uv5£©\Fire_stm32f407.uvprojx
Project File Date:  03/08/2024

<h2>Output:</h2>
*** Using Compiler 'V5.06 update 7 (build 960)', folder: 'D:\Keil_v5\ARM\ARMCC\Bin'
Build target '¹¤³ÌÄ£°å'
assembling startup_stm32f40xx.s...
compiling stm32f4xx_cec.c...
compiling stm32f4xx_crc.c...
compiling system_stm32f4xx.c...
compiling misc.c...
compiling stm32f4xx_cryp.c...
compiling stm32f4xx_adc.c...
compiling stm32f4xx_cryp_aes.c...
compiling stm32f4xx_can.c...
compiling stm32f4xx_cryp_tdes.c...
compiling stm32f4xx_dma.c...
compiling stm32f4xx_exti.c...
compiling stm32f4xx_dcmi.c...
compiling stm32f4xx_cryp_des.c...
compiling stm32f4xx_dbgmcu.c...
compiling stm32f4xx_flash.c...
compiling stm32f4xx_dac.c...
compiling stm32f4xx_flash_ramfunc.c...
compiling stm32f4xx_fmpi2c.c...
compiling stm32f4xx_hash_sha1.c...
compiling stm32f4xx_i2c.c...
compiling stm32f4xx_hash.c...
compiling stm32f4xx_pwr.c...
compiling stm32f4xx_gpio.c...
compiling stm32f4xx_fsmc.c...
compiling stm32f4xx_iwdg.c...
compiling stm32f4xx_hash_md5.c...
compiling stm32f4xx_rcc.c...
compiling stm32f4xx_rtc.c...
compiling stm32f4xx_qspi.c...
compiling stm32f4xx_rng.c...
compiling stm32f4xx_sdio.c...
compiling stm32f4xx_spi.c...
compiling stm32f4xx_spdifrx.c...
compiling stm32f4xx_sai.c...
compiling stm32f4xx_tim.c...
compiling stm32f4xx_usart.c...
compiling stm32f4xx_syscfg.c...
compiling stm32f4xx_wwdg.c...
compiling bsp_spi_flash.c...
compiling sys.c...
compiling main.c...
compiling stm32f4xx_it.c...
compiling bsp_led.c...
compiling bsp_rtc.c...
compiling bsp_debug_usart.c...
compiling bsp_delay.c...
..\..\User\bsp\delay\bsp_delay.c(4): warning:  #550-D: variable "fac_ms"  was set but never used
  static uint16_t fac_ms = 0;
..\..\User\bsp\delay\bsp_delay.c: 1 warning, 0 errors
compiling bsp_iic.c...
compiling bsp_key.c...
compiling bsp_iwwdg.c...
compiling bsp_sdio.c...
compiling bsp_touch_iic.c...
compiling bsp_sram.c...
compiling bsp_touch_gt911.c...
compiling bsp_nt35510_lcd.c...
..\..\User\bsp\lcd\bsp_nt35510_lcd.c(129): warning:  #550-D: variable "Write_Timing"  was set but never used
  	FSMC_NORSRAMTimingInitTypeDef Write_Timing;
..\..\User\bsp\lcd\bsp_nt35510_lcd.c: 1 warning, 0 errors
compiling hal_debug_usart.c...
compiling hal_delay.c...
compiling hal_led.c...
compiling hal_spi_flash.c...
compiling hal_iwwdg.c...
compiling hal_key.c...
compiling hal_rtc.c...
compiling hal_sdio.c...
compiling hal_nt35510_lcd.c...
compiling hal_touch_gt911.c...
compiling app_led.c...
compiling hal_sram.c...
compiling hal_iic.c...
compiling app_init.c...
compiling app_spi_flash.c...
compiling app_rtc.c...
compiling app_touch_task.c...
compiling app_lcd_task.c...
compiling app_nt35510_lcd.c...
..\..\User\app\lcd\app_nt35510_lcd.c(20): warning:  #223-D: function "memcpy" declared implicitly
  	memcpy(&app_lcd_dev, &lcd_info, sizeof(app_lcd_dev_t));
..\..\User\app\lcd\app_nt35510_lcd.c(655): warning:  #550-D: variable "dummy"  was set but never used
  	uint16_t dummy = 0, r_data1 = 0, r_data2 = 0;
..\..\User\app\lcd\app_nt35510_lcd.c: 2 warnings, 0 errors
compiling app_fatfs.c...
compiling app_sdio.c...
compiling app_iwwdg.c...
compiling app_sram.c...
..\..\User\app\sram\app_sram.c(28): warning:  #186-D: pointless comparison of unsigned integer with zero
  		if(temp < 0)
..\..\User\app\sram\app_sram.c: 1 warning, 0 errors
compiling cc936.c...
compiling ff.c...
compiling app_touch_gt911.c...
compiling diskio.c...
linking...
Program Size: Code=17118 RO-data=6814 RW-data=276 ZI-data=1001484  
FromELF: creating hex file...
"..\..\Output\Template.axf" - 0 Error(s), 5 Warning(s).

<h2>Software Packages used:</h2>

Package Vendor: Keil
                http://www.keil.com/pack/Keil.STM32F4xx_DFP.2.16.0.pack
                Keil.STM32F4xx_DFP.2.16.0
                STMicroelectronics STM32F4 Series Device Support, Drivers and Examples

<h2>Collection of Component include folders:</h2>
  D:\Keil_v5\Packs\Keil\STM32F4xx_DFP\2.16.0\Drivers\CMSIS\Device\ST\STM32F4xx\Include

<h2>Collection of Component Files used:</h2>
Build Time Elapsed:  00:00:26
</pre>
</body>
</html>
