Component: ARM Compiler 5.06 update 7 (build 960) Tool: armlink [4d3601]

==============================================================================

Section Cross References

    main.o(i.main) refers to misc.o(i.NVIC_PriorityGroupConfig) for NVIC_PriorityGroupConfig
    main.o(i.main) refers to delay.o(i.delay_init) for delay_init
    main.o(i.main) refers to usart.o(i.uart_init) for uart_init
    main.o(i.main) refers to led.o(i.LED_Init) for LED_Init
    main.o(i.main) refers to usbd_core.o(i.USBD_Init) for USBD_Init
    main.o(i.main) refers to delay.o(i.delay_ms) for delay_ms
    main.o(i.main) refers to usbd_usr.o(.data) for USR_cb
    main.o(i.main) refers to usbd_cdc_core.o(.data) for USBD_CDC_cb
    main.o(i.main) refers to usbd_desc.o(.data) for USR_desc
    main.o(i.main) refers to main.o(.bss) for USB_OTG_dev
    stm32f4xx_it.o(i.OTG_FS_IRQHandler) refers to usb_dcd_int.o(i.USBD_OTG_ISR_Handler) for USBD_OTG_ISR_Handler
    stm32f4xx_it.o(i.OTG_FS_IRQHandler) refers to main.o(.bss) for USB_OTG_dev
    system_stm32f4xx.o(i.SystemCoreClockUpdate) refers to system_stm32f4xx.o(.data) for SystemCoreClock
    system_stm32f4xx.o(i.SystemInit) refers to system_stm32f4xx.o(i.SetSysClock) for SetSysClock
    led.o(i.LED_Init) refers to stm32f4xx_rcc.o(i.RCC_AHB1PeriphClockCmd) for RCC_AHB1PeriphClockCmd
    led.o(i.LED_Init) refers to stm32f4xx_gpio.o(i.GPIO_Init) for GPIO_Init
    led.o(i.LED_Init) refers to stm32f4xx_gpio.o(i.GPIO_SetBits) for GPIO_SetBits
    beep.o(i.BEEP_Init) refers to stm32f4xx_rcc.o(i.RCC_AHB1PeriphClockCmd) for RCC_AHB1PeriphClockCmd
    beep.o(i.BEEP_Init) refers to stm32f4xx_gpio.o(i.GPIO_Init) for GPIO_Init
    beep.o(i.BEEP_Init) refers to stm32f4xx_gpio.o(i.GPIO_ResetBits) for GPIO_ResetBits
    key.o(i.KEY_Init) refers to stm32f4xx_rcc.o(i.RCC_AHB1PeriphClockCmd) for RCC_AHB1PeriphClockCmd
    key.o(i.KEY_Init) refers to stm32f4xx_gpio.o(i.GPIO_Init) for GPIO_Init
    key.o(i.KEY_Scan) refers to stm32f4xx_gpio.o(i.GPIO_ReadInputDataBit) for GPIO_ReadInputDataBit
    key.o(i.KEY_Scan) refers to delay.o(i.delay_ms) for delay_ms
    key.o(i.KEY_Scan) refers to key.o(.data) for key_up
    delay.o(i.delay_init) refers to misc.o(i.SysTick_CLKSourceConfig) for SysTick_CLKSourceConfig
    delay.o(i.delay_init) refers to delay.o(.data) for fac_us
    delay.o(i.delay_ms) refers to delay.o(i.delay_xms) for delay_xms
    delay.o(i.delay_us) refers to delay.o(.data) for fac_us
    delay.o(i.delay_xms) refers to delay.o(.data) for fac_ms
    usart.o(.rev16_text) refers (Special) to use_no_semi_2.o(.text) for __use_no_semihosting
    usart.o(.revsh_text) refers (Special) to use_no_semi_2.o(.text) for __use_no_semihosting
    usart.o(i.USART1_IRQHandler) refers (Special) to use_no_semi_2.o(.text) for __use_no_semihosting
    usart.o(i.USART1_IRQHandler) refers to stm32f4xx_usart.o(i.USART_GetITStatus) for USART_GetITStatus
    usart.o(i.USART1_IRQHandler) refers to stm32f4xx_usart.o(i.USART_ReceiveData) for USART_ReceiveData
    usart.o(i.USART1_IRQHandler) refers to usart.o(.data) for USART_RX_STA
    usart.o(i.USART1_IRQHandler) refers to usart.o(.bss) for USART_RX_BUF
    usart.o(i._sys_exit) refers (Special) to use_no_semi_2.o(.text) for __use_no_semihosting
    usart.o(i.fputc) refers (Special) to use_no_semi_2.o(.text) for __use_no_semihosting
    usart.o(i.uart_init) refers (Special) to use_no_semi_2.o(.text) for __use_no_semihosting
    usart.o(i.uart_init) refers to stm32f4xx_rcc.o(i.RCC_AHB1PeriphClockCmd) for RCC_AHB1PeriphClockCmd
    usart.o(i.uart_init) refers to stm32f4xx_rcc.o(i.RCC_APB2PeriphClockCmd) for RCC_APB2PeriphClockCmd
    usart.o(i.uart_init) refers to stm32f4xx_gpio.o(i.GPIO_PinAFConfig) for GPIO_PinAFConfig
    usart.o(i.uart_init) refers to stm32f4xx_gpio.o(i.GPIO_Init) for GPIO_Init
    usart.o(i.uart_init) refers to stm32f4xx_usart.o(i.USART_Init) for USART_Init
    usart.o(i.uart_init) refers to stm32f4xx_usart.o(i.USART_Cmd) for USART_Cmd
    usart.o(i.uart_init) refers to stm32f4xx_usart.o(i.USART_ITConfig) for USART_ITConfig
    usart.o(i.uart_init) refers to misc.o(i.NVIC_Init) for NVIC_Init
    usart.o(.bss) refers (Special) to use_no_semi_2.o(.text) for __use_no_semihosting
    usart.o(.data) refers (Special) to use_no_semi_2.o(.text) for __use_no_semihosting
    startup_stm32f40_41xxx.o(STACK) refers (Special) to heapauxi.o(.text) for __use_two_region_memory
    startup_stm32f40_41xxx.o(HEAP) refers (Special) to heapauxi.o(.text) for __use_two_region_memory
    startup_stm32f40_41xxx.o(RESET) refers (Special) to heapauxi.o(.text) for __use_two_region_memory
    startup_stm32f40_41xxx.o(RESET) refers to startup_stm32f40_41xxx.o(STACK) for __initial_sp
    startup_stm32f40_41xxx.o(RESET) refers to startup_stm32f40_41xxx.o(.text) for Reset_Handler
    startup_stm32f40_41xxx.o(RESET) refers to stm32f4xx_it.o(i.NMI_Handler) for NMI_Handler
    startup_stm32f40_41xxx.o(RESET) refers to stm32f4xx_it.o(i.HardFault_Handler) for HardFault_Handler
[...]
    .ARM.Collect$$rtentry$$00000009          0x0800024e   Section        0  __rtentry2.o(.ARM.Collect$$rtentry$$00000009)
    .ARM.Collect$$rtentry$$0000000A          0x0800024e   Section        4  __rtentry2.o(.ARM.Collect$$rtentry$$0000000A)
    .ARM.Collect$$rtentry$$0000000C          0x08000252   Section        0  __rtentry2.o(.ARM.Collect$$rtentry$$0000000C)
    .ARM.Collect$$rtentry$$0000000D          0x08000252   Section        8  __rtentry2.o(.ARM.Collect$$rtentry$$0000000D)
    .ARM.Collect$$rtexit$$00000000           0x0800025a   Section        2  rtexit.o(.ARM.Collect$$rtexit$$00000000)
    .ARM.Collect$$rtexit$$00000002           0x0800025c   Section        0  rtexit2.o(.ARM.Collect$$rtexit$$00000002)
    .ARM.Collect$$rtexit$$00000003           0x0800025c   Section        4  rtexit2.o(.ARM.Collect$$rtexit$$00000003)
    .ARM.Collect$$rtexit$$00000004           0x08000260   Section        6  rtexit2.o(.ARM.Collect$$rtexit$$00000004)
    .text                                    0x08000268   Section       64  startup_stm32f40_41xxx.o(.text)
    $v0                                      0x08000268   Number         0  startup_stm32f40_41xxx.o(.text)
    .text                                    0x080002a8   Section        2  use_no_semi_2.o(.text)
    .text                                    0x080002ac   Section        0  noretval__2printf.o(.text)
    .text                                    0x080002c4   Section        0  heapauxi.o(.text)
    .text                                    0x080002ca   Section        2  use_no_semi.o(.text)
    .text                                    0x080002cc   Section        0  _printf_char_file.o(.text)
    .text                                    0x080002f0   Section        0  _printf_char_common.o(.text)
    _printf_input_char                       0x080002f1   Thumb Code    10  _printf_char_common.o(.text)
    .text                                    0x08000320   Section        0  ferror.o(.text)
    .text                                    0x08000328   Section       74  sys_stackheap_outer.o(.text)
    .text                                    0x08000372   Section        0  __printf_nopercent.o(.text)
    .text                                    0x0800039a   Section        0  exit.o(.text)
    .text                                    0x080003ac   Section        8  libspace.o(.text)
    i.BusFault_Handler                       0x080003b4   Section        0  stm32f4xx_it.o(i.BusFault_Handler)
    i.DCD_EP_Close                           0x080003b8   Section        0  usb_dcd.o(i.DCD_EP_Close)
    i.DCD_EP_ClrStall                        0x08000402   Section        0  usb_dcd.o(i.DCD_EP_ClrStall)
    i.DCD_EP_Open                            0x0800044a   Section        0  usb_dcd.o(i.DCD_EP_Open)
    i.DCD_EP_PrepareRx                       0x080004b2   Section        0  usb_dcd.o(i.DCD_EP_PrepareRx)
    i.DCD_EP_SetAddress                      0x08000504   Section        0  usb_dcd.o(i.DCD_EP_SetAddress)
    i.DCD_EP_Stall                           0x08000520   Section        0  usb_dcd.o(i.DCD_EP_Stall)
    i.DCD_EP_Tx                              0x08000568   Section        0  usb_dcd.o(i.DCD_EP_Tx)
    i.DCD_HandleEnumDone_ISR                 0x080005b6   Section        0  usb_dcd_int.o(i.DCD_HandleEnumDone_ISR)
    DCD_HandleEnumDone_ISR                   0x080005b7   Thumb Code   102  usb_dcd_int.o(i.DCD_HandleEnumDone_ISR)
    i.DCD_HandleInEP_ISR                     0x0800061c   Section        0  usb_dcd_int.o(i.DCD_HandleInEP_ISR)
    DCD_HandleInEP_ISR                       0x0800061d   Thumb Code   320  usb_dcd_int.o(i.DCD_HandleInEP_ISR)
    i.DCD_HandleOutEP_ISR                    0x08000760   Section        0  usb_dcd_int.o(i.DCD_HandleOutEP_ISR)
    DCD_HandleOutEP_ISR                      0x08000761   Thumb Code   252  usb_dcd_int.o(i.DCD_HandleOutEP_ISR)
    i.DCD_HandleResume_ISR                   0x08000860   Section        0  usb_dcd_int.o(i.DCD_HandleResume_ISR)
    DCD_HandleResume_ISR                     0x08000861   Thumb Code   100  usb_dcd_int.o(i.DCD_HandleResume_ISR)
    i.DCD_HandleRxStatusQueueLevel_ISR       0x080008c8   Section        0  usb_dcd_int.o(i.DCD_HandleRxStatusQueueLevel_ISR)
    DCD_HandleRxStatusQueueLevel_ISR         0x080008c9   Thumb Code   176  usb_dcd_int.o(i.DCD_HandleRxStatusQueueLevel_ISR)
    i.DCD_HandleSof_ISR                      0x08000978   Section        0  usb_dcd_int.o(i.DCD_HandleSof_ISR)
    DCD_HandleSof_ISR                        0x08000979   Thumb Code    38  usb_dcd_int.o(i.DCD_HandleSof_ISR)
    i.DCD_HandleUSBSuspend_ISR               0x080009a4   Section        0  usb_dcd_int.o(i.DCD_HandleUSBSuspend_ISR)
    DCD_HandleUSBSuspend_ISR                 0x080009a5   Thumb Code   158  usb_dcd_int.o(i.DCD_HandleUSBSuspend_ISR)
    i.DCD_HandleUsbReset_ISR                 0x08000a4c   Section        0  usb_dcd_int.o(i.DCD_HandleUsbReset_ISR)
    DCD_HandleUsbReset_ISR                   0x08000a4d   Thumb Code   254  usb_dcd_int.o(i.DCD_HandleUsbReset_ISR)
    i.DCD_Init                               0x08000b50   Section        0  usb_dcd.o(i.DCD_Init)
    i.DCD_IsoINIncomplete_ISR                0x08000bec   Section        0  usb_dcd_int.o(i.DCD_IsoINIncomplete_ISR)
    DCD_IsoINIncomplete_ISR                  0x08000bed   Thumb Code    40  usb_dcd_int.o(i.DCD_IsoINIncomplete_ISR)
    i.DCD_IsoOUTIncomplete_ISR               0x08000c18   Section        0  usb_dcd_int.o(i.DCD_IsoOUTIncomplete_ISR)
    DCD_IsoOUTIncomplete_ISR                 0x08000c19   Thumb Code    40  usb_dcd_int.o(i.DCD_IsoOUTIncomplete_ISR)
    i.DCD_ReadDevInEP                        0x08000c44   Section        0  usb_dcd_int.o(i.DCD_ReadDevInEP)
    DCD_ReadDevInEP                          0x08000c45   Thumb Code    40  usb_dcd_int.o(i.DCD_ReadDevInEP)
    i.DCD_WriteEmptyTxFifo                   0x08000c6c   Section        0  usb_dcd_int.o(i.DCD_WriteEmptyTxFifo)
    DCD_WriteEmptyTxFifo                     0x08000c6d   Thumb Code   144  usb_dcd_int.o(i.DCD_WriteEmptyTxFifo)
    i.DebugMon_Handler                       0x08000cfc   Section        0  stm32f4xx_it.o(i.DebugMon_Handler)
    i.GPIO_Init                              0x08000cfe   Section        0  stm32f4xx_gpio.o(i.GPIO_Init)
    i.GPIO_PinAFConfig                       0x08000d8e   Section        0  stm32f4xx_gpio.o(i.GPIO_PinAFConfig)
    i.GPIO_SetBits                           0x08000dd4   Section        0  stm32f4xx_gpio.o(i.GPIO_SetBits)
    i.Handle_USBAsynchXfer                   0x08000dd8   Section        0  usbd_cdc_core.o(i.Handle_USBAsynchXfer)
    Handle_USBAsynchXfer                     0x08000dd9   Thumb Code   182  usbd_cdc_core.o(i.Handle_USBAsynchXfer)
    i.HardFault_Handler                      0x08000ea4   Section        0  stm32f4xx_it.o(i.HardFault_Handler)
    i.LED_Init                               0x08000ea8   Section        0  led.o(i.LED_Init)
    i.MemManage_Handler                      0x08000ee8   Section        0  stm32f4xx_it.o(i.MemManage_Handler)
    i.NMI_Handler                            0x08000eec   Section        0  stm32f4xx_it.o(i.NMI_Handler)
    i.NVIC_Init                              0x08000ef0   Section        0  misc.o(i.NVIC_Init)
    i.NVIC_PriorityGroupConfig               0x08000f68   Section        0  misc.o(i.NVIC_PriorityGroupConfig)
    i.OTG_FS_IRQHandler                      0x08000f7c   Section        0  stm32f4xx_it.o(i.OTG_FS_IRQHandler)
    i.PendSV_Handler                         0x08000f8c   Section        0  stm32f4xx_it.o(i.PendSV_Handler)
    i.RCC_AHB1PeriphClockCmd                 0x08000f90   Section        0  stm32f4xx_rcc.o(i.RCC_AHB1PeriphClockCmd)
    i.RCC_AHB2PeriphClockCmd                 0x08000fb0   Section        0  stm32f4xx_rcc.o(i.RCC_AHB2PeriphClockCmd)
    i.RCC_APB1PeriphClockCmd                 0x08000fd0   Section        0  stm32f4xx_rcc.o(i.RCC_APB1PeriphClockCmd)
    i.RCC_APB2PeriphClockCmd                 0x08000ff0   Section        0  stm32f4xx_rcc.o(i.RCC_APB2PeriphClockCmd)
    i.RCC_GetClocksFreq                      0x08001010   Section        0  stm32f4xx_rcc.o(i.RCC_GetClocksFreq)
    i.SVC_Handler                            0x080010f8   Section        0  stm32f4xx_it.o(i.SVC_Handler)
    i.SetSysClock                            0x080010fc   Section        0  system_stm32f4xx.o(i.SetSysClock)
    SetSysClock                              0x080010fd   Thumb Code   220  system_stm32f4xx.o(i.SetSysClock)
    i.SysTick_CLKSourceConfig                0x080011e8   Section        0  misc.o(i.SysTick_CLKSourceConfig)
    i.SysTick_Handler                        0x08001210   Section        0  stm32f4xx_it.o(i.SysTick_Handler)
    i.SystemInit                             0x08001214   Section        0  system_stm32f4xx.o(i.SystemInit)
    i.USART1_IRQHandler                      0x0800127c   Section        0  usart.o(i.USART1_IRQHandler)
    i.USART3_IRQHandler                      0x08001304   Section        0  usbd_cdc_vcp.o(i.USART3_IRQHandler)
    i.USART_Cmd                              0x08001330   Section        0  stm32f4xx_usart.o(i.USART_Cmd)
    i.USART_GetFlagStatus                    0x08001348   Section        0  stm32f4xx_usart.o(i.USART_GetFlagStatus)
    i.USART_GetITStatus                      0x08001362   Section        0  stm32f4xx_usart.o(i.USART_GetITStatus)
    i.USART_ITConfig                         0x080013b6   Section        0  stm32f4xx_usart.o(i.USART_ITConfig)
    i.USART_Init                             0x08001400   Section        0  stm32f4xx_usart.o(i.USART_Init)
    i.USART_ReceiveData                      0x080014d4   Section        0  stm32f4xx_usart.o(i.USART_ReceiveData)
    i.USBD_ClrCfg                            0x080014de   Section        0  usbd_core.o(i.USBD_ClrCfg)
    i.USBD_ClrFeature                        0x080014f4   Section        0  usbd_req.o(i.USBD_ClrFeature)
    USBD_ClrFeature                          0x080014f5   Thumb Code    72  usbd_req.o(i.USBD_ClrFeature)
    i.USBD_CtlContinueRx                     0x0800153c   Section        0  usbd_ioreq.o(i.USBD_CtlContinueRx)
    i.USBD_CtlContinueSendData               0x0800155a   Section        0  usbd_ioreq.o(i.USBD_CtlContinueSendData)
    i.USBD_CtlError                          0x08001578   Section        0  usbd_req.o(i.USBD_CtlError)
    i.USBD_CtlPrepareRx                      0x08001596   Section        0  usbd_ioreq.o(i.USBD_CtlPrepareRx)
    i.USBD_CtlReceiveStatus                  0x080015c4   Section        0  usbd_ioreq.o(i.USBD_CtlReceiveStatus)
    i.USBD_CtlSendData                       0x080015e8   Section        0  usbd_ioreq.o(i.USBD_CtlSendData)
    i.USBD_CtlSendStatus                     0x08001616   Section        0  usbd_ioreq.o(i.USBD_CtlSendStatus)
    i.USBD_DataInStage                       0x0800163a   Section        0  usbd_core.o(i.USBD_DataInStage)
    USBD_DataInStage                         0x0800163b   Thumb Code   208  usbd_core.o(i.USBD_DataInStage)
    i.USBD_DataOutStage                      0x0800170a   Section        0  usbd_core.o(i.USBD_DataOutStage)
    USBD_DataOutStage                        0x0800170b   Thumb Code   150  usbd_core.o(i.USBD_DataOutStage)
    i.USBD_DeInit                            0x080017a0   Section        0  usbd_core.o(i.USBD_DeInit)
    i.USBD_GetConfig                         0x080017a8   Section        0  usbd_req.o(i.USBD_GetConfig)
    USBD_GetConfig                           0x080017a9   Thumb Code    78  usbd_req.o(i.USBD_GetConfig)
    i.USBD_GetDescriptor                     0x080017fc   Section        0  usbd_req.o(i.USBD_GetDescriptor)
    USBD_GetDescriptor                       0x080017fd   Thumb Code   290  usbd_req.o(i.USBD_GetDescriptor)
    i.USBD_GetLen                            0x0800191e   Section        0  usbd_req.o(i.USBD_GetLen)
    USBD_GetLen                              0x0800191f   Thumb Code    20  usbd_req.o(i.USBD_GetLen)
    i.USBD_GetStatus                         0x08001934   Section        0  usbd_req.o(i.USBD_GetStatus)
    USBD_GetStatus                           0x08001935   Thumb Code    74  usbd_req.o(i.USBD_GetStatus)
    i.USBD_GetString                         0x08001984   Section        0  usbd_req.o(i.USBD_GetString)
    i.USBD_Init                              0x080019d6   Section        0  usbd_core.o(i.USBD_Init)
    i.USBD_IsoINIncomplete                   0x08001a18   Section        0  usbd_core.o(i.USBD_IsoINIncomplete)
    USBD_IsoINIncomplete                     0x08001a19   Thumb Code    18  usbd_core.o(i.USBD_IsoINIncomplete)
    i.USBD_IsoOUTIncomplete                  0x08001a2a   Section        0  usbd_core.o(i.USBD_IsoOUTIncomplete)
    USBD_IsoOUTIncomplete                    0x08001a2b   Thumb Code    18  usbd_core.o(i.USBD_IsoOUTIncomplete)
    i.USBD_OTG_ISR_Handler                   0x08001a3c   Section        0  usb_dcd_int.o(i.USBD_OTG_ISR_Handler)
    i.USBD_ParseSetupRequest                 0x08001b1c   Section        0  usbd_req.o(i.USBD_ParseSetupRequest)
    i.USBD_Reset                             0x08001b64   Section        0  usbd_core.o(i.USBD_Reset)
    USBD_Reset                               0x08001b65   Thumb Code    50  usbd_core.o(i.USBD_Reset)
    i.USBD_Resume                            0x08001b96   Section        0  usbd_core.o(i.USBD_Resume)
    USBD_Resume                              0x08001b97   Thumb Code    30  usbd_core.o(i.USBD_Resume)
    i.USBD_RunTestMode                       0x08001bb4   Section        0  usbd_core.o(i.USBD_RunTestMode)
    USBD_RunTestMode                         0x08001bb5   Thumb Code    14  usbd_core.o(i.USBD_RunTestMode)
    i.USBD_SOF                               0x08001bc8   Section        0  usbd_core.o(i.USBD_SOF)
    USBD_SOF                                 0x08001bc9   Thumb Code    26  usbd_core.o(i.USBD_SOF)
    i.USBD_SetAddress                        0x08001be2   Section        0  usbd_req.o(i.USBD_SetAddress)
    USBD_SetAddress                          0x08001be3   Thumb Code    92  usbd_req.o(i.USBD_SetAddress)
    i.USBD_SetCfg                            0x08001c3e   Section        0  usbd_core.o(i.USBD_SetCfg)
    i.USBD_SetConfig                         0x08001c5c   Section        0  usbd_req.o(i.USBD_SetConfig)
    USBD_SetConfig                           0x08001c5d   Thumb Code   204  usbd_req.o(i.USBD_SetConfig)
    i.USBD_SetFeature                        0x08001d2c   Section        0  usbd_req.o(i.USBD_SetFeature)
    USBD_SetFeature                          0x08001d2d   Thumb Code   160  usbd_req.o(i.USBD_SetFeature)
    i.USBD_SetupStage                        0x08001dd0   Section        0  usbd_core.o(i.USBD_SetupStage)
    USBD_SetupStage                          0x08001dd1   Thumb Code    84  usbd_core.o(i.USBD_SetupStage)
    i.USBD_StdDevReq                         0x08001e24   Section        0  usbd_req.o(i.USBD_StdDevReq)
    i.USBD_StdEPReq                          0x08001e98   Section        0  usbd_req.o(i.USBD_StdEPReq)
    i.USBD_StdItfReq                         0x08001ff4   Section        0  usbd_req.o(i.USBD_StdItfReq)
    i.USBD_Suspend                           0x08002040   Section        0  usbd_core.o(i.USBD_Suspend)
    USBD_Suspend                             0x08002041   Thumb Code    32  usbd_core.o(i.USBD_Suspend)
    i.USBD_USR_ConfigStrDescriptor           0x08002060   Section        0  usbd_desc.o(i.USBD_USR_ConfigStrDescriptor)
    i.USBD_USR_DeviceConfigured              0x08002094   Section        0  usbd_usr.o(i.USBD_USR_DeviceConfigured)
    i.USBD_USR_DeviceConnected               0x080020c0   Section        0  usbd_usr.o(i.USBD_USR_DeviceConnected)
    i.USBD_USR_DeviceDescriptor              0x080020e8   Section        0  usbd_desc.o(i.USBD_USR_DeviceDescriptor)
    i.USBD_USR_DeviceDisconnected            0x080020f8   Section        0  usbd_usr.o(i.USBD_USR_DeviceDisconnected)
    i.USBD_USR_DeviceReset                   0x08002120   Section        0  usbd_usr.o(i.USBD_USR_DeviceReset)
    i.USBD_USR_DeviceResumed                 0x080021b4   Section        0  usbd_usr.o(i.USBD_USR_DeviceResumed)
    i.USBD_USR_DeviceSuspended               0x080021dc   Section        0  usbd_usr.o(i.USBD_USR_DeviceSuspended)
    i.USBD_USR_Init                          0x08002208   Section        0  usbd_usr.o(i.USBD_USR_Init)
    i.USBD_USR_InterfaceStrDescriptor        0x0800222c   Section        0  usbd_desc.o(i.USBD_USR_InterfaceStrDescriptor)
    i.USBD_USR_LangIDStrDescriptor           0x08002264   Section        0  usbd_desc.o(i.USBD_USR_LangIDStrDescriptor)
    i.USBD_USR_ManufacturerStrDescriptor     0x08002274   Section        0  usbd_desc.o(i.USBD_USR_ManufacturerStrDescriptor)
    i.USBD_USR_ProductStrDescriptor          0x080022a0   Section        0  usbd_desc.o(i.USBD_USR_ProductStrDescriptor)
    i.USBD_USR_SerialStrDescriptor           0x08002310   Section        0  usbd_desc.o(i.USBD_USR_SerialStrDescriptor)
    i.USBD_cdc_GetCfgDesc                    0x08002358   Section        0  usbd_cdc_core.o(i.USBD_cdc_GetCfgDesc)
    USBD_cdc_GetCfgDesc                      0x08002359   Thumb Code    10  usbd_cdc_core.o(i.USBD_cdc_GetCfgDesc)
    i.USB_OTG_BSP_EnableInterrupt            0x08002368   Section        0  usb_bsp.o(i.USB_OTG_BSP_EnableInterrupt)
    i.USB_OTG_BSP_Init                       0x0800238c   Section        0  usb_bsp.o(i.USB_OTG_BSP_Init)
    i.USB_OTG_BSP_mDelay                     0x08002404   Section        0  usb_bsp.o(i.USB_OTG_BSP_mDelay)
    i.USB_OTG_BSP_uDelay                     0x08002410   Section        0  usb_bsp.o(i.USB_OTG_BSP_uDelay)
    i.USB_OTG_CoreInit                       0x0800241c   Section        0  usb_core.o(i.USB_OTG_CoreInit)
    i.USB_OTG_CoreInitDev                    0x08002542   Section        0  usb_core.o(i.USB_OTG_CoreInitDev)
    i.USB_OTG_CoreReset                      0x0800274c   Section        0  usb_core.o(i.USB_OTG_CoreReset)
    USB_OTG_CoreReset                        0x0800274d   Thumb Code   108  usb_core.o(i.USB_OTG_CoreReset)
    i.USB_OTG_DisableGlobalInt               0x080027bc   Section        0  usb_core.o(i.USB_OTG_DisableGlobalInt)
    i.USB_OTG_EP0Activate                    0x080027de   Section        0  usb_core.o(i.USB_OTG_EP0Activate)
    i.USB_OTG_EP0StartXfer                   0x08002848   Section        0  usb_core.o(i.USB_OTG_EP0StartXfer)
    i.USB_OTG_EP0_OutStart                   0x0800299e   Section        0  usb_core.o(i.USB_OTG_EP0_OutStart)
    i.USB_OTG_EPActivate                     0x08002a00   Section        0  usb_core.o(i.USB_OTG_EPActivate)
    i.USB_OTG_EPClearStall                   0x08002a98   Section        0  usb_core.o(i.USB_OTG_EPClearStall)
    i.USB_OTG_EPDeactivate                   0x08002ae8   Section        0  usb_core.o(i.USB_OTG_EPDeactivate)
    i.USB_OTG_EPSetStall                     0x08002b46   Section        0  usb_core.o(i.USB_OTG_EPSetStall)
    i.USB_OTG_EPStartXfer                    0x08002baa   Section        0  usb_core.o(i.USB_OTG_EPStartXfer)
    i.USB_OTG_EnableCommonInt                0x08002da0   Section        0  usb_core.o(i.USB_OTG_EnableCommonInt)
    USB_OTG_EnableCommonInt                  0x08002da1   Thumb Code    52  usb_core.o(i.USB_OTG_EnableCommonInt)
    i.USB_OTG_EnableDevInt                   0x08002dd4   Section        0  usb_core.o(i.USB_OTG_EnableDevInt)
    i.USB_OTG_EnableGlobalInt                0x08002e6e   Section        0  usb_core.o(i.USB_OTG_EnableGlobalInt)
    i.USB_OTG_FlushRxFifo                    0x08002e90   Section        0  usb_core.o(i.USB_OTG_FlushRxFifo)
    i.USB_OTG_FlushTxFifo                    0x08002edc   Section        0  usb_core.o(i.USB_OTG_FlushTxFifo)
    i.USB_OTG_GetDeviceSpeed                 0x08002f30   Section        0  usb_core.o(i.USB_OTG_GetDeviceSpeed)
    i.USB_OTG_GetMode                        0x08002f64   Section        0  usb_core.o(i.USB_OTG_GetMode)
    i.USB_OTG_InitDevSpeed                   0x08002f70   Section        0  usb_core.o(i.USB_OTG_InitDevSpeed)
    i.USB_OTG_IsDeviceMode                   0x08002f88   Section        0  usb_core.o(i.USB_OTG_IsDeviceMode)
    i.USB_OTG_ReadCoreItr                    0x08002f9e   Section        0  usb_core.o(i.USB_OTG_ReadCoreItr)
    i.USB_OTG_ReadDevAllInEPItr              0x08002fae   Section        0  usb_core.o(i.USB_OTG_ReadDevAllInEPItr)
    i.USB_OTG_ReadDevAllOutEp_itr            0x08002fbe   Section        0  usb_core.o(i.USB_OTG_ReadDevAllOutEp_itr)
    i.USB_OTG_ReadDevOutEP_itr               0x08002fce   Section        0  usb_core.o(i.USB_OTG_ReadDevOutEP_itr)
    i.USB_OTG_ReadPacket                     0x08002fe2   Section        0  usb_core.o(i.USB_OTG_ReadPacket)
    i.USB_OTG_SelectCore                     0x0800300c   Section        0  usb_core.o(i.USB_OTG_SelectCore)
    i.USB_OTG_SetCurrentMode                 0x080030dc   Section        0  usb_core.o(i.USB_OTG_SetCurrentMode)
    i.USB_OTG_WritePacket                    0x0800312a   Section        0  usb_core.o(i.USB_OTG_WritePacket)
    i.UsageFault_Handler                     0x0800316a   Section        0  stm32f4xx_it.o(i.UsageFault_Handler)
    i.VCP_Ctrl                               0x0800316e   Section        0  usbd_cdc_vcp.o(i.VCP_Ctrl)
    VCP_Ctrl                                 0x0800316f   Thumb Code    68  usbd_cdc_vcp.o(i.VCP_Ctrl)
    i.VCP_DataRx                             0x080031b2   Section        0  usbd_cdc_vcp.o(i.VCP_DataRx)
    VCP_DataRx                               0x080031b3   Thumb Code    18  usbd_cdc_vcp.o(i.VCP_DataRx)
    i.VCP_DataTx                             0x080031c4   Section        0  usbd_cdc_vcp.o(i.VCP_DataTx)
    VCP_DataTx                               0x080031c5   Thumb Code    56  usbd_cdc_vcp.o(i.VCP_DataTx)
    i.VCP_DeInit                             0x08003204   Section        0  usbd_cdc_vcp.o(i.VCP_DeInit)
    VCP_DeInit                               0x08003205   Thumb Code     4  usbd_cdc_vcp.o(i.VCP_DeInit)
    i.VCP_Init                               0x08003208   Section        0  usbd_cdc_vcp.o(i.VCP_Init)
    VCP_Init                                 0x08003209   Thumb Code   154  usbd_cdc_vcp.o(i.VCP_Init)
    i._sys_exit                              0x080032b0   Section        0  usart.o(i._sys_exit)
    i.delay_init                             0x080032b8   Section        0  delay.o(i.delay_init)
    i.delay_ms                               0x080032f4   Section        0  delay.o(i.delay_ms)
    i.delay_us                               0x0800332c   Section        0  delay.o(i.delay_us)
    i.delay_xms                              0x08003378   Section        0  delay.o(i.delay_xms)
    i.fputc                                  0x080033c4   Section        0  usart.o(i.fputc)
    i.main                                   0x080033e0   Section        0  main.o(i.main)
    i.uart_init                              0x08003440   Section        0  usart.o(i.uart_init)
    i.usbd_cdc_DataIn                        0x080034ec   Section        0  usbd_cdc_core.o(i.usbd_cdc_DataIn)
    usbd_cdc_DataIn                          0x080034ed   Thumb Code   120  usbd_cdc_core.o(i.usbd_cdc_DataIn)
    i.usbd_cdc_DataOut                       0x08003574   Section        0  usbd_cdc_core.o(i.usbd_cdc_DataOut)
    usbd_cdc_DataOut                         0x08003575   Thumb Code    48  usbd_cdc_core.o(i.usbd_cdc_DataOut)
    i.usbd_cdc_DeInit                        0x080035ac   Section        0  usbd_cdc_core.o(i.usbd_cdc_DeInit)
    usbd_cdc_DeInit                          0x080035ad   Thumb Code    40  usbd_cdc_core.o(i.usbd_cdc_DeInit)
    i.usbd_cdc_EP0_RxReady                   0x080035d8   Section        0  usbd_cdc_core.o(i.usbd_cdc_EP0_RxReady)
    usbd_cdc_EP0_RxReady                     0x080035d9   Thumb Code    38  usbd_cdc_core.o(i.usbd_cdc_EP0_RxReady)
    i.usbd_cdc_Init                          0x08003610   Section        0  usbd_cdc_core.o(i.usbd_cdc_Init)
    usbd_cdc_Init                            0x08003611   Thumb Code    74  usbd_cdc_core.o(i.usbd_cdc_Init)
    i.usbd_cdc_SOF                           0x08003668   Section        0  usbd_cdc_core.o(i.usbd_cdc_SOF)
    usbd_cdc_SOF                             0x08003669   Thumb Code    36  usbd_cdc_core.o(i.usbd_cdc_SOF)
    i.usbd_cdc_Setup                         0x08003690   Section        0  usbd_cdc_core.o(i.usbd_cdc_Setup)
    usbd_cdc_Setup                           0x08003691   Thumb Code   218  usbd_cdc_core.o(i.usbd_cdc_Setup)
    x$fpl$fpinit                             0x08003784   Section       10  fpinit.o(x$fpl$fpinit)
    $v0                                      0x08003784   Number         0  fpinit.o(x$fpl$fpinit)
    .data                                    0x20000000   Section        4  delay.o(.data)
    fac_us                                   0x20000000   Data           1  delay.o(.data)
    fac_ms                                   0x20000002   Data           2  delay.o(.data)
    .data                                    0x20000004   Section        6  usart.o(.data)
    .data                                    0x2000000a   Section       16  stm32f4xx_rcc.o(.data)
    APBAHBPrescTable                         0x2000000a   Data          16  stm32f4xx_rcc.o(.data)
    .data                                    0x2000001c   Section       52  usbd_core.o(.data)
    .data                                    0x20000050   Section       13  usbd_req.o(.data)
    cfgidx                                   0x2000005c   Data           1  usbd_req.o(.data)
    .data                                    0x20000060   Section      152  usbd_cdc_core.o(.data)
    usbd_cdc_AltSet                          0x20000060   Data           4  usbd_cdc_core.o(.data)
    cdcCmd                                   0x2000007c   Data           4  usbd_cdc_core.o(.data)
    cdcLen                                   0x20000080   Data           4  usbd_cdc_core.o(.data)
    FrameCount                               0x200000f4   Data           4  usbd_cdc_core.o(.data)
    .data                                    0x200000f8   Section       28  usbd_usr.o(.data)
    .data                                    0x20000114   Section       60  usbd_desc.o(.data)
    .data                                    0x20000150   Section       20  usbd_cdc_vcp.o(.data)
    .bss                                     0x20000164   Section     1524  main.o(.bss)
    .bss                                     0x20000758   Section      200  usart.o(.bss)
    .bss                                     0x20000820   Section      255  usbd_req.o(.bss)
    .bss                                     0x2000091f   Section     2179  usbd_cdc_core.o(.bss)
    .bss                                     0x200011a4   Section       16  usbd_cdc_vcp.o(.bss)
    .bss                                     0x200011b4   Section       96  libspace.o(.bss)
    HEAP                                     0x20001218   Section     1024  startup_stm32f40_41xxx.o(HEAP)
    Heap_Mem                                 0x20001218   Data        1024  startup_stm32f40_41xxx.o(HEAP)
    STACK                                    0x20001618   Section     1024  startup_stm32f40_41xxx.o(STACK)
    Stack_Mem                                0x20001618   Data        1024  startup_stm32f40_41xxx.o(STACK)
    __initial_sp                             0x20001a18   Data           0  startup_stm32f40_41xxx.o(STACK)

    Global Symbols

    Symbol Name                              Value     Ov Type        Size  Object(Section)

    BuildAttributes$$THM_ISAv4$E$P$D$K$B$S$7EM$VFPi3$EXTD16$VFPS$VFMA$PE$A:L22UL41UL21$X:L11$S22US41US21$IEEE1$IW$USESV6$~STKCKD$USESV7$~SHL$OSPACE$ROPI$EBA8$UX$STANDARDLIB$REQ8$PRES8$EABIv2 0x00000000   Number         0  anon$$obj.o ABSOLUTE
    __ARM_use_no_argv                        0x00000000   Number         0  main.o ABSOLUTE
    __ARM_exceptions_init                     - Undefined Weak Reference
    __alloca_initialize                       - Undefined Weak Reference
    __arm_fini_                               - Undefined Weak Reference
    __arm_preinit_                            - Undefined Weak Reference
    __cpp_initialize__aeabi_                  - Undefined Weak Reference
    __cxa_finalize                            - Undefined Weak Reference
    __rt_locale                               - Undefined Weak Reference
    __sigvec_lookup                           - Undefined Weak Reference
    _atexit_init                              - Undefined Weak Reference
    _call_atexit_fns                          - Undefined Weak Reference
    _clock_init                               - Undefined Weak Reference
    _fp_trap_init                             - Undefined Weak Reference
    _fp_trap_shutdown                         - Undefined Weak Reference
    _get_lc_collate                           - Undefined Weak Reference
    _get_lc_ctype                             - Undefined Weak Reference
    _get_lc_monetary                          - Undefined Weak Reference
    _get_lc_numeric                           - Undefined Weak Reference
    _get_lc_time                              - Undefined Weak Reference
    _getenv_init                              - Undefined Weak Reference
    _handle_redirection                       - Undefined Weak Reference
    _init_alloc                               - Undefined Weak Reference
    _init_user_alloc                          - Undefined Weak Reference
    _initio                                   - Undefined Weak Reference
    _mutex_acquire                            - Undefined Weak Reference
    _mutex_release                            - Undefined Weak Reference
    _rand_init                                - Undefined Weak Reference
    _signal_finish                            - Undefined Weak Reference
    _signal_init                              - Undefined Weak Reference
    _terminate_alloc                          - Undefined Weak Reference
    _terminate_user_alloc                     - Undefined Weak Reference
    _terminateio                              - Undefined Weak Reference
    __Vectors_Size                           0x00000188   Number         0  startup_stm32f40_41xxx.o ABSOLUTE
    __Vectors                                0x08000000   Data           4  startup_stm32f40_41xxx.o(RESET)
    __Vectors_End                            0x08000188   Data           0  startup_stm32f40_41xxx.o(RESET)
    __main                                   0x08000189   Thumb Code     8  __main.o(!!!main)
    __scatterload                            0x08000191   Thumb Code     0  __scatter.o(!!!scatter)
    __scatterload_rt2                        0x08000191   Thumb Code    44  __scatter.o(!!!scatter)
    __scatterload_rt2_thumb_only             0x08000191   Thumb Code     0  __scatter.o(!!!scatter)
    __scatterload_null                       0x0800019f   Thumb Code     0  __scatter.o(!!!scatter)
    __decompress                             0x080001c5   Thumb Code    90  __dczerorl2.o(!!dczerorl2)
    __decompress1                            0x080001c5   Thumb Code     0  __dczerorl2.o(!!dczerorl2)
    __scatterload_zeroinit                   0x08000221   Thumb Code    28  __scatter_zi.o(!!handler_zi)
    __rt_lib_init                            0x0800023d   Thumb Code     0  libinit.o(.ARM.Collect$$libinit$$00000000)
    __rt_lib_init_fp_1                       0x0800023f   Thumb Code     0  libinit2.o(.ARM.Collect$$libinit$$00000001)
    __rt_lib_init_alloca_1                   0x08000243   Thumb Code     0  libinit2.o(.ARM.Collect$$libinit$$0000002E)
    __rt_lib_init_argv_1                     0x08000243   Thumb Code     0  libinit2.o(.ARM.Collect$$libinit$$0000002C)
    __rt_lib_init_atexit_1                   0x08000243   Thumb Code     0  libinit2.o(.ARM.Collect$$libinit$$0000001B)
    __rt_lib_init_clock_1                    0x08000243   Thumb Code     0  libinit2.o(.ARM.Collect$$libinit$$00000021)
    __rt_lib_init_cpp_1                      0x08000243   Thumb Code     0  libinit2.o(.ARM.Collect$$libinit$$00000032)
    __rt_lib_init_exceptions_1               0x08000243   Thumb Code     0  libinit2.o(.ARM.Collect$$libinit$$00000030)
    __rt_lib_init_fp_trap_1                  0x08000243   Thumb Code     0  libinit2.o(.ARM.Collect$$libinit$$0000001F)
    __rt_lib_init_getenv_1                   0x08000243   Thumb Code     0  libinit2.o(.ARM.Collect$$libinit$$00000023)
    __rt_lib_init_heap_1                     0x08000243   Thumb Code     0  libinit2.o(.ARM.Collect$$libinit$$0000000A)
    __rt_lib_init_lc_collate_1               0x08000243   Thumb Code     0  libinit2.o(.ARM.Collect$$libinit$$00000011)
    __rt_lib_init_lc_ctype_1                 0x08000243   Thumb Code     0  libinit2.o(.ARM.Collect$$libinit$$00000013)
    __rt_lib_init_lc_monetary_1              0x08000243   Thumb Code     0  libinit2.o(.ARM.Collect$$libinit$$00000015)
    __rt_lib_init_lc_numeric_1               0x08000243   Thumb Code     0  libinit2.o(.ARM.Collect$$libinit$$00000017)
    __rt_lib_init_lc_time_1                  0x08000243   Thumb Code     0  libinit2.o(.ARM.Collect$$libinit$$00000019)
    __rt_lib_init_preinit_1                  0x08000243   Thumb Code     0  libinit2.o(.ARM.Collect$$libinit$$00000004)
    __rt_lib_init_rand_1                     0x08000243   Thumb Code     0  libinit2.o(.ARM.Collect$$libinit$$0000000E)
    __rt_lib_init_return                     0x08000243   Thumb Code     0  libinit2.o(.ARM.Collect$$libinit$$00000033)
    __rt_lib_init_signal_1                   0x08000243   Thumb Code     0  libinit2.o(.ARM.Collect$$libinit$$0000001D)
    __rt_lib_init_stdio_1                    0x08000243   Thumb Code     0  libinit2.o(.ARM.Collect$$libinit$$00000025)
    __rt_lib_init_user_alloc_1               0x08000243   Thumb Code     0  libinit2.o(.ARM.Collect$$libinit$$0000000C)
    __rt_lib_shutdown                        0x08000245   Thumb Code     0  libshutdown.o(.ARM.Collect$$libshutdown$$00000000)
    __rt_lib_shutdown_cpp_1                  0x08000247   Thumb Code     0  libshutdown2.o(.ARM.Collect$$libshutdown$$00000004)
    __rt_lib_shutdown_fini_1                 0x08000247   Thumb Code     0  libshutdown2.o(.ARM.Collect$$libshutdown$$00000002)
    __rt_lib_shutdown_fp_trap_1              0x08000247   Thumb Code     0  libshutdown2.o(.ARM.Collect$$libshutdown$$00000009)
    __rt_lib_shutdown_heap_1                 0x08000247   Thumb Code     0  libshutdown2.o(.ARM.Collect$$libshutdown$$00000011)
    __rt_lib_shutdown_return                 0x08000247   Thumb Code     0  libshutdown2.o(.ARM.Collect$$libshutdown$$00000012)
    __rt_lib_shutdown_signal_1               0x08000247   Thumb Code     0  libshutdown2.o(.ARM.Collect$$libshutdown$$0000000C)
    __rt_lib_shutdown_stdio_1                0x08000247   Thumb Code     0  libshutdown2.o(.ARM.Collect$$libshutdown$$00000006)
    __rt_lib_shutdown_user_alloc_1           0x08000247   Thumb Code     0  libshutdown2.o(.ARM.Collect$$libshutdown$$0000000E)
    __rt_entry                               0x08000249   Thumb Code     0  __rtentry.o(.ARM.Collect$$rtentry$$00000000)
    __rt_entry_presh_1                       0x08000249   Thumb Code     0  __rtentry2.o(.ARM.Collect$$rtentry$$00000002)
    __rt_entry_sh                            0x08000249   Thumb Code     0  __rtentry4.o(.ARM.Collect$$rtentry$$00000004)
    __rt_entry_li                            0x0800024f   Thumb Code     0  __rtentry2.o(.ARM.Collect$$rtentry$$0000000A)
    __rt_entry_postsh_1                      0x0800024f   Thumb Code     0  __rtentry2.o(.ARM.Collect$$rtentry$$00000009)
    __rt_entry_main                          0x08000253   Thumb Code     0  __rtentry2.o(.ARM.Collect$$rtentry$$0000000D)
    __rt_entry_postli_1                      0x08000253   Thumb Code     0  __rtentry2.o(.ARM.Collect$$rtentry$$0000000C)
    __rt_exit                                0x0800025b   Thumb Code     0  rtexit.o(.ARM.Collect$$rtexit$$00000000)
    __rt_exit_ls                             0x0800025d   Thumb Code     0  rtexit2.o(.ARM.Collect$$rtexit$$00000003)
    __rt_exit_prels_1                        0x0800025d   Thumb Code     0  rtexit2.o(.ARM.Collect$$rtexit$$00000002)
    __rt_exit_exit                           0x08000261   Thumb Code     0  rtexit2.o(.ARM.Collect$$rtexit$$00000004)
    Reset_Handler                            0x08000269   Thumb Code     8  startup_stm32f40_41xxx.o(.text)
    ADC_IRQHandler                           0x08000283   Thumb Code     0  startup_stm32f40_41xxx.o(.text)
    CAN1_RX0_IRQHandler                      0x08000283   Thumb Code     0  startup_stm32f40_41xxx.o(.text)
    CAN1_RX1_IRQHandler                      0x08000283   Thumb Code     0  startup_stm32f40_41xxx.o(.text)
    CAN1_SCE_IRQHandler                      0x08000283   Thumb Code     0  startup_stm32f40_41xxx.o(.text)
    CAN1_TX_IRQHandler                       0x08000283   Thumb Code     0  startup_stm32f40_41xxx.o(.text)
    CAN2_RX0_IRQHandler                      0x08000283   Thumb Code     0  startup_stm32f40_41xxx.o(.text)
    CAN2_RX1_IRQHandler                      0x08000283   Thumb Code     0  startup_stm32f40_41xxx.o(.text)
    CAN2_SCE_IRQHandler                      0x08000283   Thumb Code     0  startup_stm32f40_41xxx.o(.text)
    CAN2_TX_IRQHandler                       0x08000283   Thumb Code     0  startup_stm32f40_41xxx.o(.text)
    CRYP_IRQHandler                          0x08000283   Thumb Code     0  startup_stm32f40_41xxx.o(.text)
    DCMI_IRQHandler                          0x08000283   Thumb Code     0  startup_stm32f40_41xxx.o(.text)
    DMA1_Stream0_IRQHandler                  0x08000283   Thumb Code     0  startup_stm32f40_41xxx.o(.text)
    DMA1_Stream1_IRQHandler                  0x08000283   Thumb Code     0  startup_stm32f40_41xxx.o(.text)
    DMA1_Stream2_IRQHandler                  0x08000283   Thumb Code     0  startup_stm32f40_41xxx.o(.text)
    DMA1_Stream3_IRQHandler                  0x08000283   Thumb Code     0  startup_stm32f40_41xxx.o(.text)
    DMA1_Stream4_IRQHandler                  0x08000283   Thumb Code     0  startup_stm32f40_41xxx.o(.text)
    DMA1_Stream5_IRQHandler                  0x08000283   Thumb Code     0  startup_stm32f40_41xxx.o(.text)
    DMA1_Stream6_IRQHandler                  0x08000283   Thumb Code     0  startup_stm32f40_41xxx.o(.text)
    DMA1_Stream7_IRQHandler                  0x08000283   Thumb Code     0  startup_stm32f40_41xxx.o(.text)
    DMA2_Stream0_IRQHandler                  0x08000283   Thumb Code     0  startup_stm32f40_41xxx.o(.text)
    DMA2_Stream1_IRQHandler                  0x08000283   Thumb Code     0  startup_stm32f40_41xxx.o(.text)
    DMA2_Stream2_IRQHandler                  0x08000283   Thumb Code     0  startup_stm32f40_41xxx.o(.text)
    DMA2_Stream3_IRQHandler                  0x08000283   Thumb Code     0  startup_stm32f40_41xxx.o(.text)
    DMA2_Stream4_IRQHandler                  0x08000283   Thumb Code     0  startup_stm32f40_41xxx.o(.text)
    DMA2_Stream5_IRQHandler                  0x08000283   Thumb Code     0  startup_stm32f40_41xxx.o(.text)
    DMA2_Stream6_IRQHandler                  0x08000283   Thumb Code     0  startup_stm32f40_41xxx.o(.text)
    DMA2_Stream7_IRQHandler                  0x08000283   Thumb Code     0  startup_stm32f40_41xxx.o(.text)
    ETH_IRQHandler                           0x08000283   Thumb Code     0  startup_stm32f40_41xxx.o(.text)
    ETH_WKUP_IRQHandler                      0x08000283   Thumb Code     0  startup_stm32f40_41xxx.o(.text)
    EXTI0_IRQHandler                         0x08000283   Thumb Code     0  startup_stm32f40_41xxx.o(.text)
    EXTI15_10_IRQHandler                     0x08000283   Thumb Code     0  startup_stm32f40_41xxx.o(.text)
    EXTI1_IRQHandler                         0x08000283   Thumb Code     0  startup_stm32f40_41xxx.o(.text)
    EXTI2_IRQHandler                         0x08000283   Thumb Code     0  startup_stm32f40_41xxx.o(.text)
    EXTI3_IRQHandler                         0x08000283   Thumb Code     0  startup_stm32f40_41xxx.o(.text)
    EXTI4_IRQHandler                         0x08000283   Thumb Code     0  startup_stm32f40_41xxx.o(.text)
    EXTI9_5_IRQHandler                       0x08000283   Thumb Code     0  startup_stm32f40_41xxx.o(.text)
    FLASH_IRQHandler                         0x08000283   Thumb Code     0  startup_stm32f40_41xxx.o(.text)
    FPU_IRQHandler                           0x08000283   Thumb Code     0  startup_stm32f40_41xxx.o(.text)
    FSMC_IRQHandler                          0x08000283   Thumb Code     0  startup_stm32f40_41xxx.o(.text)
    HASH_RNG_IRQHandler                      0x08000283   Thumb Code     0  startup_stm32f40_41xxx.o(.text)
    I2C1_ER_IRQHandler                       0x08000283   Thumb Code     0  startup_stm32f40_41xxx.o(.text)
    I2C1_EV_IRQHandler                       0x08000283   Thumb Code     0  startup_stm32f40_41xxx.o(.text)
    I2C2_ER_IRQHandler                       0x08000283   Thumb Code     0  startup_stm32f40_41xxx.o(.text)
    I2C2_EV_IRQHandler                       0x08000283   Thumb Code     0  startup_stm32f40_41xxx.o(.text)
    I2C3_ER_IRQHandler                       0x08000283   Thumb Code     0  startup_stm32f40_41xxx.o(.text)
    I2C3_EV_IRQHandler                       0x08000283   Thumb Code     0  startup_stm32f40_41xxx.o(.text)
    OTG_FS_WKUP_IRQHandler                   0x08000283   Thumb Code     0  startup_stm32f40_41xxx.o(.text)
    OTG_HS_EP1_IN_IRQHandler                 0x08000283   Thumb Code     0  startup_stm32f40_41xxx.o(.text)
    OTG_HS_EP1_OUT_IRQHandler                0x08000283   Thumb Code     0  startup_stm32f40_41xxx.o(.text)
    OTG_HS_IRQHandler                        0x08000283   Thumb Code     0  startup_stm32f40_41xxx.o(.text)
    OTG_HS_WKUP_IRQHandler                   0x08000283   Thumb Code     0  startup_stm32f40_41xxx.o(.text)
    PVD_IRQHandler                           0x08000283   Thumb Code     0  startup_stm32f40_41xxx.o(.text)
    RCC_IRQHandler                           0x08000283   Thumb Code     0  startup_stm32f40_41xxx.o(.text)
    RTC_Alarm_IRQHandler                     0x08000283   Thumb Code     0  startup_stm32f40_41xxx.o(.text)
    RTC_WKUP_IRQHandler                      0x08000283   Thumb Code     0  startup_stm32f40_41xxx.o(.text)
    SDIO_IRQHandler                          0x08000283   Thumb Code     0  startup_stm32f40_41xxx.o(.text)
    SPI1_IRQHandler                          0x08000283   Thumb Code     0  startup_stm32f40_41xxx.o(.text)
    SPI2_IRQHandler                          0x08000283   Thumb Code     0  startup_stm32f40_41xxx.o(.text)
    SPI3_IRQHandler                          0x08000283   Thumb Code     0  startup_stm32f40_41xxx.o(.text)
    TAMP_STAMP_IRQHandler                    0x08000283   Thumb Code     0  startup_stm32f40_41xxx.o(.text)
    TIM1_BRK_TIM9_IRQHandler                 0x08000283   Thumb Code     0  startup_stm32f40_41xxx.o(.text)
    TIM1_CC_IRQHandler                       0x08000283   Thumb Code     0  startup_stm32f40_41xxx.o(.text)
    TIM1_TRG_COM_TIM11_IRQHandler            0x08000283   Thumb Code     0  startup_stm32f40_41xxx.o(.text)
    TIM1_UP_TIM10_IRQHandler                 0x08000283   Thumb Code     0  startup_stm32f40_41xxx.o(.text)
    TIM2_IRQHandler                          0x08000283   Thumb Code     0  startup_stm32f40_41xxx.o(.text)
    TIM3_IRQHandler                          0x08000283   Thumb Code     0  startup_stm32f40_41xxx.o(.text)
    TIM4_IRQHandler                          0x08000283   Thumb Code     0  startup_stm32f40_41xxx.o(.text)
    TIM5_IRQHandler                          0x08000283   Thumb Code     0  startup_stm32f40_41xxx.o(.text)
    TIM6_DAC_IRQHandler                      0x08000283   Thumb Code     0  startup_stm32f40_41xxx.o(.text)
    TIM7_IRQHandler                          0x08000283   Thumb Code     0  startup_stm32f40_41xxx.o(.text)
    TIM8_BRK_TIM12_IRQHandler                0x08000283   Thumb Code     0  startup_stm32f40_41xxx.o(.text)
    TIM8_CC_IRQHandler                       0x08000283   Thumb Code     0  startup_stm32f40_41xxx.o(.text)
    TIM8_TRG_COM_TIM14_IRQHandler            0x08000283   Thumb Code     0  startup_stm32f40_41xxx.o(.text)
    TIM8_UP_TIM13_IRQHandler                 0x08000283   Thumb Code     0  startup_stm32f40_41xxx.o(.text)
    UART4_IRQHandler                         0x08000283   Thumb Code     0  startup_stm32f40_41xxx.o(.text)
    UART5_IRQHandler                         0x08000283   Thumb Code     0  startup_stm32f40_41xxx.o(.text)
    USART2_IRQHandler                        0x08000283   Thumb Code     0  startup_stm32f40_41xxx.o(.text)
    USART6_IRQHandler                        0x08000283   Thumb Code     0  startup_stm32f40_41xxx.o(.text)
    WWDG_IRQHandler                          0x08000283   Thumb Code     0  startup_stm32f40_41xxx.o(.text)
    __user_initial_stackheap                 0x08000285   Thumb Code     0  startup_stm32f40_41xxx.o(.text)
    __use_no_semihosting                     0x080002a9   Thumb Code     2  use_no_semi_2.o(.text)
    __2printf                                0x080002ad   Thumb Code    20  noretval__2printf.o(.text)
    __use_two_region_memory                  0x080002c5   Thumb Code     2  heapauxi.o(.text)
    __rt_heap_escrow$2region                 0x080002c7   Thumb Code     2  heapauxi.o(.text)
    __rt_heap_expand$2region                 0x080002c9   Thumb Code     2  heapauxi.o(.text)
    __I$use$semihosting                      0x080002cb   Thumb Code     0  use_no_semi.o(.text)
    __use_no_semihosting_swi                 0x080002cb   Thumb Code     2  use_no_semi.o(.text)
    _printf_char_file                        0x080002cd   Thumb Code    32  _printf_char_file.o(.text)
    _printf_char_common                      0x080002fb   Thumb Code    32  _printf_char_common.o(.text)
    ferror                                   0x08000321   Thumb Code     8  ferror.o(.text)
    __user_setup_stackheap                   0x08000329   Thumb Code    74  sys_stackheap_outer.o(.text)
    __printf                                 0x08000373   Thumb Code    40  __printf_nopercent.o(.text)
    exit                                     0x0800039b   Thumb Code    18  exit.o(.text)
    __user_libspace                          0x080003ad   Thumb Code     8  libspace.o(.text)
    __user_perproc_libspace                  0x080003ad   Thumb Code     0  libspace.o(.text)
    __user_perthread_libspace                0x080003ad   Thumb Code     0  libspace.o(.text)
    BusFault_Handler                         0x080003b5   Thumb Code     4  stm32f4xx_it.o(i.BusFault_Handler)
    DCD_EP_Close                             0x080003b9   Thumb Code    74  usb_dcd.o(i.DCD_EP_Close)
    DCD_EP_ClrStall                          0x08000403   Thumb Code    72  usb_dcd.o(i.DCD_EP_ClrStall)
    DCD_EP_Open                              0x0800044b   Thumb Code   104  usb_dcd.o(i.DCD_EP_Open)
    DCD_EP_PrepareRx                         0x080004b3   Thumb Code    82  usb_dcd.o(i.DCD_EP_PrepareRx)
    DCD_EP_SetAddress                        0x08000505   Thumb Code    28  usb_dcd.o(i.DCD_EP_SetAddress)
    DCD_EP_Stall                             0x08000521   Thumb Code    72  usb_dcd.o(i.DCD_EP_Stall)
    DCD_EP_Tx                                0x08000569   Thumb Code    78  usb_dcd.o(i.DCD_EP_Tx)
    DCD_Init                                 0x08000b51   Thumb Code   156  usb_dcd.o(i.DCD_Init)
    DebugMon_Handler                         0x08000cfd   Thumb Code     2  stm32f4xx_it.o(i.DebugMon_Handler)
    GPIO_Init                                0x08000cff   Thumb Code   144  stm32f4xx_gpio.o(i.GPIO_Init)
    GPIO_PinAFConfig                         0x08000d8f   Thumb Code    70  stm32f4xx_gpio.o(i.GPIO_PinAFConfig)
    GPIO_SetBits                             0x08000dd5   Thumb Code     4  stm32f4xx_gpio.o(i.GPIO_SetBits)
    HardFault_Handler                        0x08000ea5   Thumb Code     4  stm32f4xx_it.o(i.HardFault_Handler)
    LED_Init                                 0x08000ea9   Thumb Code    60  led.o(i.LED_Init)
    MemManage_Handler                        0x08000ee9   Thumb Code     4  stm32f4xx_it.o(i.MemManage_Handler)
    NMI_Handler                              0x08000eed   Thumb Code     2  stm32f4xx_it.o(i.NMI_Handler)
    NVIC_Init                                0x08000ef1   Thumb Code   106  misc.o(i.NVIC_Init)
    NVIC_PriorityGroupConfig                 0x08000f69   Thumb Code    10  misc.o(i.NVIC_PriorityGroupConfig)
    OTG_FS_IRQHandler                        0x08000f7d   Thumb Code    10  stm32f4xx_it.o(i.OTG_FS_IRQHandler)
    PendSV_Handler                           0x08000f8d   Thumb Code     2  stm32f4xx_it.o(i.PendSV_Handler)
    RCC_AHB1PeriphClockCmd                   0x08000f91   Thumb Code    26  stm32f4xx_rcc.o(i.RCC_AHB1PeriphClockCmd)
    RCC_AHB2PeriphClockCmd                   0x08000fb1   Thumb Code    26  stm32f4xx_rcc.o(i.RCC_AHB2PeriphClockCmd)
    RCC_APB1PeriphClockCmd                   0x08000fd1   Thumb Code    26  stm32f4xx_rcc.o(i.RCC_APB1PeriphClockCmd)
    RCC_APB2PeriphClockCmd                   0x08000ff1   Thumb Code    26  stm32f4xx_rcc.o(i.RCC_APB2PeriphClockCmd)
    RCC_GetClocksFreq                        0x08001011   Thumb Code   214  stm32f4xx_rcc.o(i.RCC_GetClocksFreq)
    SVC_Handler                              0x080010f9   Thumb Code     2  stm32f4xx_it.o(i.SVC_Handler)
    SysTick_CLKSourceConfig                  0x080011e9   Thumb Code    40  misc.o(i.SysTick_CLKSourceConfig)
    SysTick_Handler                          0x08001211   Thumb Code     2  stm32f4xx_it.o(i.SysTick_Handler)
    SystemInit                               0x08001215   Thumb Code    88  system_stm32f4xx.o(i.SystemInit)
    USART1_IRQHandler                        0x0800127d   Thumb Code   122  usart.o(i.USART1_IRQHandler)
    USART3_IRQHandler                        0x08001305   Thumb Code    40  usbd_cdc_vcp.o(i.USART3_IRQHandler)
    USART_Cmd                                0x08001331   Thumb Code    24  stm32f4xx_usart.o(i.USART_Cmd)
    USART_GetFlagStatus                      0x08001349   Thumb Code    26  stm32f4xx_usart.o(i.USART_GetFlagStatus)
    USART_GetITStatus                        0x08001363   Thumb Code    84  stm32f4xx_usart.o(i.USART_GetITStatus)
    USART_ITConfig                           0x080013b7   Thumb Code    74  stm32f4xx_usart.o(i.USART_ITConfig)
    USART_Init                               0x08001401   Thumb Code   204  stm32f4xx_usart.o(i.USART_Init)
    USART_ReceiveData                        0x080014d5   Thumb Code    10  stm32f4xx_usart.o(i.USART_ReceiveData)
    USBD_ClrCfg                              0x080014df   Thumb Code    22  usbd_core.o(i.USBD_ClrCfg)
    USBD_CtlContinueRx                       0x0800153d   Thumb Code    30  usbd_ioreq.o(i.USBD_CtlContinueRx)
    USBD_CtlContinueSendData                 0x0800155b   Thumb Code    30  usbd_ioreq.o(i.USBD_CtlContinueSendData)
    USBD_CtlError                            0x08001579   Thumb Code    30  usbd_req.o(i.USBD_CtlError)
    USBD_CtlPrepareRx                        0x08001597   Thumb Code    46  usbd_ioreq.o(i.USBD_CtlPrepareRx)
    USBD_CtlReceiveStatus                    0x080015c5   Thumb Code    36  usbd_ioreq.o(i.USBD_CtlReceiveStatus)
    USBD_CtlSendData                         0x080015e9   Thumb Code    46  usbd_ioreq.o(i.USBD_CtlSendData)
    USBD_CtlSendStatus                       0x08001617   Thumb Code    36  usbd_ioreq.o(i.USBD_CtlSendStatus)
    USBD_DeInit                              0x080017a1   Thumb Code     6  usbd_core.o(i.USBD_DeInit)
    USBD_GetString                           0x08001985   Thumb Code    82  usbd_req.o(i.USBD_GetString)
    USBD_Init                                0x080019d7   Thumb Code    66  usbd_core.o(i.USBD_Init)
    USBD_OTG_ISR_Handler                     0x08001a3d   Thumb Code   224  usb_dcd_int.o(i.USBD_OTG_ISR_Handler)
    USBD_ParseSetupRequest                   0x08001b1d   Thumb Code    72  usbd_req.o(i.USBD_ParseSetupRequest)
    USBD_SetCfg                              0x08001c3f   Thumb Code    30  usbd_core.o(i.USBD_SetCfg)
    USBD_StdDevReq                           0x08001e25   Thumb Code   114  usbd_req.o(i.USBD_StdDevReq)
    USBD_StdEPReq                            0x08001e99   Thumb Code   344  usbd_req.o(i.USBD_StdEPReq)
    USBD_StdItfReq                           0x08001ff5   Thumb Code    76  usbd_req.o(i.USBD_StdItfReq)
    USBD_USR_ConfigStrDescriptor             0x08002061   Thumb Code    34  usbd_desc.o(i.USBD_USR_ConfigStrDescriptor)
    USBD_USR_DeviceConfigured                0x08002095   Thumb Code    10  usbd_usr.o(i.USBD_USR_DeviceConfigured)
    USBD_USR_DeviceConnected                 0x080020c1   Thumb Code    10  usbd_usr.o(i.USBD_USR_DeviceConnected)
    USBD_USR_DeviceDescriptor                0x080020e9   Thumb Code    10  usbd_desc.o(i.USBD_USR_DeviceDescriptor)
    USBD_USR_DeviceDisconnected              0x080020f9   Thumb Code    10  usbd_usr.o(i.USBD_USR_DeviceDisconnected)
    USBD_USR_DeviceReset                     0x08002121   Thumb Code    40  usbd_usr.o(i.USBD_USR_DeviceReset)
    USBD_USR_DeviceResumed                   0x080021b5   Thumb Code    10  usbd_usr.o(i.USBD_USR_DeviceResumed)
    USBD_USR_DeviceSuspended                 0x080021dd   Thumb Code    10  usbd_usr.o(i.USBD_USR_DeviceSuspended)
    USBD_USR_Init                            0x08002209   Thumb Code    10  usbd_usr.o(i.USBD_USR_Init)
    USBD_USR_InterfaceStrDescriptor          0x0800222d   Thumb Code    34  usbd_desc.o(i.USBD_USR_InterfaceStrDescriptor)
    USBD_USR_LangIDStrDescriptor             0x08002265   Thumb Code    10  usbd_desc.o(i.USBD_USR_LangIDStrDescriptor)
    USBD_USR_ManufacturerStrDescriptor       0x08002275   Thumb Code    20  usbd_desc.o(i.USBD_USR_ManufacturerStrDescriptor)
    USBD_USR_ProductStrDescriptor            0x080022a1   Thumb Code    34  usbd_desc.o(i.USBD_USR_ProductStrDescriptor)
    USBD_USR_SerialStrDescriptor             0x08002311   Thumb Code    34  usbd_desc.o(i.USBD_USR_SerialStrDescriptor)
    USB_OTG_BSP_EnableInterrupt              0x08002369   Thumb Code    36  usb_bsp.o(i.USB_OTG_BSP_EnableInterrupt)
    USB_OTG_BSP_Init                         0x0800238d   Thumb Code   112  usb_bsp.o(i.USB_OTG_BSP_Init)
    USB_OTG_BSP_mDelay                       0x08002405   Thumb Code    12  usb_bsp.o(i.USB_OTG_BSP_mDelay)
    USB_OTG_BSP_uDelay                       0x08002411   Thumb Code    12  usb_bsp.o(i.USB_OTG_BSP_uDelay)
    USB_OTG_CoreInit                         0x0800241d   Thumb Code   294  usb_core.o(i.USB_OTG_CoreInit)
    USB_OTG_CoreInitDev                      0x08002543   Thumb Code   522  usb_core.o(i.USB_OTG_CoreInitDev)
    USB_OTG_DisableGlobalInt                 0x080027bd   Thumb Code    34  usb_core.o(i.USB_OTG_DisableGlobalInt)
    USB_OTG_EP0Activate                      0x080027df   Thumb Code   106  usb_core.o(i.USB_OTG_EP0Activate)
    USB_OTG_EP0StartXfer                     0x08002849   Thumb Code   342  usb_core.o(i.USB_OTG_EP0StartXfer)
    USB_OTG_EP0_OutStart                     0x0800299f   Thumb Code    98  usb_core.o(i.USB_OTG_EP0_OutStart)
    USB_OTG_EPActivate                       0x08002a01   Thumb Code   152  usb_core.o(i.USB_OTG_EPActivate)
    USB_OTG_EPClearStall                     0x08002a99   Thumb Code    80  usb_core.o(i.USB_OTG_EPClearStall)
    USB_OTG_EPDeactivate                     0x08002ae9   Thumb Code    94  usb_core.o(i.USB_OTG_EPDeactivate)
    USB_OTG_EPSetStall                       0x08002b47   Thumb Code   100  usb_core.o(i.USB_OTG_EPSetStall)
    USB_OTG_EPStartXfer                      0x08002bab   Thumb Code   502  usb_core.o(i.USB_OTG_EPStartXfer)
    USB_OTG_EnableDevInt                     0x08002dd5   Thumb Code   154  usb_core.o(i.USB_OTG_EnableDevInt)
    USB_OTG_EnableGlobalInt                  0x08002e6f   Thumb Code    34  usb_core.o(i.USB_OTG_EnableGlobalInt)
    USB_OTG_FlushRxFifo                      0x08002e91   Thumb Code    70  usb_core.o(i.USB_OTG_FlushRxFifo)
    USB_OTG_FlushTxFifo                      0x08002edd   Thumb Code    80  usb_core.o(i.USB_OTG_FlushTxFifo)
    USB_OTG_GetDeviceSpeed                   0x08002f31   Thumb Code    52  usb_core.o(i.USB_OTG_GetDeviceSpeed)
    USB_OTG_GetMode                          0x08002f65   Thumb Code    12  usb_core.o(i.USB_OTG_GetMode)
    USB_OTG_InitDevSpeed                     0x08002f71   Thumb Code    24  usb_core.o(i.USB_OTG_InitDevSpeed)
    USB_OTG_IsDeviceMode                     0x08002f89   Thumb Code    22  usb_core.o(i.USB_OTG_IsDeviceMode)
    USB_OTG_ReadCoreItr                      0x08002f9f   Thumb Code    16  usb_core.o(i.USB_OTG_ReadCoreItr)
    USB_OTG_ReadDevAllInEPItr                0x08002faf   Thumb Code    16  usb_core.o(i.USB_OTG_ReadDevAllInEPItr)
    USB_OTG_ReadDevAllOutEp_itr              0x08002fbf   Thumb Code    16  usb_core.o(i.USB_OTG_ReadDevAllOutEp_itr)
    USB_OTG_ReadDevOutEP_itr                 0x08002fcf   Thumb Code    20  usb_core.o(i.USB_OTG_ReadDevOutEP_itr)
    USB_OTG_ReadPacket                       0x08002fe3   Thumb Code    40  usb_core.o(i.USB_OTG_ReadPacket)
    USB_OTG_SelectCore                       0x0800300d   Thumb Code   204  usb_core.o(i.USB_OTG_SelectCore)
    USB_OTG_SetCurrentMode                   0x080030dd   Thumb Code    78  usb_core.o(i.USB_OTG_SetCurrentMode)
    USB_OTG_WritePacket                      0x0800312b   Thumb Code    64  usb_core.o(i.USB_OTG_WritePacket)
    UsageFault_Handler                       0x0800316b   Thumb Code     4  stm32f4xx_it.o(i.UsageFault_Handler)
    _sys_exit                                0x080032b1   Thumb Code     6  usart.o(i._sys_exit)
    delay_init                               0x080032b9   Thumb Code    52  delay.o(i.delay_init)
    delay_ms                                 0x080032f5   Thumb Code    56  delay.o(i.delay_ms)
    delay_us                                 0x0800332d   Thumb Code    72  delay.o(i.delay_us)
    delay_xms                                0x08003379   Thumb Code    72  delay.o(i.delay_xms)
    fputc                                    0x080033c5   Thumb Code    22  usart.o(i.fputc)
    main                                     0x080033e1   Thumb Code    74  main.o(i.main)
    uart_init                                0x08003441   Thumb Code   164  usart.o(i.uart_init)
    _fp_init                                 0x08003785   Thumb Code    10  fpinit.o(x$fpl$fpinit)
    __fplib_config_fpu_vfp                   0x0800378d   Thumb Code     0  fpinit.o(x$fpl$fpinit)
    __fplib_config_pureend_doubles           0x0800378d   Thumb Code     0  fpinit.o(x$fpl$fpinit)
    Region$$Table$$Base                      0x08003790   Number         0  anon$$obj.o(Region$$Table)
    Region$$Table$$Limit                     0x080037b0   Number         0  anon$$obj.o(Region$$Table)
    __stdout                                 0x20000004   Data           4  usart.o(.data)
    USART_RX_STA                             0x20000008   Data           2  usart.o(.data)
    SET_TEST_MODE                            0x2000001c   Data           4  usbd_core.o(.data)
    USBD_DCD_INT_cb                          0x20000020   Data          44  usbd_core.o(.data)
    USBD_DCD_INT_fops                        0x2000004c   Data           4  usbd_core.o(.data)
    USBD_ep_status                           0x20000050   Data           4  usbd_req.o(.data)
    USBD_default_cfg                         0x20000054   Data           4  usbd_req.o(.data)
    USBD_cfg_status                          0x20000058   Data           4  usbd_req.o(.data)
    CmdBuff                                  0x20000064   Data           8  usbd_cdc_core.o(.data)
    APP_Rx_ptr_in                            0x2000006c   Data           4  usbd_cdc_core.o(.data)
    APP_Rx_ptr_out                           0x20000070   Data           4  usbd_cdc_core.o(.data)
    APP_Rx_length                            0x20000074   Data           4  usbd_cdc_core.o(.data)
    USB_Tx_State                             0x20000078   Data           1  usbd_cdc_core.o(.data)
    USBD_CDC_cb                              0x20000084   Data          44  usbd_cdc_core.o(.data)
    usbd_cdc_CfgDesc                         0x200000b0   Data          67  usbd_cdc_core.o(.data)
    USR_cb                                   0x200000f8   Data          28  usbd_usr.o(.data)
    USR_desc                                 0x20000114   Data          28  usbd_desc.o(.data)
    USBD_DeviceDesc                          0x20000130   Data          18  usbd_desc.o(.data)
    USBD_DeviceQualifierDesc                 0x20000142   Data          10  usbd_desc.o(.data)
    USBD_LangIDDesc                          0x2000014c   Data           4  usbd_desc.o(.data)
    VCP_fops                                 0x20000150   Data          20  usbd_cdc_vcp.o(.data)
    USB_OTG_dev                              0x20000164   Data        1524  main.o(.bss)
    USART_RX_BUF                             0x20000758   Data         200  usart.o(.bss)
    USBD_StrDesc                             0x20000820   Data         255  usbd_req.o(.bss)
    usbd_cdc_OtherCfgDesc                    0x2000091f   Data          67  usbd_cdc_core.o(.bss)
    USB_Rx_Buffer                            0x20000962   Data          64  usbd_cdc_core.o(.bss)
    APP_Rx_Buffer                            0x200009a2   Data        2048  usbd_cdc_core.o(.bss)
    USART_InitStructure                      0x200011a4   Data          16  usbd_cdc_vcp.o(.bss)
    __libspace_start                         0x200011b4   Data          96  libspace.o(.bss)
    __temporary_stack_top$libspace           0x20001214   Data           0  libspace.o(.bss)



==============================================================================

Memory Map of the image

  Image Entry point : 0x08000189

  Load Region LR_IROM1 (Base: 0x08000000, Size: 0x00003914, Max: 0x00100000, ABSOLUTE, COMPRESSED[0x00003894])

    Execution Region ER_IROM1 (Exec base: 0x08000000, Load base: 0x08000000, Size: 0x000037b0, Max: 0x00100000, ABSOLUTE)

    Exec Addr    Load Addr    Size         Type   Attr      Idx    E Section Name        Object

    0x08000000   0x08000000   0x00000188   Data   RO          513    RESET               startup_stm32f40_41xxx.o
    0x08000188   0x08000188   0x00000008   Code   RO         2216  * !!!main             c_w.l(__main.o)
    0x08000190   0x08000190   0x00000034   Code   RO         2385    !!!scatter          c_w.l(__scatter.o)
    0x080001c4   0x080001c4   0x0000005a   Code   RO         2383    !!dczerorl2         c_w.l(__dczerorl2.o)
    0x0800021e   0x0800021e   0x00000002   PAD
    0x08000220   0x08000220   0x0000001c   Code   RO         2387    !!handler_zi        c_w.l(__scatter_zi.o)
    0x0800023c   0x0800023c   0x00000002   Code   RO         2255    .ARM.Collect$$libinit$$00000000  c_w.l(libinit.o)
    0x0800023e   0x0800023e   0x00000004   Code   RO         2261    .ARM.Collect$$libinit$$00000001  c_w.l(libinit2.o)
    0x08000242   0x08000242   0x00000000   Code   RO         2264    .ARM.Collect$$libinit$$00000004  c_w.l(libinit2.o)
    0x08000242   0x08000242   0x00000000   Code   RO         2267    .ARM.Collect$$libinit$$0000000A  c_w.l(libinit2.o)
    0x08000242   0x08000242   0x00000000   Code   RO         2269    .ARM.Collect$$libinit$$0000000C  c_w.l(libinit2.o)
    0x08000242   0x08000242   0x00000000   Code   RO         2271    .ARM.Collect$$libinit$$0000000E  c_w.l(libinit2.o)
    0x08000242   0x08000242   0x00000000   Code   RO         2274    .ARM.Collect$$libinit$$00000011  c_w.l(libinit2.o)
    0x08000242   0x08000242   0x00000000   Code   RO         2276    .ARM.Collect$$libinit$$00000013  c_w.l(libinit2.o)
    0x08000242   0x08000242   0x00000000   Code   RO         2278    .ARM.Collect$$libinit$$00000015  c_w.l(libinit2.o)
    0x08000242   0x08000242   0x00000000   Code   RO         2280    .ARM.Collect$$libinit$$00000017  c_w.l(libinit2.o)
    0x08000242   0x08000242   0x00000000   Code   RO         2282    .ARM.Collect$$libinit$$00000019  c_w.l(libinit2.o)
    0x08000242   0x08000242   0x00000000   Code   RO         2284    .ARM.Collect$$libinit$$0000001B  c_w.l(libinit2.o)
    0x08000242   0x08000242   0x00000000   Code   RO         2286    .ARM.Collect$$libinit$$0000001D  c_w.l(libinit2.o)
    0x08000242   0x08000242   0x00000000   Code   RO         2288    .ARM.Collect$$libinit$$0000001F  c_w.l(libinit2.o)
    0x08000242   0x08000242   0x00000000   Code   RO         2290    .ARM.Collect$$libinit$$00000021  c_w.l(libinit2.o)
    0x08000242   0x08000242   0x00000000   Code   RO         2292    .ARM.Collect$$libinit$$00000023  c_w.l(libinit2.o)
    0x08000242   0x08000242   0x00000000   Code   RO         2294    .ARM.Collect$$libinit$$00000025  c_w.l(libinit2.o)
    0x08000242   0x08000242   0x00000000   Code   RO         2298    .ARM.Collect$$libinit$$0000002C  c_w.l(libinit2.o)
    0x08000242   0x08000242   0x00000000   Code   RO         2300    .ARM.Collect$$libinit$$0000002E  c_w.l(libinit2.o)
    0x08000242   0x08000242   0x00000000   Code   RO         2302    .ARM.Collect$$libinit$$00000030  c_w.l(libinit2.o)
    0x08000242   0x08000242   0x00000000   Code   RO         2304    .ARM.Collect$$libinit$$00000032  c_w.l(libinit2.o)
    0x08000242   0x08000242   0x00000002   Code   RO         2305    .ARM.Collect$$libinit$$00000033  c_w.l(libinit2.o)
    0x08000244   0x08000244   0x00000002   Code   RO         2323    .ARM.Collect$$libshutdown$$00000000  c_w.l(libshutdown.o)
    0x08000246   0x08000246   0x00000000   Code   RO         2333    .ARM.Collect$$libshutdown$$00000002  c_w.l(libshutdown2.o)
    0x08000246   0x08000246   0x00000000   Code   RO         2335    .ARM.Collect$$libshutdown$$00000004  c_w.l(libshutdown2.o)
    0x08000246   0x08000246   0x00000000   Code   RO         2337    .ARM.Collect$$libshutdown$$00000006  c_w.l(libshutdown2.o)
    0x08000246   0x08000246   0x00000000   Code   RO         2340    .ARM.Collect$$libshutdown$$00000009  c_w.l(libshutdown2.o)
    0x08000246   0x08000246   0x00000000   Code   RO         2343    .ARM.Collect$$libshutdown$$0000000C  c_w.l(libshutdown2.o)
    0x08000246   0x08000246   0x00000000   Code   RO         2345    .ARM.Collect$$libshutdown$$0000000E  c_w.l(libshutdown2.o)
    0x08000246   0x08000246   0x00000000   Code   RO         2348    .ARM.Collect$$libshutdown$$00000011  c_w.l(libshutdown2.o)
    0x08000246   0x08000246   0x00000002   Code   RO         2349    .ARM.Collect$$libshutdown$$00000012  c_w.l(libshutdown2.o)
    0x08000248   0x08000248   0x00000000   Code   RO         2220    .ARM.Collect$$rtentry$$00000000  c_w.l(__rtentry.o)
    0x08000248   0x08000248   0x00000000   Code   RO         2224    .ARM.Collect$$rtentry$$00000002  c_w.l(__rtentry2.o)
    0x08000248   0x08000248   0x00000006   Code   RO         2236    .ARM.Collect$$rtentry$$00000004  c_w.l(__rtentry4.o)
    0x0800024e   0x0800024e   0x00000000   Code   RO         2226    .ARM.Collect$$rtentry$$00000009  c_w.l(__rtentry2.o)
    0x0800024e   0x0800024e   0x00000004   Code   RO         2227    .ARM.Collect$$rtentry$$0000000A  c_w.l(__rtentry2.o)
    0x08000252   0x08000252   0x00000000   Code   RO         2229    .ARM.Collect$$rtentry$$0000000C  c_w.l(__rtentry2.o)
    0x08000252   0x08000252   0x00000008   Code   RO         2230    .ARM.Collect$$rtentry$$0000000D  c_w.l(__rtentry2.o)
    0x0800025a   0x0800025a   0x00000002   Code   RO         2259    .ARM.Collect$$rtexit$$00000000  c_w.l(rtexit.o)
    0x0800025c   0x0800025c   0x00000000   Code   RO         2307    .ARM.Collect$$rtexit$$00000002  c_w.l(rtexit2.o)
    0x0800025c   0x0800025c   0x00000004   Code   RO         2308    .ARM.Collect$$rtexit$$00000003  c_w.l(rtexit2.o)
    0x08000260   0x08000260   0x00000006   Code   RO         2309    .ARM.Collect$$rtexit$$00000004  c_w.l(rtexit2.o)
    0x08000266   0x08000266   0x00000002   PAD
    0x08000268   0x08000268   0x00000040   Code   RO          514    .text               startup_stm32f40_41xxx.o
    0x080002a8   0x080002a8   0x00000002   Code   RO         2208    .text               c_w.l(use_no_semi_2.o)
    0x080002aa   0x080002aa   0x00000002   PAD
    0x080002ac   0x080002ac   0x00000018   Code   RO         2212    .text               c_w.l(noretval__2printf.o)
    0x080002c4   0x080002c4   0x00000006   Code   RO         2214    .text               c_w.l(heapauxi.o)
    0x080002ca   0x080002ca   0x00000002   Code   RO         2218    .text               c_w.l(use_no_semi.o)
    0x080002cc   0x080002cc   0x00000024   Code   RO         2221    .text               c_w.l(_printf_char_file.o)
    0x080002f0   0x080002f0   0x00000030   Code   RO         2238    .text               c_w.l(_printf_char_common.o)
    0x08000320   0x08000320   0x00000008   Code   RO         2240    .text               c_w.l(ferror.o)
    0x08000328   0x08000328   0x0000004a   Code   RO         2244    .text               c_w.l(sys_stackheap_outer.o)
    0x08000372   0x08000372   0x00000028   Code   RO         2246    .text               c_w.l(__printf_nopercent.o)
    0x0800039a   0x0800039a   0x00000012   Code   RO         2248    .text               c_w.l(exit.o)
    0x080003ac   0x080003ac   0x00000008   Code   RO         2256    .text               c_w.l(libspace.o)
    0x080003b4   0x080003b4   0x00000004   Code   RO          195    i.BusFault_Handler  stm32f4xx_it.o
    0x080003b8   0x080003b8   0x0000004a   Code   RO         1473    i.DCD_EP_Close      usb_dcd.o
    0x08000402   0x08000402   0x00000048   Code   RO         1474    i.DCD_EP_ClrStall   usb_dcd.o
    0x0800044a   0x0800044a   0x00000068   Code   RO         1476    i.DCD_EP_Open       usb_dcd.o
    0x080004b2   0x080004b2   0x00000052   Code   RO         1477    i.DCD_EP_PrepareRx  usb_dcd.o
    0x08000504   0x08000504   0x0000001c   Code   RO         1478    i.DCD_EP_SetAddress  usb_dcd.o
    0x08000520   0x08000520   0x00000048   Code   RO         1479    i.DCD_EP_Stall      usb_dcd.o
    0x08000568   0x08000568   0x0000004e   Code   RO         1480    i.DCD_EP_Tx         usb_dcd.o
    0x080005b6   0x080005b6   0x00000066   Code   RO         1563    i.DCD_HandleEnumDone_ISR  usb_dcd_int.o
    0x0800061c   0x0800061c   0x00000144   Code   RO         1564    i.DCD_HandleInEP_ISR  usb_dcd_int.o
    0x08000760   0x08000760   0x00000100   Code   RO         1565    i.DCD_HandleOutEP_ISR  usb_dcd_int.o
    0x08000860   0x08000860   0x00000068   Code   RO         1566    i.DCD_HandleResume_ISR  usb_dcd_int.o
    0x080008c8   0x080008c8   0x000000b0   Code   RO         1567    i.DCD_HandleRxStatusQueueLevel_ISR  usb_dcd_int.o
    0x08000978   0x08000978   0x0000002c   Code   RO         1568    i.DCD_HandleSof_ISR  usb_dcd_int.o
    0x080009a4   0x080009a4   0x000000a8   Code   RO         1569    i.DCD_HandleUSBSuspend_ISR  usb_dcd_int.o
    0x08000a4c   0x08000a4c   0x00000104   Code   RO         1570    i.DCD_HandleUsbReset_ISR  usb_dcd_int.o
    0x08000b50   0x08000b50   0x0000009c   Code   RO         1482    i.DCD_Init          usb_dcd.o
    0x08000bec   0x08000bec   0x0000002c   Code   RO         1571    i.DCD_IsoINIncomplete_ISR  usb_dcd_int.o
    0x08000c18   0x08000c18   0x0000002c   Code   RO         1572    i.DCD_IsoOUTIncomplete_ISR  usb_dcd_int.o
    0x08000c44   0x08000c44   0x00000028   Code   RO         1573    i.DCD_ReadDevInEP   usb_dcd_int.o
    0x08000c6c   0x08000c6c   0x00000090   Code   RO         1574    i.DCD_WriteEmptyTxFifo  usb_dcd_int.o
    0x08000cfc   0x08000cfc   0x00000002   Code   RO          196    i.DebugMon_Handler  stm32f4xx_it.o
    0x08000cfe   0x08000cfe   0x00000090   Code   RO          565    i.GPIO_Init         stm32f4xx_gpio.o
    0x08000d8e   0x08000d8e   0x00000046   Code   RO          566    i.GPIO_PinAFConfig  stm32f4xx_gpio.o
    0x08000dd4   0x08000dd4   0x00000004   Code   RO          573    i.GPIO_SetBits      stm32f4xx_gpio.o
    0x08000dd8   0x08000dd8   0x000000cc   Code   RO         1899    i.Handle_USBAsynchXfer  usbd_cdc_core.o
    0x08000ea4   0x08000ea4   0x00000004   Code   RO          197    i.HardFault_Handler  stm32f4xx_it.o
    0x08000ea8   0x08000ea8   0x00000040   Code   RO          339    i.LED_Init          led.o
    0x08000ee8   0x08000ee8   0x00000004   Code   RO          198    i.MemManage_Handler  stm32f4xx_it.o
    0x08000eec   0x08000eec   0x00000002   Code   RO          199    i.NMI_Handler       stm32f4xx_it.o
    0x08000eee   0x08000eee   0x00000002   PAD
    0x08000ef0   0x08000ef0   0x00000078   Code   RO          520    i.NVIC_Init         misc.o
    0x08000f68   0x08000f68   0x00000014   Code   RO          521    i.NVIC_PriorityGroupConfig  misc.o
    0x08000f7c   0x08000f7c   0x00000010   Code   RO          200    i.OTG_FS_IRQHandler  stm32f4xx_it.o
    0x08000f8c   0x08000f8c   0x00000002   Code   RO          201    i.PendSV_Handler    stm32f4xx_it.o
    0x08000f8e   0x08000f8e   0x00000002   PAD
    0x08000f90   0x08000f90   0x00000020   Code   RO          662    i.RCC_AHB1PeriphClockCmd  stm32f4xx_rcc.o
    0x08000fb0   0x08000fb0   0x00000020   Code   RO          665    i.RCC_AHB2PeriphClockCmd  stm32f4xx_rcc.o
    0x08000fd0   0x08000fd0   0x00000020   Code   RO          671    i.RCC_APB1PeriphClockCmd  stm32f4xx_rcc.o
    0x08000ff0   0x08000ff0   0x00000020   Code   RO          674    i.RCC_APB2PeriphClockCmd  stm32f4xx_rcc.o
    0x08001010   0x08001010   0x000000e8   Code   RO          683    i.RCC_GetClocksFreq  stm32f4xx_rcc.o
    0x080010f8   0x080010f8   0x00000002   Code   RO          202    i.SVC_Handler       stm32f4xx_it.o
    0x080010fa   0x080010fa   0x00000002   PAD
    0x080010fc   0x080010fc   0x000000ec   Code   RO          302    i.SetSysClock       system_stm32f4xx.o
    0x080011e8   0x080011e8   0x00000028   Code   RO          524    i.SysTick_CLKSourceConfig  misc.o
    0x08001210   0x08001210   0x00000002   Code   RO          203    i.SysTick_Handler   stm32f4xx_it.o
    0x08001212   0x08001212   0x00000002   PAD
    0x08001214   0x08001214   0x00000068   Code   RO          304    i.SystemInit        system_stm32f4xx.o
    0x0800127c   0x0800127c   0x00000088   Code   RO          464    i.USART1_IRQHandler  usart.o
    0x08001304   0x08001304   0x0000002c   Code   RO         2154    i.USART3_IRQHandler  usbd_cdc_vcp.o
    0x08001330   0x08001330   0x00000018   Code   RO         1056    i.USART_Cmd         stm32f4xx_usart.o
    0x08001348   0x08001348   0x0000001a   Code   RO         1059    i.USART_GetFlagStatus  stm32f4xx_usart.o
    0x08001362   0x08001362   0x00000054   Code   RO         1060    i.USART_GetITStatus  stm32f4xx_usart.o
    0x080013b6   0x080013b6   0x0000004a   Code   RO         1062    i.USART_ITConfig    stm32f4xx_usart.o
    0x08001400   0x08001400   0x000000d4   Code   RO         1063    i.USART_Init        stm32f4xx_usart.o
    0x080014d4   0x080014d4   0x0000000a   Code   RO         1070    i.USART_ReceiveData  stm32f4xx_usart.o
    0x080014de   0x080014de   0x00000016   Code   RO         1647    i.USBD_ClrCfg       usbd_core.o
    0x080014f4   0x080014f4   0x00000048   Code   RO         1800    i.USBD_ClrFeature   usbd_req.o
    0x0800153c   0x0800153c   0x0000001e   Code   RO         1744    i.USBD_CtlContinueRx  usbd_ioreq.o
    0x0800155a   0x0800155a   0x0000001e   Code   RO         1745    i.USBD_CtlContinueSendData  usbd_ioreq.o
    0x08001578   0x08001578   0x0000001e   Code   RO         1801    i.USBD_CtlError     usbd_req.o
    0x08001596   0x08001596   0x0000002e   Code   RO         1746    i.USBD_CtlPrepareRx  usbd_ioreq.o
    0x080015c4   0x080015c4   0x00000024   Code   RO         1747    i.USBD_CtlReceiveStatus  usbd_ioreq.o
    0x080015e8   0x080015e8   0x0000002e   Code   RO         1748    i.USBD_CtlSendData  usbd_ioreq.o
    0x08001616   0x08001616   0x00000024   Code   RO         1749    i.USBD_CtlSendStatus  usbd_ioreq.o
    0x0800163a   0x0800163a   0x000000d0   Code   RO         1648    i.USBD_DataInStage  usbd_core.o
    0x0800170a   0x0800170a   0x00000096   Code   RO         1649    i.USBD_DataOutStage  usbd_core.o
    0x080017a0   0x080017a0   0x00000006   Code   RO         1650    i.USBD_DeInit       usbd_core.o
    0x080017a6   0x080017a6   0x00000002   PAD
    0x080017a8   0x080017a8   0x00000054   Code   RO         1802    i.USBD_GetConfig    usbd_req.o
    0x080017fc   0x080017fc   0x00000122   Code   RO         1803    i.USBD_GetDescriptor  usbd_req.o
    0x0800191e   0x0800191e   0x00000014   Code   RO         1804    i.USBD_GetLen       usbd_req.o
    0x08001932   0x08001932   0x00000002   PAD
    0x08001934   0x08001934   0x00000050   Code   RO         1805    i.USBD_GetStatus    usbd_req.o
    0x08001984   0x08001984   0x00000052   Code   RO         1806    i.USBD_GetString    usbd_req.o
    0x080019d6   0x080019d6   0x00000042   Code   RO         1651    i.USBD_Init         usbd_core.o
    0x08001a18   0x08001a18   0x00000012   Code   RO         1652    i.USBD_IsoINIncomplete  usbd_core.o
    0x08001a2a   0x08001a2a   0x00000012   Code   RO         1653    i.USBD_IsoOUTIncomplete  usbd_core.o
    0x08001a3c   0x08001a3c   0x000000e0   Code   RO         1575    i.USBD_OTG_ISR_Handler  usb_dcd_int.o
    0x08001b1c   0x08001b1c   0x00000048   Code   RO         1807    i.USBD_ParseSetupRequest  usbd_req.o
    0x08001b64   0x08001b64   0x00000032   Code   RO         1654    i.USBD_Reset        usbd_core.o
    0x08001b96   0x08001b96   0x0000001e   Code   RO         1655    i.USBD_Resume       usbd_core.o
    0x08001bb4   0x08001bb4   0x00000014   Code   RO         1656    i.USBD_RunTestMode  usbd_core.o
    0x08001bc8   0x08001bc8   0x0000001a   Code   RO         1657    i.USBD_SOF          usbd_core.o
    0x08001be2   0x08001be2   0x0000005c   Code   RO         1808    i.USBD_SetAddress   usbd_req.o
    0x08001c3e   0x08001c3e   0x0000001e   Code   RO         1658    i.USBD_SetCfg       usbd_core.o
    0x08001c5c   0x08001c5c   0x000000d0   Code   RO         1809    i.USBD_SetConfig    usbd_req.o
    0x08001d2c   0x08001d2c   0x000000a4   Code   RO         1810    i.USBD_SetFeature   usbd_req.o
    0x08001dd0   0x08001dd0   0x00000054   Code   RO         1659    i.USBD_SetupStage   usbd_core.o
    0x08001e24   0x08001e24   0x00000072   Code   RO         1811    i.USBD_StdDevReq    usbd_req.o
    0x08001e96   0x08001e96   0x00000002   PAD
    0x08001e98   0x08001e98   0x0000015c   Code   RO         1812    i.USBD_StdEPReq     usbd_req.o
    0x08001ff4   0x08001ff4   0x0000004c   Code   RO         1813    i.USBD_StdItfReq    usbd_req.o
    0x08002040   0x08002040   0x00000020   Code   RO         1660    i.USBD_Suspend      usbd_core.o
    0x08002060   0x08002060   0x00000034   Code   RO         2091    i.USBD_USR_ConfigStrDescriptor  usbd_desc.o
    0x08002094   0x08002094   0x0000002c   Code   RO         2028    i.USBD_USR_DeviceConfigured  usbd_usr.o
    0x080020c0   0x080020c0   0x00000028   Code   RO         2029    i.USBD_USR_DeviceConnected  usbd_usr.o
    0x080020e8   0x080020e8   0x00000010   Code   RO         2092    i.USBD_USR_DeviceDescriptor  usbd_desc.o
    0x080020f8   0x080020f8   0x00000028   Code   RO         2030    i.USBD_USR_DeviceDisconnected  usbd_usr.o
    0x08002120   0x08002120   0x00000094   Code   RO         2031    i.USBD_USR_DeviceReset  usbd_usr.o
    0x080021b4   0x080021b4   0x00000028   Code   RO         2032    i.USBD_USR_DeviceResumed  usbd_usr.o
    0x080021dc   0x080021dc   0x0000002c   Code   RO         2033    i.USBD_USR_DeviceSuspended  usbd_usr.o
    0x08002208   0x08002208   0x00000024   Code   RO         2034    i.USBD_USR_Init     usbd_usr.o
    0x0800222c   0x0800222c   0x00000038   Code   RO         2093    i.USBD_USR_InterfaceStrDescriptor  usbd_desc.o
    0x08002264   0x08002264   0x00000010   Code   RO         2094    i.USBD_USR_LangIDStrDescriptor  usbd_desc.o
    0x08002274   0x08002274   0x0000002c   Code   RO         2095    i.USBD_USR_ManufacturerStrDescriptor  usbd_desc.o
    0x080022a0   0x080022a0   0x00000070   Code   RO         2096    i.USBD_USR_ProductStrDescriptor  usbd_desc.o
    0x08002310   0x08002310   0x00000048   Code   RO         2097    i.USBD_USR_SerialStrDescriptor  usbd_desc.o
    0x08002358   0x08002358   0x00000010   Code   RO         1900    i.USBD_cdc_GetCfgDesc  usbd_cdc_core.o
    0x08002368   0x08002368   0x00000024   Code   RO         1968    i.USB_OTG_BSP_EnableInterrupt  usb_bsp.o
    0x0800238c   0x0800238c   0x00000078   Code   RO         1969    i.USB_OTG_BSP_Init  usb_bsp.o
    0x08002404   0x08002404   0x0000000c   Code   RO         1972    i.USB_OTG_BSP_mDelay  usb_bsp.o
    0x08002410   0x08002410   0x0000000c   Code   RO         1973    i.USB_OTG_BSP_uDelay  usb_bsp.o
    0x0800241c   0x0800241c   0x00000126   Code   RO         1241    i.USB_OTG_CoreInit  usb_core.o
    0x08002542   0x08002542   0x0000020a   Code   RO         1242    i.USB_OTG_CoreInitDev  usb_core.o
    0x0800274c   0x0800274c   0x00000070   Code   RO         1243    i.USB_OTG_CoreReset  usb_core.o
    0x080027bc   0x080027bc   0x00000022   Code   RO         1244    i.USB_OTG_DisableGlobalInt  usb_core.o
    0x080027de   0x080027de   0x0000006a   Code   RO         1245    i.USB_OTG_EP0Activate  usb_core.o
    0x08002848   0x08002848   0x00000156   Code   RO         1246    i.USB_OTG_EP0StartXfer  usb_core.o
    0x0800299e   0x0800299e   0x00000062   Code   RO         1247    i.USB_OTG_EP0_OutStart  usb_core.o
    0x08002a00   0x08002a00   0x00000098   Code   RO         1248    i.USB_OTG_EPActivate  usb_core.o
    0x08002a98   0x08002a98   0x00000050   Code   RO         1249    i.USB_OTG_EPClearStall  usb_core.o
    0x08002ae8   0x08002ae8   0x0000005e   Code   RO         1250    i.USB_OTG_EPDeactivate  usb_core.o
    0x08002b46   0x08002b46   0x00000064   Code   RO         1251    i.USB_OTG_EPSetStall  usb_core.o
    0x08002baa   0x08002baa   0x000001f6   Code   RO         1252    i.USB_OTG_EPStartXfer  usb_core.o
    0x08002da0   0x08002da0   0x00000034   Code   RO         1253    i.USB_OTG_EnableCommonInt  usb_core.o
    0x08002dd4   0x08002dd4   0x0000009a   Code   RO         1254    i.USB_OTG_EnableDevInt  usb_core.o
    0x08002e6e   0x08002e6e   0x00000022   Code   RO         1255    i.USB_OTG_EnableGlobalInt  usb_core.o
    0x08002e90   0x08002e90   0x0000004c   Code   RO         1256    i.USB_OTG_FlushRxFifo  usb_core.o
    0x08002edc   0x08002edc   0x00000054   Code   RO         1257    i.USB_OTG_FlushTxFifo  usb_core.o
    0x08002f30   0x08002f30   0x00000034   Code   RO         1258    i.USB_OTG_GetDeviceSpeed  usb_core.o
    0x08002f64   0x08002f64   0x0000000c   Code   RO         1260    i.USB_OTG_GetMode   usb_core.o
    0x08002f70   0x08002f70   0x00000018   Code   RO         1261    i.USB_OTG_InitDevSpeed  usb_core.o
    0x08002f88   0x08002f88   0x00000016   Code   RO         1262    i.USB_OTG_IsDeviceMode  usb_core.o
    0x08002f9e   0x08002f9e   0x00000010   Code   RO         1264    i.USB_OTG_ReadCoreItr  usb_core.o
    0x08002fae   0x08002fae   0x00000010   Code   RO         1265    i.USB_OTG_ReadDevAllInEPItr  usb_core.o
    0x08002fbe   0x08002fbe   0x00000010   Code   RO         1266    i.USB_OTG_ReadDevAllOutEp_itr  usb_core.o
    0x08002fce   0x08002fce   0x00000014   Code   RO         1267    i.USB_OTG_ReadDevOutEP_itr  usb_core.o
    0x08002fe2   0x08002fe2   0x00000028   Code   RO         1269    i.USB_OTG_ReadPacket  usb_core.o
    0x0800300a   0x0800300a   0x00000002   PAD
    0x0800300c   0x0800300c   0x000000d0   Code   RO         1270    i.USB_OTG_SelectCore  usb_core.o
    0x080030dc   0x080030dc   0x0000004e   Code   RO         1271    i.USB_OTG_SetCurrentMode  usb_core.o
    0x0800312a   0x0800312a   0x00000040   Code   RO         1275    i.USB_OTG_WritePacket  usb_core.o
    0x0800316a   0x0800316a   0x00000004   Code   RO          204    i.UsageFault_Handler  stm32f4xx_it.o
    0x0800316e   0x0800316e   0x00000044   Code   RO         2155    i.VCP_Ctrl          usbd_cdc_vcp.o
    0x080031b2   0x080031b2   0x00000012   Code   RO         2156    i.VCP_DataRx        usbd_cdc_vcp.o
    0x080031c4   0x080031c4   0x00000040   Code   RO         2157    i.VCP_DataTx        usbd_cdc_vcp.o
    0x08003204   0x08003204   0x00000004   Code   RO         2158    i.VCP_DeInit        usbd_cdc_vcp.o
    0x08003208   0x08003208   0x000000a8   Code   RO         2159    i.VCP_Init          usbd_cdc_vcp.o
    0x080032b0   0x080032b0   0x00000006   Code   RO          465    i._sys_exit         usart.o
    0x080032b6   0x080032b6   0x00000002   PAD
    0x080032b8   0x080032b8   0x0000003c   Code   RO          406    i.delay_init        delay.o
    0x080032f4   0x080032f4   0x00000038   Code   RO          407    i.delay_ms          delay.o
    0x0800332c   0x0800332c   0x0000004c   Code   RO          408    i.delay_us          delay.o
    0x08003378   0x08003378   0x0000004c   Code   RO          409    i.delay_xms         delay.o
    0x080033c4   0x080033c4   0x0000001c   Code   RO          466    i.fputc             usart.o
    0x080033e0   0x080033e0   0x00000060   Code   RO            3    i.main              main.o
    0x08003440   0x08003440   0x000000ac   Code   RO          467    i.uart_init         usart.o
    0x080034ec   0x080034ec   0x00000088   Code   RO         1901    i.usbd_cdc_DataIn   usbd_cdc_core.o
    0x08003574   0x08003574   0x00000038   Code   RO         1902    i.usbd_cdc_DataOut  usbd_cdc_core.o
    0x080035ac   0x080035ac   0x0000002c   Code   RO         1903    i.usbd_cdc_DeInit   usbd_cdc_core.o
    0x080035d8   0x080035d8   0x00000038   Code   RO         1904    i.usbd_cdc_EP0_RxReady  usbd_cdc_core.o
    0x08003610   0x08003610   0x00000058   Code   RO         1905    i.usbd_cdc_Init     usbd_cdc_core.o
    0x08003668   0x08003668   0x00000028   Code   RO         1906    i.usbd_cdc_SOF      usbd_cdc_core.o
    0x08003690   0x08003690   0x000000f4   Code   RO         1907    i.usbd_cdc_Setup    usbd_cdc_core.o
    0x08003784   0x08003784   0x0000000a   Code   RO         2315    x$fpl$fpinit        fz_wm.l(fpinit.o)
    0x0800378e   0x0800378e   0x00000002   PAD
    0x08003790   0x08003790   0x00000020   Data   RO         2381    Region$$Table       anon$$obj.o


    Execution Region RW_IRAM1 (Exec base: 0x20000000, Load base: 0x080037b0, Size: 0x00001a18, Max: 0x00020000, ABSOLUTE, COMPRESSED[0x000000e4])

    Exec Addr    Load Addr    Size         Type   Attr      Idx    E Section Name        Object

    0x20000000   COMPRESSED   0x00000004   Data   RW          410    .data               delay.o
    0x20000004   COMPRESSED   0x00000006   Data   RW          469    .data               usart.o
    0x2000000a   COMPRESSED   0x00000010   Data   RW          715    .data               stm32f4xx_rcc.o
    0x2000001a   COMPRESSED   0x00000002   PAD
    0x2000001c   COMPRESSED   0x00000034   Data   RW         1661    .data               usbd_core.o
    0x20000050   COMPRESSED   0x0000000d   Data   RW         1815    .data               usbd_req.o
    0x2000005d   COMPRESSED   0x00000003   PAD
    0x20000060   COMPRESSED   0x00000098   Data   RW         1909    .data               usbd_cdc_core.o
    0x200000f8   COMPRESSED   0x0000001c   Data   RW         2035    .data               usbd_usr.o
    0x20000114   COMPRESSED   0x0000003c   Data   RW         2098    .data               usbd_desc.o
    0x20000150   COMPRESSED   0x00000014   Data   RW         2161    .data               usbd_cdc_vcp.o
    0x20000164        -       0x000005f4   Zero   RW            4    .bss                main.o
    0x20000758        -       0x000000c8   Zero   RW          468    .bss                usart.o
    0x20000820        -       0x000000ff   Zero   RW         1814    .bss                usbd_req.o
    0x2000091f        -       0x00000883   Zero   RW         1908    .bss                usbd_cdc_core.o
    0x200011a2   COMPRESSED   0x00000002   PAD
    0x200011a4        -       0x00000010   Zero   RW         2160    .bss                usbd_cdc_vcp.o
    0x200011b4        -       0x00000060   Zero   RW         2257    .bss                c_w.l(libspace.o)
    0x20001214   COMPRESSED   0x00000004   PAD
    0x20001218        -       0x00000400   Zero   RW          512    HEAP                startup_stm32f40_41xxx.o
    0x20001618        -       0x00000400   Zero   RW          511    STACK               startup_stm32f40_41xxx.o


==============================================================================

Image component sizes


      Code (inc. data)   RO Data    RW Data    ZI Data      Debug   Object Name

       268         16          0          4          0       2495   delay.o
        64          4          0          0          0        531   led.o
        96         22          0          0       1524     283523   main.o
       180         24          0          0          0       2049   misc.o
        64         26        392          0       2048        840   startup_stm32f40_41xxx.o
       218          0          0          0          0       2298   stm32f4xx_gpio.o
        42          6          0          0          0       4498   stm32f4xx_it.o
       360         42          0         16          0       5168   stm32f4xx_rcc.o
       430          8          0          0          0       4876   stm32f4xx_usart.o
       340         32          0          0          0       1461   system_stm32f4xx.o
       342         28          0          6        200       4268   usart.o
       180          8          0          0          0       2719   usb_bsp.o
      3404         18          0          0          0      21112   usb_core.o
       666          0          0          0          0       5940   usb_dcd.o
      1930         50          0          0          0       9395   usb_dcd_int.o
       884        118          0        152       2179       8724   usbd_cdc_core.o
       366         26          0         20         16       4105   usbd_cdc_vcp.o
       760          6          0         52          0      10288   usbd_core.o
       368        192          0         60          0       5832   usbd_desc.o
       224          0          0          0          0       4444   usbd_ioreq.o
      1732         54          0         13        255      10419   usbd_req.o
       392        292          0         28          0       3869   usbd_usr.o

    ----------------------------------------------------------------------
     13328        972        424        356       6224     398854   Object Totals
         0          0         32          0          0          0   (incl. Generated)
        18          0          0          5          2          0   (incl. Padding)

    ----------------------------------------------------------------------

      Code (inc. data)   RO Data    RW Data    ZI Data      Debug   Library Member Name

        90          0          0          0          0          0   __dczerorl2.o
         8          0          0          0          0         68   __main.o
        40          0          0          0          0         84   __printf_nopercent.o
         0          0          0          0          0          0   __rtentry.o
        12          0          0          0          0          0   __rtentry2.o
         6          0          0          0          0          0   __rtentry4.o
        52          8          0          0          0          0   __scatter.o
        28          0          0          0          0          0   __scatter_zi.o
        48          6          0          0          0         96   _printf_char_common.o
        36          4          0          0          0         80   _printf_char_file.o
        18          0          0          0          0         80   exit.o
         8          0          0          0          0         68   ferror.o
         6          0          0          0          0        152   heapauxi.o
         2          0          0          0          0          0   libinit.o
         6          0          0          0          0          0   libinit2.o
         2          0          0          0          0          0   libshutdown.o
         2          0          0          0          0          0   libshutdown2.o
         8          4          0          0         96         68   libspace.o
        24          4          0          0          0         84   noretval__2printf.o
         2          0          0          0          0          0   rtexit.o
        10          0          0          0          0          0   rtexit2.o
        74          0          0          0          0         80   sys_stackheap_outer.o
         2          0          0          0          0         68   use_no_semi.o
         2          0          0          0          0         68   use_no_semi_2.o
        10          0          0          0          0        116   fpinit.o

    ----------------------------------------------------------------------
       504         26          0          0        100       1112   Library Totals
         8          0          0          0          4          0   (incl. Padding)

    ----------------------------------------------------------------------

      Code (inc. data)   RO Data    RW Data    ZI Data      Debug   Library Name

       486         26          0          0         96        996   c_w.l
        10          0          0          0          0        116   fz_wm.l

    ----------------------------------------------------------------------
       504         26          0          0        100       1112   Library Totals

    ----------------------------------------------------------------------

==============================================================================


      Code (inc. data)   RO Data    RW Data    ZI Data      Debug   

     13832        998        424        356       6324     384450   Grand Totals
     13832        998        424        228       6324     384450   ELF Image Totals (compressed)
     13832        998        424        228          0          0   ROM Totals

==============================================================================

    Total RO  Size (Code + RO Data)                14256 (  13.92kB)
    Total RW  Size (RW Data + ZI Data)              6680 (   6.52kB)
    Total ROM Size (Code + RO Data + RW Data)      14484 (  14.14kB)

==============================================================================

