Component: ARM Compiler 5.06 update 7 (build 960) Tool: armlink [4d3601]

==============================================================================

Section Cross References

    main.o(i.main) refers to misc.o(i.NVIC_PriorityGroupConfig) for NVIC_PriorityGroupConfig
    main.o(i.main) refers to delay.o(i.delay_init) for delay_init
    main.o(i.main) refers to usart.o(i.uart_init) for uart_init
    main.o(i.main) refers to led.o(i.LED_Init) for LED_Init
    main.o(i.main) refers to key.o(i.EXTIX_Init) for EXTIX_Init
    main.o(i.main) refers to usbd_core.o(i.USBD_Init) for USBD_Init
    main.o(i.main) refers to usbd_hid_keyboard.o(i.USBD_HID_KeyBoard_GetPos) for USBD_HID_KeyBoard_GetPos
    main.o(i.main) refers to usbd_hid_core.o(i.USBD_HID_SendReport) for USBD_HID_SendReport
    main.o(i.main) refers to usbd_usr.o(.data) for USR_cb
    main.o(i.main) refers to usbd_hid_core.o(.data) for USBD_HID_cb
    main.o(i.main) refers to usbd_desc.o(.data) for USR_desc
    main.o(i.main) refers to main.o(.bss) for USB_OTG_dev
    stm32f4xx_it.o(i.OTG_FS_IRQHandler) refers to usb_dcd_int.o(i.USBD_OTG_ISR_Handler) for USBD_OTG_ISR_Handler
    stm32f4xx_it.o(i.OTG_FS_IRQHandler) refers to main.o(.bss) for USB_OTG_dev
    system_stm32f4xx.o(i.SystemCoreClockUpdate) refers to system_stm32f4xx.o(.data) for SystemCoreClock
    system_stm32f4xx.o(i.SystemInit) refers to system_stm32f4xx.o(i.SetSysClock) for SetSysClock
    led.o(i.LED_Init) refers to stm32f4xx_rcc.o(i.RCC_AHB1PeriphClockCmd) for RCC_AHB1PeriphClockCmd
    led.o(i.LED_Init) refers to stm32f4xx_gpio.o(i.GPIO_Init) for GPIO_Init
    led.o(i.LED_Init) refers to stm32f4xx_gpio.o(i.GPIO_SetBits) for GPIO_SetBits
    beep.o(i.BEEP_Init) refers to stm32f4xx_rcc.o(i.RCC_AHB1PeriphClockCmd) for RCC_AHB1PeriphClockCmd
    beep.o(i.BEEP_Init) refers to stm32f4xx_gpio.o(i.GPIO_Init) for GPIO_Init
    beep.o(i.BEEP_Init) refers to stm32f4xx_gpio.o(i.GPIO_ResetBits) for GPIO_ResetBits
    key.o(i.EXTI0_IRQHandler) refers to delay.o(i.delay_ms) for delay_ms
    key.o(i.EXTI0_IRQHandler) refers to stm32f4xx_gpio.o(i.GPIO_ReadInputDataBit) for GPIO_ReadInputDataBit
    key.o(i.EXTI0_IRQHandler) refers to usbd_hid_keyboard.o(i.Set_Key_Sta) for Set_Key_Sta
    key.o(i.EXTI0_IRQHandler) refers to stm32f4xx_exti.o(i.EXTI_ClearITPendingBit) for EXTI_ClearITPendingBit
    key.o(i.EXTI2_IRQHandler) refers to delay.o(i.delay_ms) for delay_ms
    key.o(i.EXTI2_IRQHandler) refers to stm32f4xx_gpio.o(i.GPIO_ReadInputDataBit) for GPIO_ReadInputDataBit
    key.o(i.EXTI2_IRQHandler) refers to usbd_hid_keyboard.o(i.Set_Key_Sta) for Set_Key_Sta
    key.o(i.EXTI2_IRQHandler) refers to stm32f4xx_exti.o(i.EXTI_ClearITPendingBit) for EXTI_ClearITPendingBit
    key.o(i.EXTI3_IRQHandler) refers to delay.o(i.delay_ms) for delay_ms
    key.o(i.EXTI3_IRQHandler) refers to stm32f4xx_gpio.o(i.GPIO_ReadInputDataBit) for GPIO_ReadInputDataBit
    key.o(i.EXTI3_IRQHandler) refers to usbd_hid_keyboard.o(i.Set_Key_Sta) for Set_Key_Sta
    key.o(i.EXTI3_IRQHandler) refers to stm32f4xx_exti.o(i.EXTI_ClearITPendingBit) for EXTI_ClearITPendingBit
    key.o(i.EXTI4_IRQHandler) refers to delay.o(i.delay_ms) for delay_ms
    key.o(i.EXTI4_IRQHandler) refers to stm32f4xx_gpio.o(i.GPIO_ReadInputDataBit) for GPIO_ReadInputDataBit
    key.o(i.EXTI4_IRQHandler) refers to usbd_hid_keyboard.o(i.Set_Key_Sta) for Set_Key_Sta
    key.o(i.EXTI4_IRQHandler) refers to stm32f4xx_exti.o(i.EXTI_ClearITPendingBit) for EXTI_ClearITPendingBit
    key.o(i.EXTIX_Init) refers to key.o(i.KEY_Init) for KEY_Init
    key.o(i.EXTIX_Init) refers to stm32f4xx_rcc.o(i.RCC_APB2PeriphClockCmd) for RCC_APB2PeriphClockCmd
    key.o(i.EXTIX_Init) refers to stm32f4xx_syscfg.o(i.SYSCFG_EXTILineConfig) for SYSCFG_EXTILineConfig
    key.o(i.EXTIX_Init) refers to stm32f4xx_exti.o(i.EXTI_Init) for EXTI_Init
    key.o(i.EXTIX_Init) refers to misc.o(i.NVIC_Init) for NVIC_Init
    key.o(i.KEY_Init) refers to stm32f4xx_rcc.o(i.RCC_AHB1PeriphClockCmd) for RCC_AHB1PeriphClockCmd
    key.o(i.KEY_Init) refers to stm32f4xx_gpio.o(i.GPIO_Init) for GPIO_Init
    key.o(i.KEY_Scan) refers to stm32f4xx_gpio.o(i.GPIO_ReadInputDataBit) for GPIO_ReadInputDataBit
    key.o(i.KEY_Scan) refers to delay.o(i.delay_ms) for delay_ms
    key.o(i.KEY_Scan) refers to key.o(.data) for key_up
    delay.o(i.delay_init) refers to misc.o(i.SysTick_CLKSourceConfig) for SysTick_CLKSourceConfig
    delay.o(i.delay_init) refers to delay.o(.data) for fac_us
    delay.o(i.delay_ms) refers to delay.o(i.delay_xms) for delay_xms
    delay.o(i.delay_us) refers to delay.o(.data) for fac_us
    delay.o(i.delay_xms) refers to delay.o(.data) for fac_ms
    usart.o(.rev16_text) refers (Special) to use_no_semi_2.o(.text) for __use_no_semihosting
    usart.o(.revsh_text) refers (Special) to use_no_semi_2.o(.text) for __use_no_semihosting
    usart.o(i.USART1_IRQHandler) refers (Special) to use_no_semi_2.o(.text) for __use_no_semihosting
[...]
    .ARM.Collect$$rtentry$$00000000          0x08000248   Section        0  __rtentry.o(.ARM.Collect$$rtentry$$00000000)
    .ARM.Collect$$rtentry$$00000002          0x08000248   Section        0  __rtentry2.o(.ARM.Collect$$rtentry$$00000002)
    .ARM.Collect$$rtentry$$00000004          0x08000248   Section        6  __rtentry4.o(.ARM.Collect$$rtentry$$00000004)
    .ARM.Collect$$rtentry$$00000009          0x0800024e   Section        0  __rtentry2.o(.ARM.Collect$$rtentry$$00000009)
    .ARM.Collect$$rtentry$$0000000A          0x0800024e   Section        4  __rtentry2.o(.ARM.Collect$$rtentry$$0000000A)
    .ARM.Collect$$rtentry$$0000000C          0x08000252   Section        0  __rtentry2.o(.ARM.Collect$$rtentry$$0000000C)
    .ARM.Collect$$rtentry$$0000000D          0x08000252   Section        8  __rtentry2.o(.ARM.Collect$$rtentry$$0000000D)
    .ARM.Collect$$rtexit$$00000000           0x0800025a   Section        2  rtexit.o(.ARM.Collect$$rtexit$$00000000)
    .ARM.Collect$$rtexit$$00000002           0x0800025c   Section        0  rtexit2.o(.ARM.Collect$$rtexit$$00000002)
    .ARM.Collect$$rtexit$$00000003           0x0800025c   Section        4  rtexit2.o(.ARM.Collect$$rtexit$$00000003)
    .ARM.Collect$$rtexit$$00000004           0x08000260   Section        6  rtexit2.o(.ARM.Collect$$rtexit$$00000004)
    .text                                    0x08000268   Section       64  startup_stm32f40_41xxx.o(.text)
    $v0                                      0x08000268   Number         0  startup_stm32f40_41xxx.o(.text)
    .text                                    0x080002a8   Section        2  use_no_semi_2.o(.text)
    .text                                    0x080002ac   Section        0  noretval__2printf.o(.text)
    .text                                    0x080002c4   Section        0  heapauxi.o(.text)
    .text                                    0x080002ca   Section        2  use_no_semi.o(.text)
    .text                                    0x080002cc   Section        0  _printf_char_file.o(.text)
    .text                                    0x080002f0   Section        0  _printf_char_common.o(.text)
    _printf_input_char                       0x080002f1   Thumb Code    10  _printf_char_common.o(.text)
    .text                                    0x08000320   Section        0  ferror.o(.text)
    .text                                    0x08000328   Section       74  sys_stackheap_outer.o(.text)
    .text                                    0x08000372   Section        0  __printf_nopercent.o(.text)
    .text                                    0x0800039a   Section        0  exit.o(.text)
    .text                                    0x080003ac   Section        8  libspace.o(.text)
    i.BusFault_Handler                       0x080003b4   Section        0  stm32f4xx_it.o(i.BusFault_Handler)
    i.DCD_EP_Close                           0x080003b8   Section        0  usb_dcd.o(i.DCD_EP_Close)
    i.DCD_EP_ClrStall                        0x08000402   Section        0  usb_dcd.o(i.DCD_EP_ClrStall)
    i.DCD_EP_Flush                           0x0800044a   Section        0  usb_dcd.o(i.DCD_EP_Flush)
    i.DCD_EP_Open                            0x0800046e   Section        0  usb_dcd.o(i.DCD_EP_Open)
    i.DCD_EP_PrepareRx                       0x080004d6   Section        0  usb_dcd.o(i.DCD_EP_PrepareRx)
    i.DCD_EP_SetAddress                      0x08000528   Section        0  usb_dcd.o(i.DCD_EP_SetAddress)
    i.DCD_EP_Stall                           0x08000544   Section        0  usb_dcd.o(i.DCD_EP_Stall)
    i.DCD_EP_Tx                              0x0800058c   Section        0  usb_dcd.o(i.DCD_EP_Tx)
    i.DCD_HandleEnumDone_ISR                 0x080005da   Section        0  usb_dcd_int.o(i.DCD_HandleEnumDone_ISR)
    DCD_HandleEnumDone_ISR                   0x080005db   Thumb Code   102  usb_dcd_int.o(i.DCD_HandleEnumDone_ISR)
    i.DCD_HandleInEP_ISR                     0x08000640   Section        0  usb_dcd_int.o(i.DCD_HandleInEP_ISR)
    DCD_HandleInEP_ISR                       0x08000641   Thumb Code   320  usb_dcd_int.o(i.DCD_HandleInEP_ISR)
    i.DCD_HandleOutEP_ISR                    0x08000784   Section        0  usb_dcd_int.o(i.DCD_HandleOutEP_ISR)
    DCD_HandleOutEP_ISR                      0x08000785   Thumb Code   252  usb_dcd_int.o(i.DCD_HandleOutEP_ISR)
    i.DCD_HandleResume_ISR                   0x08000884   Section        0  usb_dcd_int.o(i.DCD_HandleResume_ISR)
    DCD_HandleResume_ISR                     0x08000885   Thumb Code   100  usb_dcd_int.o(i.DCD_HandleResume_ISR)
    i.DCD_HandleRxStatusQueueLevel_ISR       0x080008ec   Section        0  usb_dcd_int.o(i.DCD_HandleRxStatusQueueLevel_ISR)
    DCD_HandleRxStatusQueueLevel_ISR         0x080008ed   Thumb Code   176  usb_dcd_int.o(i.DCD_HandleRxStatusQueueLevel_ISR)
    i.DCD_HandleSof_ISR                      0x0800099c   Section        0  usb_dcd_int.o(i.DCD_HandleSof_ISR)
    DCD_HandleSof_ISR                        0x0800099d   Thumb Code    38  usb_dcd_int.o(i.DCD_HandleSof_ISR)
    i.DCD_HandleUSBSuspend_ISR               0x080009c8   Section        0  usb_dcd_int.o(i.DCD_HandleUSBSuspend_ISR)
    DCD_HandleUSBSuspend_ISR                 0x080009c9   Thumb Code   158  usb_dcd_int.o(i.DCD_HandleUSBSuspend_ISR)
    i.DCD_HandleUsbReset_ISR                 0x08000a70   Section        0  usb_dcd_int.o(i.DCD_HandleUsbReset_ISR)
    DCD_HandleUsbReset_ISR                   0x08000a71   Thumb Code   254  usb_dcd_int.o(i.DCD_HandleUsbReset_ISR)
    i.DCD_Init                               0x08000b74   Section        0  usb_dcd.o(i.DCD_Init)
    i.DCD_IsoINIncomplete_ISR                0x08000c10   Section        0  usb_dcd_int.o(i.DCD_IsoINIncomplete_ISR)
    DCD_IsoINIncomplete_ISR                  0x08000c11   Thumb Code    40  usb_dcd_int.o(i.DCD_IsoINIncomplete_ISR)
    i.DCD_IsoOUTIncomplete_ISR               0x08000c3c   Section        0  usb_dcd_int.o(i.DCD_IsoOUTIncomplete_ISR)
    DCD_IsoOUTIncomplete_ISR                 0x08000c3d   Thumb Code    40  usb_dcd_int.o(i.DCD_IsoOUTIncomplete_ISR)
    i.DCD_ReadDevInEP                        0x08000c68   Section        0  usb_dcd_int.o(i.DCD_ReadDevInEP)
    DCD_ReadDevInEP                          0x08000c69   Thumb Code    40  usb_dcd_int.o(i.DCD_ReadDevInEP)
    i.DCD_WriteEmptyTxFifo                   0x08000c90   Section        0  usb_dcd_int.o(i.DCD_WriteEmptyTxFifo)
    DCD_WriteEmptyTxFifo                     0x08000c91   Thumb Code   144  usb_dcd_int.o(i.DCD_WriteEmptyTxFifo)
    i.DebugMon_Handler                       0x08000d20   Section        0  stm32f4xx_it.o(i.DebugMon_Handler)
    i.EXTI0_IRQHandler                       0x08000d24   Section        0  key.o(i.EXTI0_IRQHandler)
    i.EXTI2_IRQHandler                       0x08000d50   Section        0  key.o(i.EXTI2_IRQHandler)
    i.EXTI3_IRQHandler                       0x08000d7c   Section        0  key.o(i.EXTI3_IRQHandler)
    i.EXTI4_IRQHandler                       0x08000da8   Section        0  key.o(i.EXTI4_IRQHandler)
    i.EXTIX_Init                             0x08000dd4   Section        0  key.o(i.EXTIX_Init)
    i.EXTI_ClearITPendingBit                 0x08000eb4   Section        0  stm32f4xx_exti.o(i.EXTI_ClearITPendingBit)
    i.EXTI_Init                              0x08000ec0   Section        0  stm32f4xx_exti.o(i.EXTI_Init)
    i.GPIO_Init                              0x08000f54   Section        0  stm32f4xx_gpio.o(i.GPIO_Init)
    i.GPIO_PinAFConfig                       0x08000fe4   Section        0  stm32f4xx_gpio.o(i.GPIO_PinAFConfig)
    i.GPIO_ReadInputDataBit                  0x0800102a   Section        0  stm32f4xx_gpio.o(i.GPIO_ReadInputDataBit)
    i.GPIO_SetBits                           0x0800103c   Section        0  stm32f4xx_gpio.o(i.GPIO_SetBits)
    i.Get_Key_Sta                            0x08001040   Section        0  usbd_hid_keyboard.o(i.Get_Key_Sta)
    i.HardFault_Handler                      0x0800104c   Section        0  stm32f4xx_it.o(i.HardFault_Handler)
    i.KEY_Init                               0x08001050   Section        0  key.o(i.KEY_Init)
    i.LED_Init                               0x08001094   Section        0  led.o(i.LED_Init)
    i.MemManage_Handler                      0x080010d4   Section        0  stm32f4xx_it.o(i.MemManage_Handler)
    i.NMI_Handler                            0x080010d8   Section        0  stm32f4xx_it.o(i.NMI_Handler)
    i.NVIC_Init                              0x080010dc   Section        0  misc.o(i.NVIC_Init)
    i.NVIC_PriorityGroupConfig               0x08001154   Section        0  misc.o(i.NVIC_PriorityGroupConfig)
    i.OTG_FS_IRQHandler                      0x08001168   Section        0  stm32f4xx_it.o(i.OTG_FS_IRQHandler)
    i.PendSV_Handler                         0x08001178   Section        0  stm32f4xx_it.o(i.PendSV_Handler)
    i.RCC_AHB1PeriphClockCmd                 0x0800117c   Section        0  stm32f4xx_rcc.o(i.RCC_AHB1PeriphClockCmd)
    i.RCC_AHB2PeriphClockCmd                 0x0800119c   Section        0  stm32f4xx_rcc.o(i.RCC_AHB2PeriphClockCmd)
    i.RCC_APB2PeriphClockCmd                 0x080011bc   Section        0  stm32f4xx_rcc.o(i.RCC_APB2PeriphClockCmd)
    i.RCC_GetClocksFreq                      0x080011dc   Section        0  stm32f4xx_rcc.o(i.RCC_GetClocksFreq)
    i.SVC_Handler                            0x080012c4   Section        0  stm32f4xx_it.o(i.SVC_Handler)
    i.SYSCFG_EXTILineConfig                  0x080012c8   Section        0  stm32f4xx_syscfg.o(i.SYSCFG_EXTILineConfig)
    i.SetSysClock                            0x08001308   Section        0  system_stm32f4xx.o(i.SetSysClock)
    SetSysClock                              0x08001309   Thumb Code   220  system_stm32f4xx.o(i.SetSysClock)
    i.Set_Key_Sta                            0x080013f4   Section        0  usbd_hid_keyboard.o(i.Set_Key_Sta)
    i.SysTick_CLKSourceConfig                0x08001400   Section        0  misc.o(i.SysTick_CLKSourceConfig)
    i.SysTick_Handler                        0x08001428   Section        0  stm32f4xx_it.o(i.SysTick_Handler)
    i.SystemInit                             0x0800142c   Section        0  system_stm32f4xx.o(i.SystemInit)
    i.USART1_IRQHandler                      0x08001494   Section        0  usart.o(i.USART1_IRQHandler)
    i.USART_Cmd                              0x0800151c   Section        0  stm32f4xx_usart.o(i.USART_Cmd)
    i.USART_GetITStatus                      0x08001534   Section        0  stm32f4xx_usart.o(i.USART_GetITStatus)
    i.USART_ITConfig                         0x08001588   Section        0  stm32f4xx_usart.o(i.USART_ITConfig)
    i.USART_Init                             0x080015d4   Section        0  stm32f4xx_usart.o(i.USART_Init)
    i.USART_ReceiveData                      0x080016a8   Section        0  stm32f4xx_usart.o(i.USART_ReceiveData)
    i.USBD_ClrCfg                            0x080016b2   Section        0  usbd_core.o(i.USBD_ClrCfg)
    i.USBD_ClrFeature                        0x080016c8   Section        0  usbd_req.o(i.USBD_ClrFeature)
    USBD_ClrFeature                          0x080016c9   Thumb Code    72  usbd_req.o(i.USBD_ClrFeature)
    i.USBD_CtlContinueRx                     0x08001710   Section        0  usbd_ioreq.o(i.USBD_CtlContinueRx)
    i.USBD_CtlContinueSendData               0x0800172e   Section        0  usbd_ioreq.o(i.USBD_CtlContinueSendData)
    i.USBD_CtlError                          0x0800174c   Section        0  usbd_req.o(i.USBD_CtlError)
    i.USBD_CtlReceiveStatus                  0x0800176a   Section        0  usbd_ioreq.o(i.USBD_CtlReceiveStatus)
    i.USBD_CtlSendData                       0x0800178e   Section        0  usbd_ioreq.o(i.USBD_CtlSendData)
    i.USBD_CtlSendStatus                     0x080017bc   Section        0  usbd_ioreq.o(i.USBD_CtlSendStatus)
    i.USBD_DataInStage                       0x080017e0   Section        0  usbd_core.o(i.USBD_DataInStage)
    USBD_DataInStage                         0x080017e1   Thumb Code   208  usbd_core.o(i.USBD_DataInStage)
    i.USBD_DataOutStage                      0x080018b0   Section        0  usbd_core.o(i.USBD_DataOutStage)
    USBD_DataOutStage                        0x080018b1   Thumb Code   150  usbd_core.o(i.USBD_DataOutStage)
    i.USBD_DeInit                            0x08001946   Section        0  usbd_core.o(i.USBD_DeInit)
    i.USBD_GetConfig                         0x0800194c   Section        0  usbd_req.o(i.USBD_GetConfig)
    USBD_GetConfig                           0x0800194d   Thumb Code    78  usbd_req.o(i.USBD_GetConfig)
    i.USBD_GetDescriptor                     0x080019a0   Section        0  usbd_req.o(i.USBD_GetDescriptor)
    USBD_GetDescriptor                       0x080019a1   Thumb Code   290  usbd_req.o(i.USBD_GetDescriptor)
    i.USBD_GetLen                            0x08001ac2   Section        0  usbd_req.o(i.USBD_GetLen)
    USBD_GetLen                              0x08001ac3   Thumb Code    20  usbd_req.o(i.USBD_GetLen)
    i.USBD_GetStatus                         0x08001ad8   Section        0  usbd_req.o(i.USBD_GetStatus)
    USBD_GetStatus                           0x08001ad9   Thumb Code    74  usbd_req.o(i.USBD_GetStatus)
    i.USBD_GetString                         0x08001b28   Section        0  usbd_req.o(i.USBD_GetString)
    i.USBD_HID_DataIn                        0x08001b7a   Section        0  usbd_hid_core.o(i.USBD_HID_DataIn)
    USBD_HID_DataIn                          0x08001b7b   Thumb Code    18  usbd_hid_core.o(i.USBD_HID_DataIn)
    i.USBD_HID_DeInit                        0x08001b8c   Section        0  usbd_hid_core.o(i.USBD_HID_DeInit)
    USBD_HID_DeInit                          0x08001b8d   Thumb Code    26  usbd_hid_core.o(i.USBD_HID_DeInit)
    i.USBD_HID_GetCfgDesc                    0x08001ba8   Section        0  usbd_hid_core.o(i.USBD_HID_GetCfgDesc)
    USBD_HID_GetCfgDesc                      0x08001ba9   Thumb Code    10  usbd_hid_core.o(i.USBD_HID_GetCfgDesc)
    i.USBD_HID_Init                          0x08001bb8   Section        0  usbd_hid_core.o(i.USBD_HID_Init)
    USBD_HID_Init                            0x08001bb9   Thumb Code    34  usbd_hid_core.o(i.USBD_HID_Init)
    i.USBD_HID_KeyBoard_GetPos               0x08001bdc   Section        0  usbd_hid_keyboard.o(i.USBD_HID_KeyBoard_GetPos)
    i.USBD_HID_SendReport                    0x08001c38   Section        0  usbd_hid_core.o(i.USBD_HID_SendReport)
    i.USBD_HID_Setup                         0x08001c5c   Section        0  usbd_hid_core.o(i.USBD_HID_Setup)
    USBD_HID_Setup                           0x08001c5d   Thumb Code   214  usbd_hid_core.o(i.USBD_HID_Setup)
    i.USBD_Init                              0x08001d48   Section        0  usbd_core.o(i.USBD_Init)
    i.USBD_IsoINIncomplete                   0x08001d8a   Section        0  usbd_core.o(i.USBD_IsoINIncomplete)
    USBD_IsoINIncomplete                     0x08001d8b   Thumb Code    18  usbd_core.o(i.USBD_IsoINIncomplete)
    i.USBD_IsoOUTIncomplete                  0x08001d9c   Section        0  usbd_core.o(i.USBD_IsoOUTIncomplete)
    USBD_IsoOUTIncomplete                    0x08001d9d   Thumb Code    18  usbd_core.o(i.USBD_IsoOUTIncomplete)
    i.USBD_OTG_ISR_Handler                   0x08001dae   Section        0  usb_dcd_int.o(i.USBD_OTG_ISR_Handler)
    i.USBD_ParseSetupRequest                 0x08001e8e   Section        0  usbd_req.o(i.USBD_ParseSetupRequest)
    i.USBD_Reset                             0x08001ed6   Section        0  usbd_core.o(i.USBD_Reset)
    USBD_Reset                               0x08001ed7   Thumb Code    50  usbd_core.o(i.USBD_Reset)
    i.USBD_Resume                            0x08001f08   Section        0  usbd_core.o(i.USBD_Resume)
    USBD_Resume                              0x08001f09   Thumb Code    30  usbd_core.o(i.USBD_Resume)
    i.USBD_RunTestMode                       0x08001f28   Section        0  usbd_core.o(i.USBD_RunTestMode)
    USBD_RunTestMode                         0x08001f29   Thumb Code    14  usbd_core.o(i.USBD_RunTestMode)
    i.USBD_SOF                               0x08001f3c   Section        0  usbd_core.o(i.USBD_SOF)
    USBD_SOF                                 0x08001f3d   Thumb Code    26  usbd_core.o(i.USBD_SOF)
    i.USBD_SetAddress                        0x08001f56   Section        0  usbd_req.o(i.USBD_SetAddress)
    USBD_SetAddress                          0x08001f57   Thumb Code    92  usbd_req.o(i.USBD_SetAddress)
    i.USBD_SetCfg                            0x08001fb2   Section        0  usbd_core.o(i.USBD_SetCfg)
    i.USBD_SetConfig                         0x08001fd0   Section        0  usbd_req.o(i.USBD_SetConfig)
    USBD_SetConfig                           0x08001fd1   Thumb Code   204  usbd_req.o(i.USBD_SetConfig)
    i.USBD_SetFeature                        0x080020a0   Section        0  usbd_req.o(i.USBD_SetFeature)
    USBD_SetFeature                          0x080020a1   Thumb Code   160  usbd_req.o(i.USBD_SetFeature)
    i.USBD_SetupStage                        0x08002144   Section        0  usbd_core.o(i.USBD_SetupStage)
    USBD_SetupStage                          0x08002145   Thumb Code    84  usbd_core.o(i.USBD_SetupStage)
    i.USBD_StdDevReq                         0x08002198   Section        0  usbd_req.o(i.USBD_StdDevReq)
    i.USBD_StdEPReq                          0x0800220c   Section        0  usbd_req.o(i.USBD_StdEPReq)
    i.USBD_StdItfReq                         0x08002368   Section        0  usbd_req.o(i.USBD_StdItfReq)
    i.USBD_Suspend                           0x080023b4   Section        0  usbd_core.o(i.USBD_Suspend)
    USBD_Suspend                             0x080023b5   Thumb Code    32  usbd_core.o(i.USBD_Suspend)
    i.USBD_USR_ConfigStrDescriptor           0x080023d4   Section        0  usbd_desc.o(i.USBD_USR_ConfigStrDescriptor)
    i.USBD_USR_DeviceConfigured              0x08002408   Section        0  usbd_usr.o(i.USBD_USR_DeviceConfigured)
    i.USBD_USR_DeviceConnected               0x08002430   Section        0  usbd_usr.o(i.USBD_USR_DeviceConnected)
    i.USBD_USR_DeviceDescriptor              0x08002458   Section        0  usbd_desc.o(i.USBD_USR_DeviceDescriptor)
    i.USBD_USR_DeviceDisconnected            0x08002468   Section        0  usbd_usr.o(i.USBD_USR_DeviceDisconnected)
    i.USBD_USR_DeviceReset                   0x08002490   Section        0  usbd_usr.o(i.USBD_USR_DeviceReset)
    i.USBD_USR_DeviceResumed                 0x08002524   Section        0  usbd_usr.o(i.USBD_USR_DeviceResumed)
    i.USBD_USR_DeviceSuspended               0x0800254c   Section        0  usbd_usr.o(i.USBD_USR_DeviceSuspended)
    i.USBD_USR_Init                          0x08002578   Section        0  usbd_usr.o(i.USBD_USR_Init)
    i.USBD_USR_InterfaceStrDescriptor        0x080025e8   Section        0  usbd_desc.o(i.USBD_USR_InterfaceStrDescriptor)
    i.USBD_USR_LangIDStrDescriptor           0x08002620   Section        0  usbd_desc.o(i.USBD_USR_LangIDStrDescriptor)
    i.USBD_USR_ManufacturerStrDescriptor     0x08002630   Section        0  usbd_desc.o(i.USBD_USR_ManufacturerStrDescriptor)
    i.USBD_USR_ProductStrDescriptor          0x0800265c   Section        0  usbd_desc.o(i.USBD_USR_ProductStrDescriptor)
    i.USBD_USR_SerialStrDescriptor           0x080026ac   Section        0  usbd_desc.o(i.USBD_USR_SerialStrDescriptor)
    i.USB_OTG_BSP_EnableInterrupt            0x080026f4   Section        0  usb_bsp.o(i.USB_OTG_BSP_EnableInterrupt)
    i.USB_OTG_BSP_Init                       0x08002718   Section        0  usb_bsp.o(i.USB_OTG_BSP_Init)
    i.USB_OTG_BSP_mDelay                     0x08002790   Section        0  usb_bsp.o(i.USB_OTG_BSP_mDelay)
    i.USB_OTG_BSP_uDelay                     0x0800279c   Section        0  usb_bsp.o(i.USB_OTG_BSP_uDelay)
    i.USB_OTG_CoreInit                       0x080027a8   Section        0  usb_core.o(i.USB_OTG_CoreInit)
    i.USB_OTG_CoreInitDev                    0x080028ce   Section        0  usb_core.o(i.USB_OTG_CoreInitDev)
    i.USB_OTG_CoreReset                      0x08002ad8   Section        0  usb_core.o(i.USB_OTG_CoreReset)
    USB_OTG_CoreReset                        0x08002ad9   Thumb Code   108  usb_core.o(i.USB_OTG_CoreReset)
    i.USB_OTG_DisableGlobalInt               0x08002b48   Section        0  usb_core.o(i.USB_OTG_DisableGlobalInt)
    i.USB_OTG_EP0Activate                    0x08002b6a   Section        0  usb_core.o(i.USB_OTG_EP0Activate)
    i.USB_OTG_EP0StartXfer                   0x08002bd4   Section        0  usb_core.o(i.USB_OTG_EP0StartXfer)
    i.USB_OTG_EP0_OutStart                   0x08002d2a   Section        0  usb_core.o(i.USB_OTG_EP0_OutStart)
    i.USB_OTG_EPActivate                     0x08002d8c   Section        0  usb_core.o(i.USB_OTG_EPActivate)
    i.USB_OTG_EPClearStall                   0x08002e24   Section        0  usb_core.o(i.USB_OTG_EPClearStall)
    i.USB_OTG_EPDeactivate                   0x08002e74   Section        0  usb_core.o(i.USB_OTG_EPDeactivate)
    i.USB_OTG_EPSetStall                     0x08002ed2   Section        0  usb_core.o(i.USB_OTG_EPSetStall)
    i.USB_OTG_EPStartXfer                    0x08002f36   Section        0  usb_core.o(i.USB_OTG_EPStartXfer)
    i.USB_OTG_EnableCommonInt                0x0800312c   Section        0  usb_core.o(i.USB_OTG_EnableCommonInt)
    USB_OTG_EnableCommonInt                  0x0800312d   Thumb Code    52  usb_core.o(i.USB_OTG_EnableCommonInt)
    i.USB_OTG_EnableDevInt                   0x08003160   Section        0  usb_core.o(i.USB_OTG_EnableDevInt)
    i.USB_OTG_EnableGlobalInt                0x080031fa   Section        0  usb_core.o(i.USB_OTG_EnableGlobalInt)
    i.USB_OTG_FlushRxFifo                    0x0800321c   Section        0  usb_core.o(i.USB_OTG_FlushRxFifo)
    i.USB_OTG_FlushTxFifo                    0x08003268   Section        0  usb_core.o(i.USB_OTG_FlushTxFifo)
    i.USB_OTG_GetDeviceSpeed                 0x080032bc   Section        0  usb_core.o(i.USB_OTG_GetDeviceSpeed)
    i.USB_OTG_GetMode                        0x080032f0   Section        0  usb_core.o(i.USB_OTG_GetMode)
    i.USB_OTG_InitDevSpeed                   0x080032fc   Section        0  usb_core.o(i.USB_OTG_InitDevSpeed)
    i.USB_OTG_IsDeviceMode                   0x08003314   Section        0  usb_core.o(i.USB_OTG_IsDeviceMode)
    i.USB_OTG_ReadCoreItr                    0x0800332a   Section        0  usb_core.o(i.USB_OTG_ReadCoreItr)
    i.USB_OTG_ReadDevAllInEPItr              0x0800333a   Section        0  usb_core.o(i.USB_OTG_ReadDevAllInEPItr)
    i.USB_OTG_ReadDevAllOutEp_itr            0x0800334a   Section        0  usb_core.o(i.USB_OTG_ReadDevAllOutEp_itr)
    i.USB_OTG_ReadDevOutEP_itr               0x0800335a   Section        0  usb_core.o(i.USB_OTG_ReadDevOutEP_itr)
    i.USB_OTG_ReadPacket                     0x0800336e   Section        0  usb_core.o(i.USB_OTG_ReadPacket)
    i.USB_OTG_SelectCore                     0x08003398   Section        0  usb_core.o(i.USB_OTG_SelectCore)
    i.USB_OTG_SetCurrentMode                 0x08003468   Section        0  usb_core.o(i.USB_OTG_SetCurrentMode)
    i.USB_OTG_WritePacket                    0x080034b6   Section        0  usb_core.o(i.USB_OTG_WritePacket)
    i.UsageFault_Handler                     0x080034f6   Section        0  stm32f4xx_it.o(i.UsageFault_Handler)
    i._sys_exit                              0x080034fa   Section        0  usart.o(i._sys_exit)
    i.delay_init                             0x08003500   Section        0  delay.o(i.delay_init)
    i.delay_ms                               0x0800353c   Section        0  delay.o(i.delay_ms)
    i.delay_us                               0x08003574   Section        0  delay.o(i.delay_us)
    i.delay_xms                              0x080035c0   Section        0  delay.o(i.delay_xms)
    i.fputc                                  0x0800360c   Section        0  usart.o(i.fputc)
    i.main                                   0x08003628   Section        0  main.o(i.main)
    i.uart_init                              0x08003684   Section        0  usart.o(i.uart_init)
    x$fpl$fpinit                             0x08003730   Section       10  fpinit.o(x$fpl$fpinit)
    $v0                                      0x08003730   Number         0  fpinit.o(x$fpl$fpinit)
    .data                                    0x20000000   Section        4  delay.o(.data)
    fac_us                                   0x20000000   Data           1  delay.o(.data)
    fac_ms                                   0x20000002   Data           2  delay.o(.data)
    .data                                    0x20000004   Section        6  usart.o(.data)
    .data                                    0x2000000a   Section       16  stm32f4xx_rcc.o(.data)
    APBAHBPrescTable                         0x2000000a   Data          16  stm32f4xx_rcc.o(.data)
    .data                                    0x2000001c   Section       52  usbd_core.o(.data)
    .data                                    0x20000050   Section       13  usbd_req.o(.data)
    cfgidx                                   0x2000005c   Data           1  usbd_req.o(.data)
    .data                                    0x20000060   Section      153  usbd_hid_core.o(.data)
    USBD_HID_AltSet                          0x2000008c   Data           4  usbd_hid_core.o(.data)
    USBD_HID_Protocol                        0x20000090   Data           4  usbd_hid_core.o(.data)
    USBD_HID_IdleState                       0x20000094   Data           4  usbd_hid_core.o(.data)
    USBD_HID_CfgDesc                         0x20000098   Data          34  usbd_hid_core.o(.data)
    HID_MOUSE_ReportDesc                     0x200000ba   Data          63  usbd_hid_core.o(.data)
    .data                                    0x200000fc   Section       60  usbd_desc.o(.data)
    .data                                    0x20000138   Section       13  usbd_hid_keyboard.o(.data)
    s_key_sta                                0x20000138   Data           1  usbd_hid_keyboard.o(.data)
    HID_Mouse_Buffer                         0x20000139   Data           4  usbd_hid_keyboard.o(.data)
    HID_KeyBoard_Buffer                      0x2000013d   Data           8  usbd_hid_keyboard.o(.data)
    .data                                    0x20000148   Section       28  usbd_usr.o(.data)
    .bss                                     0x20000164   Section     1524  main.o(.bss)
    .bss                                     0x20000758   Section      200  usart.o(.bss)
    .bss                                     0x20000820   Section       64  usbd_req.o(.bss)
    .bss                                     0x20000860   Section       96  libspace.o(.bss)
    HEAP                                     0x200008c0   Section     1024  startup_stm32f40_41xxx.o(HEAP)
    Heap_Mem                                 0x200008c0   Data        1024  startup_stm32f40_41xxx.o(HEAP)
    STACK                                    0x20000cc0   Section     1024  startup_stm32f40_41xxx.o(STACK)
    Stack_Mem                                0x20000cc0   Data        1024  startup_stm32f40_41xxx.o(STACK)
    __initial_sp                             0x200010c0   Data           0  startup_stm32f40_41xxx.o(STACK)

    Global Symbols

    Symbol Name                              Value     Ov Type        Size  Object(Section)

    BuildAttributes$$THM_ISAv4$E$P$D$K$B$S$7EM$VFPi3$EXTD16$VFPS$VFMA$PE$A:L22UL41UL21$X:L11$S22US41US21$IEEE1$IW$USESV6$~STKCKD$USESV7$~SHL$OSPACE$ROPI$EBA8$UX$STANDARDLIB$REQ8$PRES8$EABIv2 0x00000000   Number         0  anon$$obj.o ABSOLUTE
    __ARM_use_no_argv                        0x00000000   Number         0  main.o ABSOLUTE
    __ARM_exceptions_init                     - Undefined Weak Reference
    __alloca_initialize                       - Undefined Weak Reference
    __arm_fini_                               - Undefined Weak Reference
    __arm_preinit_                            - Undefined Weak Reference
    __cpp_initialize__aeabi_                  - Undefined Weak Reference
    __cxa_finalize                            - Undefined Weak Reference
    __rt_locale                               - Undefined Weak Reference
    __sigvec_lookup                           - Undefined Weak Reference
    _atexit_init                              - Undefined Weak Reference
    _call_atexit_fns                          - Undefined Weak Reference
    _clock_init                               - Undefined Weak Reference
    _fp_trap_init                             - Undefined Weak Reference
    _fp_trap_shutdown                         - Undefined Weak Reference
    _get_lc_collate                           - Undefined Weak Reference
    _get_lc_ctype                             - Undefined Weak Reference
    _get_lc_monetary                          - Undefined Weak Reference
    _get_lc_numeric                           - Undefined Weak Reference
    _get_lc_time                              - Undefined Weak Reference
    _getenv_init                              - Undefined Weak Reference
    _handle_redirection                       - Undefined Weak Reference
    _init_alloc                               - Undefined Weak Reference
    _init_user_alloc                          - Undefined Weak Reference
    _initio                                   - Undefined Weak Reference
    _mutex_acquire                            - Undefined Weak Reference
    _mutex_release                            - Undefined Weak Reference
    _rand_init                                - Undefined Weak Reference
    _signal_finish                            - Undefined Weak Reference
    _signal_init                              - Undefined Weak Reference
    _terminate_alloc                          - Undefined Weak Reference
    _terminate_user_alloc                     - Undefined Weak Reference
    _terminateio                              - Undefined Weak Reference
    __Vectors_Size                           0x00000188   Number         0  startup_stm32f40_41xxx.o ABSOLUTE
    __Vectors                                0x08000000   Data           4  startup_stm32f40_41xxx.o(RESET)
    __Vectors_End                            0x08000188   Data           0  startup_stm32f40_41xxx.o(RESET)
    __main                                   0x08000189   Thumb Code     8  __main.o(!!!main)
    __scatterload                            0x08000191   Thumb Code     0  __scatter.o(!!!scatter)
    __scatterload_rt2                        0x08000191   Thumb Code    44  __scatter.o(!!!scatter)
    __scatterload_rt2_thumb_only             0x08000191   Thumb Code     0  __scatter.o(!!!scatter)
    __scatterload_null                       0x0800019f   Thumb Code     0  __scatter.o(!!!scatter)
    __decompress                             0x080001c5   Thumb Code    90  __dczerorl2.o(!!dczerorl2)
    __decompress1                            0x080001c5   Thumb Code     0  __dczerorl2.o(!!dczerorl2)
    __scatterload_zeroinit                   0x08000221   Thumb Code    28  __scatter_zi.o(!!handler_zi)
    __rt_lib_init                            0x0800023d   Thumb Code     0  libinit.o(.ARM.Collect$$libinit$$00000000)
    __rt_lib_init_fp_1                       0x0800023f   Thumb Code     0  libinit2.o(.ARM.Collect$$libinit$$00000001)
    __rt_lib_init_alloca_1                   0x08000243   Thumb Code     0  libinit2.o(.ARM.Collect$$libinit$$0000002E)
    __rt_lib_init_argv_1                     0x08000243   Thumb Code     0  libinit2.o(.ARM.Collect$$libinit$$0000002C)
    __rt_lib_init_atexit_1                   0x08000243   Thumb Code     0  libinit2.o(.ARM.Collect$$libinit$$0000001B)
    __rt_lib_init_clock_1                    0x08000243   Thumb Code     0  libinit2.o(.ARM.Collect$$libinit$$00000021)
    __rt_lib_init_cpp_1                      0x08000243   Thumb Code     0  libinit2.o(.ARM.Collect$$libinit$$00000032)
    __rt_lib_init_exceptions_1               0x08000243   Thumb Code     0  libinit2.o(.ARM.Collect$$libinit$$00000030)
    __rt_lib_init_fp_trap_1                  0x08000243   Thumb Code     0  libinit2.o(.ARM.Collect$$libinit$$0000001F)
    __rt_lib_init_getenv_1                   0x08000243   Thumb Code     0  libinit2.o(.ARM.Collect$$libinit$$00000023)
    __rt_lib_init_heap_1                     0x08000243   Thumb Code     0  libinit2.o(.ARM.Collect$$libinit$$0000000A)
    __rt_lib_init_lc_collate_1               0x08000243   Thumb Code     0  libinit2.o(.ARM.Collect$$libinit$$00000011)
    __rt_lib_init_lc_ctype_1                 0x08000243   Thumb Code     0  libinit2.o(.ARM.Collect$$libinit$$00000013)
    __rt_lib_init_lc_monetary_1              0x08000243   Thumb Code     0  libinit2.o(.ARM.Collect$$libinit$$00000015)
    __rt_lib_init_lc_numeric_1               0x08000243   Thumb Code     0  libinit2.o(.ARM.Collect$$libinit$$00000017)
    __rt_lib_init_lc_time_1                  0x08000243   Thumb Code     0  libinit2.o(.ARM.Collect$$libinit$$00000019)
    __rt_lib_init_preinit_1                  0x08000243   Thumb Code     0  libinit2.o(.ARM.Collect$$libinit$$00000004)
    __rt_lib_init_rand_1                     0x08000243   Thumb Code     0  libinit2.o(.ARM.Collect$$libinit$$0000000E)
    __rt_lib_init_return                     0x08000243   Thumb Code     0  libinit2.o(.ARM.Collect$$libinit$$00000033)
    __rt_lib_init_signal_1                   0x08000243   Thumb Code     0  libinit2.o(.ARM.Collect$$libinit$$0000001D)
    __rt_lib_init_stdio_1                    0x08000243   Thumb Code     0  libinit2.o(.ARM.Collect$$libinit$$00000025)
    __rt_lib_init_user_alloc_1               0x08000243   Thumb Code     0  libinit2.o(.ARM.Collect$$libinit$$0000000C)
    __rt_lib_shutdown                        0x08000245   Thumb Code     0  libshutdown.o(.ARM.Collect$$libshutdown$$00000000)
    __rt_lib_shutdown_cpp_1                  0x08000247   Thumb Code     0  libshutdown2.o(.ARM.Collect$$libshutdown$$00000004)
    __rt_lib_shutdown_fini_1                 0x08000247   Thumb Code     0  libshutdown2.o(.ARM.Collect$$libshutdown$$00000002)
    __rt_lib_shutdown_fp_trap_1              0x08000247   Thumb Code     0  libshutdown2.o(.ARM.Collect$$libshutdown$$00000009)
    __rt_lib_shutdown_heap_1                 0x08000247   Thumb Code     0  libshutdown2.o(.ARM.Collect$$libshutdown$$00000011)
    __rt_lib_shutdown_return                 0x08000247   Thumb Code     0  libshutdown2.o(.ARM.Collect$$libshutdown$$00000012)
    __rt_lib_shutdown_signal_1               0x08000247   Thumb Code     0  libshutdown2.o(.ARM.Collect$$libshutdown$$0000000C)
    __rt_lib_shutdown_stdio_1                0x08000247   Thumb Code     0  libshutdown2.o(.ARM.Collect$$libshutdown$$00000006)
    __rt_lib_shutdown_user_alloc_1           0x08000247   Thumb Code     0  libshutdown2.o(.ARM.Collect$$libshutdown$$0000000E)
    __rt_entry                               0x08000249   Thumb Code     0  __rtentry.o(.ARM.Collect$$rtentry$$00000000)
    __rt_entry_presh_1                       0x08000249   Thumb Code     0  __rtentry2.o(.ARM.Collect$$rtentry$$00000002)
    __rt_entry_sh                            0x08000249   Thumb Code     0  __rtentry4.o(.ARM.Collect$$rtentry$$00000004)
    __rt_entry_li                            0x0800024f   Thumb Code     0  __rtentry2.o(.ARM.Collect$$rtentry$$0000000A)
    __rt_entry_postsh_1                      0x0800024f   Thumb Code     0  __rtentry2.o(.ARM.Collect$$rtentry$$00000009)
    __rt_entry_main                          0x08000253   Thumb Code     0  __rtentry2.o(.ARM.Collect$$rtentry$$0000000D)
    __rt_entry_postli_1                      0x08000253   Thumb Code     0  __rtentry2.o(.ARM.Collect$$rtentry$$0000000C)
    __rt_exit                                0x0800025b   Thumb Code     0  rtexit.o(.ARM.Collect$$rtexit$$00000000)
    __rt_exit_ls                             0x0800025d   Thumb Code     0  rtexit2.o(.ARM.Collect$$rtexit$$00000003)
    __rt_exit_prels_1                        0x0800025d   Thumb Code     0  rtexit2.o(.ARM.Collect$$rtexit$$00000002)
    __rt_exit_exit                           0x08000261   Thumb Code     0  rtexit2.o(.ARM.Collect$$rtexit$$00000004)
    Reset_Handler                            0x08000269   Thumb Code     8  startup_stm32f40_41xxx.o(.text)
    ADC_IRQHandler                           0x08000283   Thumb Code     0  startup_stm32f40_41xxx.o(.text)
    CAN1_RX0_IRQHandler                      0x08000283   Thumb Code     0  startup_stm32f40_41xxx.o(.text)
    CAN1_RX1_IRQHandler                      0x08000283   Thumb Code     0  startup_stm32f40_41xxx.o(.text)
    CAN1_SCE_IRQHandler                      0x08000283   Thumb Code     0  startup_stm32f40_41xxx.o(.text)
    CAN1_TX_IRQHandler                       0x08000283   Thumb Code     0  startup_stm32f40_41xxx.o(.text)
    CAN2_RX0_IRQHandler                      0x08000283   Thumb Code     0  startup_stm32f40_41xxx.o(.text)
    CAN2_RX1_IRQHandler                      0x08000283   Thumb Code     0  startup_stm32f40_41xxx.o(.text)
    CAN2_SCE_IRQHandler                      0x08000283   Thumb Code     0  startup_stm32f40_41xxx.o(.text)
    CAN2_TX_IRQHandler                       0x08000283   Thumb Code     0  startup_stm32f40_41xxx.o(.text)
    CRYP_IRQHandler                          0x08000283   Thumb Code     0  startup_stm32f40_41xxx.o(.text)
    DCMI_IRQHandler                          0x08000283   Thumb Code     0  startup_stm32f40_41xxx.o(.text)
    DMA1_Stream0_IRQHandler                  0x08000283   Thumb Code     0  startup_stm32f40_41xxx.o(.text)
    DMA1_Stream1_IRQHandler                  0x08000283   Thumb Code     0  startup_stm32f40_41xxx.o(.text)
    DMA1_Stream2_IRQHandler                  0x08000283   Thumb Code     0  startup_stm32f40_41xxx.o(.text)
    DMA1_Stream3_IRQHandler                  0x08000283   Thumb Code     0  startup_stm32f40_41xxx.o(.text)
    DMA1_Stream4_IRQHandler                  0x08000283   Thumb Code     0  startup_stm32f40_41xxx.o(.text)
    DMA1_Stream5_IRQHandler                  0x08000283   Thumb Code     0  startup_stm32f40_41xxx.o(.text)
    DMA1_Stream6_IRQHandler                  0x08000283   Thumb Code     0  startup_stm32f40_41xxx.o(.text)
    DMA1_Stream7_IRQHandler                  0x08000283   Thumb Code     0  startup_stm32f40_41xxx.o(.text)
    DMA2_Stream0_IRQHandler                  0x08000283   Thumb Code     0  startup_stm32f40_41xxx.o(.text)
    DMA2_Stream1_IRQHandler                  0x08000283   Thumb Code     0  startup_stm32f40_41xxx.o(.text)
    DMA2_Stream2_IRQHandler                  0x08000283   Thumb Code     0  startup_stm32f40_41xxx.o(.text)
    DMA2_Stream3_IRQHandler                  0x08000283   Thumb Code     0  startup_stm32f40_41xxx.o(.text)
    DMA2_Stream4_IRQHandler                  0x08000283   Thumb Code     0  startup_stm32f40_41xxx.o(.text)
    DMA2_Stream5_IRQHandler                  0x08000283   Thumb Code     0  startup_stm32f40_41xxx.o(.text)
    DMA2_Stream6_IRQHandler                  0x08000283   Thumb Code     0  startup_stm32f40_41xxx.o(.text)
    DMA2_Stream7_IRQHandler                  0x08000283   Thumb Code     0  startup_stm32f40_41xxx.o(.text)
    ETH_IRQHandler                           0x08000283   Thumb Code     0  startup_stm32f40_41xxx.o(.text)
    ETH_WKUP_IRQHandler                      0x08000283   Thumb Code     0  startup_stm32f40_41xxx.o(.text)
    EXTI15_10_IRQHandler                     0x08000283   Thumb Code     0  startup_stm32f40_41xxx.o(.text)
    EXTI1_IRQHandler                         0x08000283   Thumb Code     0  startup_stm32f40_41xxx.o(.text)
    EXTI9_5_IRQHandler                       0x08000283   Thumb Code     0  startup_stm32f40_41xxx.o(.text)
    FLASH_IRQHandler                         0x08000283   Thumb Code     0  startup_stm32f40_41xxx.o(.text)
    FPU_IRQHandler                           0x08000283   Thumb Code     0  startup_stm32f40_41xxx.o(.text)
    FSMC_IRQHandler                          0x08000283   Thumb Code     0  startup_stm32f40_41xxx.o(.text)
    HASH_RNG_IRQHandler                      0x08000283   Thumb Code     0  startup_stm32f40_41xxx.o(.text)
    I2C1_ER_IRQHandler                       0x08000283   Thumb Code     0  startup_stm32f40_41xxx.o(.text)
    I2C1_EV_IRQHandler                       0x08000283   Thumb Code     0  startup_stm32f40_41xxx.o(.text)
    I2C2_ER_IRQHandler                       0x08000283   Thumb Code     0  startup_stm32f40_41xxx.o(.text)
    I2C2_EV_IRQHandler                       0x08000283   Thumb Code     0  startup_stm32f40_41xxx.o(.text)
    I2C3_ER_IRQHandler                       0x08000283   Thumb Code     0  startup_stm32f40_41xxx.o(.text)
    I2C3_EV_IRQHandler                       0x08000283   Thumb Code     0  startup_stm32f40_41xxx.o(.text)
    OTG_FS_WKUP_IRQHandler                   0x08000283   Thumb Code     0  startup_stm32f40_41xxx.o(.text)
    OTG_HS_EP1_IN_IRQHandler                 0x08000283   Thumb Code     0  startup_stm32f40_41xxx.o(.text)
    OTG_HS_EP1_OUT_IRQHandler                0x08000283   Thumb Code     0  startup_stm32f40_41xxx.o(.text)
    OTG_HS_IRQHandler                        0x08000283   Thumb Code     0  startup_stm32f40_41xxx.o(.text)
    OTG_HS_WKUP_IRQHandler                   0x08000283   Thumb Code     0  startup_stm32f40_41xxx.o(.text)
    PVD_IRQHandler                           0x08000283   Thumb Code     0  startup_stm32f40_41xxx.o(.text)
    RCC_IRQHandler                           0x08000283   Thumb Code     0  startup_stm32f40_41xxx.o(.text)
    RTC_Alarm_IRQHandler                     0x08000283   Thumb Code     0  startup_stm32f40_41xxx.o(.text)
    RTC_WKUP_IRQHandler                      0x08000283   Thumb Code     0  startup_stm32f40_41xxx.o(.text)
    SDIO_IRQHandler                          0x08000283   Thumb Code     0  startup_stm32f40_41xxx.o(.text)
    SPI1_IRQHandler                          0x08000283   Thumb Code     0  startup_stm32f40_41xxx.o(.text)
    SPI2_IRQHandler                          0x08000283   Thumb Code     0  startup_stm32f40_41xxx.o(.text)
    SPI3_IRQHandler                          0x08000283   Thumb Code     0  startup_stm32f40_41xxx.o(.text)
    TAMP_STAMP_IRQHandler                    0x08000283   Thumb Code     0  startup_stm32f40_41xxx.o(.text)
    TIM1_BRK_TIM9_IRQHandler                 0x08000283   Thumb Code     0  startup_stm32f40_41xxx.o(.text)
    TIM1_CC_IRQHandler                       0x08000283   Thumb Code     0  startup_stm32f40_41xxx.o(.text)
    TIM1_TRG_COM_TIM11_IRQHandler            0x08000283   Thumb Code     0  startup_stm32f40_41xxx.o(.text)
    TIM1_UP_TIM10_IRQHandler                 0x08000283   Thumb Code     0  startup_stm32f40_41xxx.o(.text)
    TIM2_IRQHandler                          0x08000283   Thumb Code     0  startup_stm32f40_41xxx.o(.text)
    TIM3_IRQHandler                          0x08000283   Thumb Code     0  startup_stm32f40_41xxx.o(.text)
    TIM4_IRQHandler                          0x08000283   Thumb Code     0  startup_stm32f40_41xxx.o(.text)
    TIM5_IRQHandler                          0x08000283   Thumb Code     0  startup_stm32f40_41xxx.o(.text)
    TIM6_DAC_IRQHandler                      0x08000283   Thumb Code     0  startup_stm32f40_41xxx.o(.text)
    TIM7_IRQHandler                          0x08000283   Thumb Code     0  startup_stm32f40_41xxx.o(.text)
    TIM8_BRK_TIM12_IRQHandler                0x08000283   Thumb Code     0  startup_stm32f40_41xxx.o(.text)
    TIM8_CC_IRQHandler                       0x08000283   Thumb Code     0  startup_stm32f40_41xxx.o(.text)
    TIM8_TRG_COM_TIM14_IRQHandler            0x08000283   Thumb Code     0  startup_stm32f40_41xxx.o(.text)
    TIM8_UP_TIM13_IRQHandler                 0x08000283   Thumb Code     0  startup_stm32f40_41xxx.o(.text)
    UART4_IRQHandler                         0x08000283   Thumb Code     0  startup_stm32f40_41xxx.o(.text)
    UART5_IRQHandler                         0x08000283   Thumb Code     0  startup_stm32f40_41xxx.o(.text)
    USART2_IRQHandler                        0x08000283   Thumb Code     0  startup_stm32f40_41xxx.o(.text)
    USART3_IRQHandler                        0x08000283   Thumb Code     0  startup_stm32f40_41xxx.o(.text)
    USART6_IRQHandler                        0x08000283   Thumb Code     0  startup_stm32f40_41xxx.o(.text)
    WWDG_IRQHandler                          0x08000283   Thumb Code     0  startup_stm32f40_41xxx.o(.text)
    __user_initial_stackheap                 0x08000285   Thumb Code     0  startup_stm32f40_41xxx.o(.text)
    __use_no_semihosting                     0x080002a9   Thumb Code     2  use_no_semi_2.o(.text)
    __2printf                                0x080002ad   Thumb Code    20  noretval__2printf.o(.text)
    __use_two_region_memory                  0x080002c5   Thumb Code     2  heapauxi.o(.text)
    __rt_heap_escrow$2region                 0x080002c7   Thumb Code     2  heapauxi.o(.text)
    __rt_heap_expand$2region                 0x080002c9   Thumb Code     2  heapauxi.o(.text)
    __I$use$semihosting                      0x080002cb   Thumb Code     0  use_no_semi.o(.text)
    __use_no_semihosting_swi                 0x080002cb   Thumb Code     2  use_no_semi.o(.text)
    _printf_char_file                        0x080002cd   Thumb Code    32  _printf_char_file.o(.text)
    _printf_char_common                      0x080002fb   Thumb Code    32  _printf_char_common.o(.text)
    ferror                                   0x08000321   Thumb Code     8  ferror.o(.text)
    __user_setup_stackheap                   0x08000329   Thumb Code    74  sys_stackheap_outer.o(.text)
    __printf                                 0x08000373   Thumb Code    40  __printf_nopercent.o(.text)
    exit                                     0x0800039b   Thumb Code    18  exit.o(.text)
    __user_libspace                          0x080003ad   Thumb Code     8  libspace.o(.text)
    __user_perproc_libspace                  0x080003ad   Thumb Code     0  libspace.o(.text)
    __user_perthread_libspace                0x080003ad   Thumb Code     0  libspace.o(.text)
    BusFault_Handler                         0x080003b5   Thumb Code     4  stm32f4xx_it.o(i.BusFault_Handler)
    DCD_EP_Close                             0x080003b9   Thumb Code    74  usb_dcd.o(i.DCD_EP_Close)
    DCD_EP_ClrStall                          0x08000403   Thumb Code    72  usb_dcd.o(i.DCD_EP_ClrStall)
    DCD_EP_Flush                             0x0800044b   Thumb Code    36  usb_dcd.o(i.DCD_EP_Flush)
    DCD_EP_Open                              0x0800046f   Thumb Code   104  usb_dcd.o(i.DCD_EP_Open)
    DCD_EP_PrepareRx                         0x080004d7   Thumb Code    82  usb_dcd.o(i.DCD_EP_PrepareRx)
    DCD_EP_SetAddress                        0x08000529   Thumb Code    28  usb_dcd.o(i.DCD_EP_SetAddress)
    DCD_EP_Stall                             0x08000545   Thumb Code    72  usb_dcd.o(i.DCD_EP_Stall)
    DCD_EP_Tx                                0x0800058d   Thumb Code    78  usb_dcd.o(i.DCD_EP_Tx)
    DCD_Init                                 0x08000b75   Thumb Code   156  usb_dcd.o(i.DCD_Init)
    DebugMon_Handler                         0x08000d21   Thumb Code     2  stm32f4xx_it.o(i.DebugMon_Handler)
    EXTI0_IRQHandler                         0x08000d25   Thumb Code    40  key.o(i.EXTI0_IRQHandler)
    EXTI2_IRQHandler                         0x08000d51   Thumb Code    40  key.o(i.EXTI2_IRQHandler)
    EXTI3_IRQHandler                         0x08000d7d   Thumb Code    40  key.o(i.EXTI3_IRQHandler)
    EXTI4_IRQHandler                         0x08000da9   Thumb Code    40  key.o(i.EXTI4_IRQHandler)
    EXTIX_Init                               0x08000dd5   Thumb Code   222  key.o(i.EXTIX_Init)
    EXTI_ClearITPendingBit                   0x08000eb5   Thumb Code     6  stm32f4xx_exti.o(i.EXTI_ClearITPendingBit)
    EXTI_Init                                0x08000ec1   Thumb Code   142  stm32f4xx_exti.o(i.EXTI_Init)
    GPIO_Init                                0x08000f55   Thumb Code   144  stm32f4xx_gpio.o(i.GPIO_Init)
    GPIO_PinAFConfig                         0x08000fe5   Thumb Code    70  stm32f4xx_gpio.o(i.GPIO_PinAFConfig)
    GPIO_ReadInputDataBit                    0x0800102b   Thumb Code    18  stm32f4xx_gpio.o(i.GPIO_ReadInputDataBit)
    GPIO_SetBits                             0x0800103d   Thumb Code     4  stm32f4xx_gpio.o(i.GPIO_SetBits)
    Get_Key_Sta                              0x08001041   Thumb Code     6  usbd_hid_keyboard.o(i.Get_Key_Sta)
    HardFault_Handler                        0x0800104d   Thumb Code     4  stm32f4xx_it.o(i.HardFault_Handler)
    KEY_Init                                 0x08001051   Thumb Code    60  key.o(i.KEY_Init)
    LED_Init                                 0x08001095   Thumb Code    60  led.o(i.LED_Init)
    MemManage_Handler                        0x080010d5   Thumb Code     4  stm32f4xx_it.o(i.MemManage_Handler)
    NMI_Handler                              0x080010d9   Thumb Code     2  stm32f4xx_it.o(i.NMI_Handler)
    NVIC_Init                                0x080010dd   Thumb Code   106  misc.o(i.NVIC_Init)
    NVIC_PriorityGroupConfig                 0x08001155   Thumb Code    10  misc.o(i.NVIC_PriorityGroupConfig)
    OTG_FS_IRQHandler                        0x08001169   Thumb Code    10  stm32f4xx_it.o(i.OTG_FS_IRQHandler)
    PendSV_Handler                           0x08001179   Thumb Code     2  stm32f4xx_it.o(i.PendSV_Handler)
    RCC_AHB1PeriphClockCmd                   0x0800117d   Thumb Code    26  stm32f4xx_rcc.o(i.RCC_AHB1PeriphClockCmd)
    RCC_AHB2PeriphClockCmd                   0x0800119d   Thumb Code    26  stm32f4xx_rcc.o(i.RCC_AHB2PeriphClockCmd)
    RCC_APB2PeriphClockCmd                   0x080011bd   Thumb Code    26  stm32f4xx_rcc.o(i.RCC_APB2PeriphClockCmd)
    RCC_GetClocksFreq                        0x080011dd   Thumb Code   214  stm32f4xx_rcc.o(i.RCC_GetClocksFreq)
    SVC_Handler                              0x080012c5   Thumb Code     2  stm32f4xx_it.o(i.SVC_Handler)
    SYSCFG_EXTILineConfig                    0x080012c9   Thumb Code    60  stm32f4xx_syscfg.o(i.SYSCFG_EXTILineConfig)
    Set_Key_Sta                              0x080013f5   Thumb Code     6  usbd_hid_keyboard.o(i.Set_Key_Sta)
    SysTick_CLKSourceConfig                  0x08001401   Thumb Code    40  misc.o(i.SysTick_CLKSourceConfig)
    SysTick_Handler                          0x08001429   Thumb Code     2  stm32f4xx_it.o(i.SysTick_Handler)
    SystemInit                               0x0800142d   Thumb Code    88  system_stm32f4xx.o(i.SystemInit)
    USART1_IRQHandler                        0x08001495   Thumb Code   122  usart.o(i.USART1_IRQHandler)
    USART_Cmd                                0x0800151d   Thumb Code    24  stm32f4xx_usart.o(i.USART_Cmd)
    USART_GetITStatus                        0x08001535   Thumb Code    84  stm32f4xx_usart.o(i.USART_GetITStatus)
    USART_ITConfig                           0x08001589   Thumb Code    74  stm32f4xx_usart.o(i.USART_ITConfig)
    USART_Init                               0x080015d5   Thumb Code   204  stm32f4xx_usart.o(i.USART_Init)
    USART_ReceiveData                        0x080016a9   Thumb Code    10  stm32f4xx_usart.o(i.USART_ReceiveData)
    USBD_ClrCfg                              0x080016b3   Thumb Code    22  usbd_core.o(i.USBD_ClrCfg)
    USBD_CtlContinueRx                       0x08001711   Thumb Code    30  usbd_ioreq.o(i.USBD_CtlContinueRx)
    USBD_CtlContinueSendData                 0x0800172f   Thumb Code    30  usbd_ioreq.o(i.USBD_CtlContinueSendData)
    USBD_CtlError                            0x0800174d   Thumb Code    30  usbd_req.o(i.USBD_CtlError)
    USBD_CtlReceiveStatus                    0x0800176b   Thumb Code    36  usbd_ioreq.o(i.USBD_CtlReceiveStatus)
    USBD_CtlSendData                         0x0800178f   Thumb Code    46  usbd_ioreq.o(i.USBD_CtlSendData)
    USBD_CtlSendStatus                       0x080017bd   Thumb Code    36  usbd_ioreq.o(i.USBD_CtlSendStatus)
    USBD_DeInit                              0x08001947   Thumb Code     6  usbd_core.o(i.USBD_DeInit)
    USBD_GetString                           0x08001b29   Thumb Code    82  usbd_req.o(i.USBD_GetString)
    USBD_HID_KeyBoard_GetPos                 0x08001bdd   Thumb Code    86  usbd_hid_keyboard.o(i.USBD_HID_KeyBoard_GetPos)
    USBD_HID_SendReport                      0x08001c39   Thumb Code    34  usbd_hid_core.o(i.USBD_HID_SendReport)
    USBD_Init                                0x08001d49   Thumb Code    66  usbd_core.o(i.USBD_Init)
    USBD_OTG_ISR_Handler                     0x08001daf   Thumb Code   224  usb_dcd_int.o(i.USBD_OTG_ISR_Handler)
    USBD_ParseSetupRequest                   0x08001e8f   Thumb Code    72  usbd_req.o(i.USBD_ParseSetupRequest)
    USBD_SetCfg                              0x08001fb3   Thumb Code    30  usbd_core.o(i.USBD_SetCfg)
    USBD_StdDevReq                           0x08002199   Thumb Code   114  usbd_req.o(i.USBD_StdDevReq)
    USBD_StdEPReq                            0x0800220d   Thumb Code   344  usbd_req.o(i.USBD_StdEPReq)
    USBD_StdItfReq                           0x08002369   Thumb Code    76  usbd_req.o(i.USBD_StdItfReq)
    USBD_USR_ConfigStrDescriptor             0x080023d5   Thumb Code    34  usbd_desc.o(i.USBD_USR_ConfigStrDescriptor)
    USBD_USR_DeviceConfigured                0x08002409   Thumb Code    10  usbd_usr.o(i.USBD_USR_DeviceConfigured)
    USBD_USR_DeviceConnected                 0x08002431   Thumb Code    10  usbd_usr.o(i.USBD_USR_DeviceConnected)
    USBD_USR_DeviceDescriptor                0x08002459   Thumb Code    10  usbd_desc.o(i.USBD_USR_DeviceDescriptor)
    USBD_USR_DeviceDisconnected              0x08002469   Thumb Code    10  usbd_usr.o(i.USBD_USR_DeviceDisconnected)
    USBD_USR_DeviceReset                     0x08002491   Thumb Code    40  usbd_usr.o(i.USBD_USR_DeviceReset)
    USBD_USR_DeviceResumed                   0x08002525   Thumb Code    10  usbd_usr.o(i.USBD_USR_DeviceResumed)
    USBD_USR_DeviceSuspended                 0x0800254d   Thumb Code    10  usbd_usr.o(i.USBD_USR_DeviceSuspended)
    USBD_USR_Init                            0x08002579   Thumb Code    22  usbd_usr.o(i.USBD_USR_Init)
    USBD_USR_InterfaceStrDescriptor          0x080025e9   Thumb Code    34  usbd_desc.o(i.USBD_USR_InterfaceStrDescriptor)
    USBD_USR_LangIDStrDescriptor             0x08002621   Thumb Code    10  usbd_desc.o(i.USBD_USR_LangIDStrDescriptor)
    USBD_USR_ManufacturerStrDescriptor       0x08002631   Thumb Code    20  usbd_desc.o(i.USBD_USR_ManufacturerStrDescriptor)
    USBD_USR_ProductStrDescriptor            0x0800265d   Thumb Code    34  usbd_desc.o(i.USBD_USR_ProductStrDescriptor)
    USBD_USR_SerialStrDescriptor             0x080026ad   Thumb Code    34  usbd_desc.o(i.USBD_USR_SerialStrDescriptor)
    USB_OTG_BSP_EnableInterrupt              0x080026f5   Thumb Code    36  usb_bsp.o(i.USB_OTG_BSP_EnableInterrupt)
    USB_OTG_BSP_Init                         0x08002719   Thumb Code   112  usb_bsp.o(i.USB_OTG_BSP_Init)
    USB_OTG_BSP_mDelay                       0x08002791   Thumb Code    12  usb_bsp.o(i.USB_OTG_BSP_mDelay)
    USB_OTG_BSP_uDelay                       0x0800279d   Thumb Code    12  usb_bsp.o(i.USB_OTG_BSP_uDelay)
    USB_OTG_CoreInit                         0x080027a9   Thumb Code   294  usb_core.o(i.USB_OTG_CoreInit)
    USB_OTG_CoreInitDev                      0x080028cf   Thumb Code   522  usb_core.o(i.USB_OTG_CoreInitDev)
    USB_OTG_DisableGlobalInt                 0x08002b49   Thumb Code    34  usb_core.o(i.USB_OTG_DisableGlobalInt)
    USB_OTG_EP0Activate                      0x08002b6b   Thumb Code   106  usb_core.o(i.USB_OTG_EP0Activate)
    USB_OTG_EP0StartXfer                     0x08002bd5   Thumb Code   342  usb_core.o(i.USB_OTG_EP0StartXfer)
    USB_OTG_EP0_OutStart                     0x08002d2b   Thumb Code    98  usb_core.o(i.USB_OTG_EP0_OutStart)
    USB_OTG_EPActivate                       0x08002d8d   Thumb Code   152  usb_core.o(i.USB_OTG_EPActivate)
    USB_OTG_EPClearStall                     0x08002e25   Thumb Code    80  usb_core.o(i.USB_OTG_EPClearStall)
    USB_OTG_EPDeactivate                     0x08002e75   Thumb Code    94  usb_core.o(i.USB_OTG_EPDeactivate)
    USB_OTG_EPSetStall                       0x08002ed3   Thumb Code   100  usb_core.o(i.USB_OTG_EPSetStall)
    USB_OTG_EPStartXfer                      0x08002f37   Thumb Code   502  usb_core.o(i.USB_OTG_EPStartXfer)
    USB_OTG_EnableDevInt                     0x08003161   Thumb Code   154  usb_core.o(i.USB_OTG_EnableDevInt)
    USB_OTG_EnableGlobalInt                  0x080031fb   Thumb Code    34  usb_core.o(i.USB_OTG_EnableGlobalInt)
    USB_OTG_FlushRxFifo                      0x0800321d   Thumb Code    70  usb_core.o(i.USB_OTG_FlushRxFifo)
    USB_OTG_FlushTxFifo                      0x08003269   Thumb Code    80  usb_core.o(i.USB_OTG_FlushTxFifo)
    USB_OTG_GetDeviceSpeed                   0x080032bd   Thumb Code    52  usb_core.o(i.USB_OTG_GetDeviceSpeed)
    USB_OTG_GetMode                          0x080032f1   Thumb Code    12  usb_core.o(i.USB_OTG_GetMode)
    USB_OTG_InitDevSpeed                     0x080032fd   Thumb Code    24  usb_core.o(i.USB_OTG_InitDevSpeed)
    USB_OTG_IsDeviceMode                     0x08003315   Thumb Code    22  usb_core.o(i.USB_OTG_IsDeviceMode)
    USB_OTG_ReadCoreItr                      0x0800332b   Thumb Code    16  usb_core.o(i.USB_OTG_ReadCoreItr)
    USB_OTG_ReadDevAllInEPItr                0x0800333b   Thumb Code    16  usb_core.o(i.USB_OTG_ReadDevAllInEPItr)
    USB_OTG_ReadDevAllOutEp_itr              0x0800334b   Thumb Code    16  usb_core.o(i.USB_OTG_ReadDevAllOutEp_itr)
    USB_OTG_ReadDevOutEP_itr                 0x0800335b   Thumb Code    20  usb_core.o(i.USB_OTG_ReadDevOutEP_itr)
    USB_OTG_ReadPacket                       0x0800336f   Thumb Code    40  usb_core.o(i.USB_OTG_ReadPacket)
    USB_OTG_SelectCore                       0x08003399   Thumb Code   204  usb_core.o(i.USB_OTG_SelectCore)
    USB_OTG_SetCurrentMode                   0x08003469   Thumb Code    78  usb_core.o(i.USB_OTG_SetCurrentMode)
    USB_OTG_WritePacket                      0x080034b7   Thumb Code    64  usb_core.o(i.USB_OTG_WritePacket)
    UsageFault_Handler                       0x080034f7   Thumb Code     4  stm32f4xx_it.o(i.UsageFault_Handler)
    _sys_exit                                0x080034fb   Thumb Code     6  usart.o(i._sys_exit)
    delay_init                               0x08003501   Thumb Code    52  delay.o(i.delay_init)
    delay_ms                                 0x0800353d   Thumb Code    56  delay.o(i.delay_ms)
    delay_us                                 0x08003575   Thumb Code    72  delay.o(i.delay_us)
    delay_xms                                0x080035c1   Thumb Code    72  delay.o(i.delay_xms)
    fputc                                    0x0800360d   Thumb Code    22  usart.o(i.fputc)
    main                                     0x08003629   Thumb Code    74  main.o(i.main)
    uart_init                                0x08003685   Thumb Code   164  usart.o(i.uart_init)
    _fp_init                                 0x08003731   Thumb Code    10  fpinit.o(x$fpl$fpinit)
    __fplib_config_fpu_vfp                   0x08003739   Thumb Code     0  fpinit.o(x$fpl$fpinit)
    __fplib_config_pureend_doubles           0x08003739   Thumb Code     0  fpinit.o(x$fpl$fpinit)
    Region$$Table$$Base                      0x0800373c   Number         0  anon$$obj.o(Region$$Table)
    Region$$Table$$Limit                     0x0800375c   Number         0  anon$$obj.o(Region$$Table)
    __stdout                                 0x20000004   Data           4  usart.o(.data)
    USART_RX_STA                             0x20000008   Data           2  usart.o(.data)
    SET_TEST_MODE                            0x2000001c   Data           4  usbd_core.o(.data)
    USBD_DCD_INT_cb                          0x20000020   Data          44  usbd_core.o(.data)
    USBD_DCD_INT_fops                        0x2000004c   Data           4  usbd_core.o(.data)
    USBD_ep_status                           0x20000050   Data           4  usbd_req.o(.data)
    USBD_default_cfg                         0x20000054   Data           4  usbd_req.o(.data)
    USBD_cfg_status                          0x20000058   Data           4  usbd_req.o(.data)
    USBD_HID_cb                              0x20000060   Data          44  usbd_hid_core.o(.data)
    USR_desc                                 0x200000fc   Data          28  usbd_desc.o(.data)
    USBD_DeviceDesc                          0x20000118   Data          18  usbd_desc.o(.data)
    USBD_DeviceQualifierDesc                 0x2000012a   Data          10  usbd_desc.o(.data)
    USBD_LangIDDesc                          0x20000134   Data           4  usbd_desc.o(.data)
    USR_cb                                   0x20000148   Data          28  usbd_usr.o(.data)
    USB_OTG_dev                              0x20000164   Data        1524  main.o(.bss)
    USART_RX_BUF                             0x20000758   Data         200  usart.o(.bss)
    USBD_StrDesc                             0x20000820   Data          64  usbd_req.o(.bss)
    __libspace_start                         0x20000860   Data          96  libspace.o(.bss)
    __temporary_stack_top$libspace           0x200008c0   Data           0  libspace.o(.bss)



==============================================================================

Memory Map of the image

  Image Entry point : 0x08000189

  Load Region LR_IROM1 (Base: 0x08000000, Size: 0x000038c0, Max: 0x00100000, ABSOLUTE, COMPRESSED[0x0000384c])

    Execution Region ER_IROM1 (Exec base: 0x08000000, Load base: 0x08000000, Size: 0x0000375c, Max: 0x00100000, ABSOLUTE)

    Exec Addr    Load Addr    Size         Type   Attr      Idx    E Section Name        Object

    0x08000000   0x08000000   0x00000188   Data   RO          546    RESET               startup_stm32f40_41xxx.o
    0x08000188   0x08000188   0x00000008   Code   RO         2273  * !!!main             c_w.l(__main.o)
    0x08000190   0x08000190   0x00000034   Code   RO         2442    !!!scatter          c_w.l(__scatter.o)
    0x080001c4   0x080001c4   0x0000005a   Code   RO         2440    !!dczerorl2         c_w.l(__dczerorl2.o)
    0x0800021e   0x0800021e   0x00000002   PAD
    0x08000220   0x08000220   0x0000001c   Code   RO         2444    !!handler_zi        c_w.l(__scatter_zi.o)
    0x0800023c   0x0800023c   0x00000002   Code   RO         2312    .ARM.Collect$$libinit$$00000000  c_w.l(libinit.o)
    0x0800023e   0x0800023e   0x00000004   Code   RO         2318    .ARM.Collect$$libinit$$00000001  c_w.l(libinit2.o)
    0x08000242   0x08000242   0x00000000   Code   RO         2321    .ARM.Collect$$libinit$$00000004  c_w.l(libinit2.o)
    0x08000242   0x08000242   0x00000000   Code   RO         2324    .ARM.Collect$$libinit$$0000000A  c_w.l(libinit2.o)
    0x08000242   0x08000242   0x00000000   Code   RO         2326    .ARM.Collect$$libinit$$0000000C  c_w.l(libinit2.o)
    0x08000242   0x08000242   0x00000000   Code   RO         2328    .ARM.Collect$$libinit$$0000000E  c_w.l(libinit2.o)
    0x08000242   0x08000242   0x00000000   Code   RO         2331    .ARM.Collect$$libinit$$00000011  c_w.l(libinit2.o)
    0x08000242   0x08000242   0x00000000   Code   RO         2333    .ARM.Collect$$libinit$$00000013  c_w.l(libinit2.o)
    0x08000242   0x08000242   0x00000000   Code   RO         2335    .ARM.Collect$$libinit$$00000015  c_w.l(libinit2.o)
    0x08000242   0x08000242   0x00000000   Code   RO         2337    .ARM.Collect$$libinit$$00000017  c_w.l(libinit2.o)
    0x08000242   0x08000242   0x00000000   Code   RO         2339    .ARM.Collect$$libinit$$00000019  c_w.l(libinit2.o)
    0x08000242   0x08000242   0x00000000   Code   RO         2341    .ARM.Collect$$libinit$$0000001B  c_w.l(libinit2.o)
    0x08000242   0x08000242   0x00000000   Code   RO         2343    .ARM.Collect$$libinit$$0000001D  c_w.l(libinit2.o)
    0x08000242   0x08000242   0x00000000   Code   RO         2345    .ARM.Collect$$libinit$$0000001F  c_w.l(libinit2.o)
    0x08000242   0x08000242   0x00000000   Code   RO         2347    .ARM.Collect$$libinit$$00000021  c_w.l(libinit2.o)
    0x08000242   0x08000242   0x00000000   Code   RO         2349    .ARM.Collect$$libinit$$00000023  c_w.l(libinit2.o)
    0x08000242   0x08000242   0x00000000   Code   RO         2351    .ARM.Collect$$libinit$$00000025  c_w.l(libinit2.o)
    0x08000242   0x08000242   0x00000000   Code   RO         2355    .ARM.Collect$$libinit$$0000002C  c_w.l(libinit2.o)
    0x08000242   0x08000242   0x00000000   Code   RO         2357    .ARM.Collect$$libinit$$0000002E  c_w.l(libinit2.o)
    0x08000242   0x08000242   0x00000000   Code   RO         2359    .ARM.Collect$$libinit$$00000030  c_w.l(libinit2.o)
    0x08000242   0x08000242   0x00000000   Code   RO         2361    .ARM.Collect$$libinit$$00000032  c_w.l(libinit2.o)
    0x08000242   0x08000242   0x00000002   Code   RO         2362    .ARM.Collect$$libinit$$00000033  c_w.l(libinit2.o)
    0x08000244   0x08000244   0x00000002   Code   RO         2380    .ARM.Collect$$libshutdown$$00000000  c_w.l(libshutdown.o)
    0x08000246   0x08000246   0x00000000   Code   RO         2390    .ARM.Collect$$libshutdown$$00000002  c_w.l(libshutdown2.o)
    0x08000246   0x08000246   0x00000000   Code   RO         2392    .ARM.Collect$$libshutdown$$00000004  c_w.l(libshutdown2.o)
    0x08000246   0x08000246   0x00000000   Code   RO         2394    .ARM.Collect$$libshutdown$$00000006  c_w.l(libshutdown2.o)
    0x08000246   0x08000246   0x00000000   Code   RO         2397    .ARM.Collect$$libshutdown$$00000009  c_w.l(libshutdown2.o)
    0x08000246   0x08000246   0x00000000   Code   RO         2400    .ARM.Collect$$libshutdown$$0000000C  c_w.l(libshutdown2.o)
    0x08000246   0x08000246   0x00000000   Code   RO         2402    .ARM.Collect$$libshutdown$$0000000E  c_w.l(libshutdown2.o)
    0x08000246   0x08000246   0x00000000   Code   RO         2405    .ARM.Collect$$libshutdown$$00000011  c_w.l(libshutdown2.o)
    0x08000246   0x08000246   0x00000002   Code   RO         2406    .ARM.Collect$$libshutdown$$00000012  c_w.l(libshutdown2.o)
    0x08000248   0x08000248   0x00000000   Code   RO         2277    .ARM.Collect$$rtentry$$00000000  c_w.l(__rtentry.o)
    0x08000248   0x08000248   0x00000000   Code   RO         2281    .ARM.Collect$$rtentry$$00000002  c_w.l(__rtentry2.o)
    0x08000248   0x08000248   0x00000006   Code   RO         2293    .ARM.Collect$$rtentry$$00000004  c_w.l(__rtentry4.o)
    0x0800024e   0x0800024e   0x00000000   Code   RO         2283    .ARM.Collect$$rtentry$$00000009  c_w.l(__rtentry2.o)
    0x0800024e   0x0800024e   0x00000004   Code   RO         2284    .ARM.Collect$$rtentry$$0000000A  c_w.l(__rtentry2.o)
    0x08000252   0x08000252   0x00000000   Code   RO         2286    .ARM.Collect$$rtentry$$0000000C  c_w.l(__rtentry2.o)
    0x08000252   0x08000252   0x00000008   Code   RO         2287    .ARM.Collect$$rtentry$$0000000D  c_w.l(__rtentry2.o)
    0x0800025a   0x0800025a   0x00000002   Code   RO         2316    .ARM.Collect$$rtexit$$00000000  c_w.l(rtexit.o)
    0x0800025c   0x0800025c   0x00000000   Code   RO         2364    .ARM.Collect$$rtexit$$00000002  c_w.l(rtexit2.o)
    0x0800025c   0x0800025c   0x00000004   Code   RO         2365    .ARM.Collect$$rtexit$$00000003  c_w.l(rtexit2.o)
    0x08000260   0x08000260   0x00000006   Code   RO         2366    .ARM.Collect$$rtexit$$00000004  c_w.l(rtexit2.o)
    0x08000266   0x08000266   0x00000002   PAD
    0x08000268   0x08000268   0x00000040   Code   RO          547    .text               startup_stm32f40_41xxx.o
    0x080002a8   0x080002a8   0x00000002   Code   RO         2265    .text               c_w.l(use_no_semi_2.o)
    0x080002aa   0x080002aa   0x00000002   PAD
    0x080002ac   0x080002ac   0x00000018   Code   RO         2269    .text               c_w.l(noretval__2printf.o)
    0x080002c4   0x080002c4   0x00000006   Code   RO         2271    .text               c_w.l(heapauxi.o)
    0x080002ca   0x080002ca   0x00000002   Code   RO         2275    .text               c_w.l(use_no_semi.o)
    0x080002cc   0x080002cc   0x00000024   Code   RO         2278    .text               c_w.l(_printf_char_file.o)
    0x080002f0   0x080002f0   0x00000030   Code   RO         2295    .text               c_w.l(_printf_char_common.o)
    0x08000320   0x08000320   0x00000008   Code   RO         2297    .text               c_w.l(ferror.o)
    0x08000328   0x08000328   0x0000004a   Code   RO         2301    .text               c_w.l(sys_stackheap_outer.o)
    0x08000372   0x08000372   0x00000028   Code   RO         2303    .text               c_w.l(__printf_nopercent.o)
    0x0800039a   0x0800039a   0x00000012   Code   RO         2305    .text               c_w.l(exit.o)
    0x080003ac   0x080003ac   0x00000008   Code   RO         2313    .text               c_w.l(libspace.o)
    0x080003b4   0x080003b4   0x00000004   Code   RO          198    i.BusFault_Handler  stm32f4xx_it.o
    0x080003b8   0x080003b8   0x0000004a   Code   RO         1568    i.DCD_EP_Close      usb_dcd.o
    0x08000402   0x08000402   0x00000048   Code   RO         1569    i.DCD_EP_ClrStall   usb_dcd.o
    0x0800044a   0x0800044a   0x00000024   Code   RO         1570    i.DCD_EP_Flush      usb_dcd.o
    0x0800046e   0x0800046e   0x00000068   Code   RO         1571    i.DCD_EP_Open       usb_dcd.o
    0x080004d6   0x080004d6   0x00000052   Code   RO         1572    i.DCD_EP_PrepareRx  usb_dcd.o
    0x08000528   0x08000528   0x0000001c   Code   RO         1573    i.DCD_EP_SetAddress  usb_dcd.o
    0x08000544   0x08000544   0x00000048   Code   RO         1574    i.DCD_EP_Stall      usb_dcd.o
    0x0800058c   0x0800058c   0x0000004e   Code   RO         1575    i.DCD_EP_Tx         usb_dcd.o
    0x080005da   0x080005da   0x00000066   Code   RO         1658    i.DCD_HandleEnumDone_ISR  usb_dcd_int.o
    0x08000640   0x08000640   0x00000144   Code   RO         1659    i.DCD_HandleInEP_ISR  usb_dcd_int.o
    0x08000784   0x08000784   0x00000100   Code   RO         1660    i.DCD_HandleOutEP_ISR  usb_dcd_int.o
    0x08000884   0x08000884   0x00000068   Code   RO         1661    i.DCD_HandleResume_ISR  usb_dcd_int.o
    0x080008ec   0x080008ec   0x000000b0   Code   RO         1662    i.DCD_HandleRxStatusQueueLevel_ISR  usb_dcd_int.o
    0x0800099c   0x0800099c   0x0000002c   Code   RO         1663    i.DCD_HandleSof_ISR  usb_dcd_int.o
    0x080009c8   0x080009c8   0x000000a8   Code   RO         1664    i.DCD_HandleUSBSuspend_ISR  usb_dcd_int.o
    0x08000a70   0x08000a70   0x00000104   Code   RO         1665    i.DCD_HandleUsbReset_ISR  usb_dcd_int.o
    0x08000b74   0x08000b74   0x0000009c   Code   RO         1577    i.DCD_Init          usb_dcd.o
    0x08000c10   0x08000c10   0x0000002c   Code   RO         1666    i.DCD_IsoINIncomplete_ISR  usb_dcd_int.o
    0x08000c3c   0x08000c3c   0x0000002c   Code   RO         1667    i.DCD_IsoOUTIncomplete_ISR  usb_dcd_int.o
    0x08000c68   0x08000c68   0x00000028   Code   RO         1668    i.DCD_ReadDevInEP   usb_dcd_int.o
    0x08000c90   0x08000c90   0x00000090   Code   RO         1669    i.DCD_WriteEmptyTxFifo  usb_dcd_int.o
    0x08000d20   0x08000d20   0x00000002   Code   RO          199    i.DebugMon_Handler  stm32f4xx_it.o
    0x08000d22   0x08000d22   0x00000002   PAD
    0x08000d24   0x08000d24   0x0000002c   Code   RO          382    i.EXTI0_IRQHandler  key.o
    0x08000d50   0x08000d50   0x0000002c   Code   RO          383    i.EXTI2_IRQHandler  key.o
    0x08000d7c   0x08000d7c   0x0000002c   Code   RO          384    i.EXTI3_IRQHandler  key.o
    0x08000da8   0x08000da8   0x0000002c   Code   RO          385    i.EXTI4_IRQHandler  key.o
    0x08000dd4   0x08000dd4   0x000000de   Code   RO          386    i.EXTIX_Init        key.o
    0x08000eb2   0x08000eb2   0x00000002   PAD
    0x08000eb4   0x08000eb4   0x0000000c   Code   RO         1274    i.EXTI_ClearITPendingBit  stm32f4xx_exti.o
    0x08000ec0   0x08000ec0   0x00000094   Code   RO         1279    i.EXTI_Init         stm32f4xx_exti.o
    0x08000f54   0x08000f54   0x00000090   Code   RO          598    i.GPIO_Init         stm32f4xx_gpio.o
    0x08000fe4   0x08000fe4   0x00000046   Code   RO          599    i.GPIO_PinAFConfig  stm32f4xx_gpio.o
    0x0800102a   0x0800102a   0x00000012   Code   RO          602    i.GPIO_ReadInputDataBit  stm32f4xx_gpio.o
    0x0800103c   0x0800103c   0x00000004   Code   RO          606    i.GPIO_SetBits      stm32f4xx_gpio.o
    0x08001040   0x08001040   0x0000000c   Code   RO         2168    i.Get_Key_Sta       usbd_hid_keyboard.o
    0x0800104c   0x0800104c   0x00000004   Code   RO          200    i.HardFault_Handler  stm32f4xx_it.o
    0x08001050   0x08001050   0x00000044   Code   RO          387    i.KEY_Init          key.o
    0x08001094   0x08001094   0x00000040   Code   RO          342    i.LED_Init          led.o
    0x080010d4   0x080010d4   0x00000004   Code   RO          201    i.MemManage_Handler  stm32f4xx_it.o
    0x080010d8   0x080010d8   0x00000002   Code   RO          202    i.NMI_Handler       stm32f4xx_it.o
    0x080010da   0x080010da   0x00000002   PAD
    0x080010dc   0x080010dc   0x00000078   Code   RO          553    i.NVIC_Init         misc.o
    0x08001154   0x08001154   0x00000014   Code   RO          554    i.NVIC_PriorityGroupConfig  misc.o
    0x08001168   0x08001168   0x00000010   Code   RO          203    i.OTG_FS_IRQHandler  stm32f4xx_it.o
    0x08001178   0x08001178   0x00000002   Code   RO          204    i.PendSV_Handler    stm32f4xx_it.o
    0x0800117a   0x0800117a   0x00000002   PAD
    0x0800117c   0x0800117c   0x00000020   Code   RO          695    i.RCC_AHB1PeriphClockCmd  stm32f4xx_rcc.o
    0x0800119c   0x0800119c   0x00000020   Code   RO          698    i.RCC_AHB2PeriphClockCmd  stm32f4xx_rcc.o
    0x080011bc   0x080011bc   0x00000020   Code   RO          707    i.RCC_APB2PeriphClockCmd  stm32f4xx_rcc.o
    0x080011dc   0x080011dc   0x000000e8   Code   RO          716    i.RCC_GetClocksFreq  stm32f4xx_rcc.o
    0x080012c4   0x080012c4   0x00000002   Code   RO          205    i.SVC_Handler       stm32f4xx_it.o
    0x080012c6   0x080012c6   0x00000002   PAD
    0x080012c8   0x080012c8   0x00000040   Code   RO         1032    i.SYSCFG_EXTILineConfig  stm32f4xx_syscfg.o
    0x08001308   0x08001308   0x000000ec   Code   RO          305    i.SetSysClock       system_stm32f4xx.o
    0x080013f4   0x080013f4   0x0000000c   Code   RO         2169    i.Set_Key_Sta       usbd_hid_keyboard.o
    0x08001400   0x08001400   0x00000028   Code   RO          557    i.SysTick_CLKSourceConfig  misc.o
    0x08001428   0x08001428   0x00000002   Code   RO          206    i.SysTick_Handler   stm32f4xx_it.o
    0x0800142a   0x0800142a   0x00000002   PAD
    0x0800142c   0x0800142c   0x00000068   Code   RO          307    i.SystemInit        system_stm32f4xx.o
    0x08001494   0x08001494   0x00000088   Code   RO          497    i.USART1_IRQHandler  usart.o
    0x0800151c   0x0800151c   0x00000018   Code   RO         1089    i.USART_Cmd         stm32f4xx_usart.o
    0x08001534   0x08001534   0x00000054   Code   RO         1093    i.USART_GetITStatus  stm32f4xx_usart.o
    0x08001588   0x08001588   0x0000004a   Code   RO         1095    i.USART_ITConfig    stm32f4xx_usart.o
    0x080015d2   0x080015d2   0x00000002   PAD
    0x080015d4   0x080015d4   0x000000d4   Code   RO         1096    i.USART_Init        stm32f4xx_usart.o
    0x080016a8   0x080016a8   0x0000000a   Code   RO         1103    i.USART_ReceiveData  stm32f4xx_usart.o
    0x080016b2   0x080016b2   0x00000016   Code   RO         1742    i.USBD_ClrCfg       usbd_core.o
    0x080016c8   0x080016c8   0x00000048   Code   RO         1895    i.USBD_ClrFeature   usbd_req.o
    0x08001710   0x08001710   0x0000001e   Code   RO         1839    i.USBD_CtlContinueRx  usbd_ioreq.o
    0x0800172e   0x0800172e   0x0000001e   Code   RO         1840    i.USBD_CtlContinueSendData  usbd_ioreq.o
    0x0800174c   0x0800174c   0x0000001e   Code   RO         1896    i.USBD_CtlError     usbd_req.o
    0x0800176a   0x0800176a   0x00000024   Code   RO         1842    i.USBD_CtlReceiveStatus  usbd_ioreq.o
    0x0800178e   0x0800178e   0x0000002e   Code   RO         1843    i.USBD_CtlSendData  usbd_ioreq.o
    0x080017bc   0x080017bc   0x00000024   Code   RO         1844    i.USBD_CtlSendStatus  usbd_ioreq.o
    0x080017e0   0x080017e0   0x000000d0   Code   RO         1743    i.USBD_DataInStage  usbd_core.o
    0x080018b0   0x080018b0   0x00000096   Code   RO         1744    i.USBD_DataOutStage  usbd_core.o
    0x08001946   0x08001946   0x00000006   Code   RO         1745    i.USBD_DeInit       usbd_core.o
    0x0800194c   0x0800194c   0x00000054   Code   RO         1897    i.USBD_GetConfig    usbd_req.o
    0x080019a0   0x080019a0   0x00000122   Code   RO         1898    i.USBD_GetDescriptor  usbd_req.o
    0x08001ac2   0x08001ac2   0x00000014   Code   RO         1899    i.USBD_GetLen       usbd_req.o
    0x08001ad6   0x08001ad6   0x00000002   PAD
    0x08001ad8   0x08001ad8   0x00000050   Code   RO         1900    i.USBD_GetStatus    usbd_req.o
    0x08001b28   0x08001b28   0x00000052   Code   RO         1901    i.USBD_GetString    usbd_req.o
    0x08001b7a   0x08001b7a   0x00000012   Code   RO         1994    i.USBD_HID_DataIn   usbd_hid_core.o
    0x08001b8c   0x08001b8c   0x0000001a   Code   RO         1995    i.USBD_HID_DeInit   usbd_hid_core.o
    0x08001ba6   0x08001ba6   0x00000002   PAD
    0x08001ba8   0x08001ba8   0x00000010   Code   RO         1996    i.USBD_HID_GetCfgDesc  usbd_hid_core.o
    0x08001bb8   0x08001bb8   0x00000022   Code   RO         1997    i.USBD_HID_Init     usbd_hid_core.o
    0x08001bda   0x08001bda   0x00000002   PAD
    0x08001bdc   0x08001bdc   0x0000005c   Code   RO         2170    i.USBD_HID_KeyBoard_GetPos  usbd_hid_keyboard.o
    0x08001c38   0x08001c38   0x00000022   Code   RO         1998    i.USBD_HID_SendReport  usbd_hid_core.o
    0x08001c5a   0x08001c5a   0x00000002   PAD
    0x08001c5c   0x08001c5c   0x000000ec   Code   RO         1999    i.USBD_HID_Setup    usbd_hid_core.o
    0x08001d48   0x08001d48   0x00000042   Code   RO         1746    i.USBD_Init         usbd_core.o
    0x08001d8a   0x08001d8a   0x00000012   Code   RO         1747    i.USBD_IsoINIncomplete  usbd_core.o
    0x08001d9c   0x08001d9c   0x00000012   Code   RO         1748    i.USBD_IsoOUTIncomplete  usbd_core.o
    0x08001dae   0x08001dae   0x000000e0   Code   RO         1670    i.USBD_OTG_ISR_Handler  usb_dcd_int.o
    0x08001e8e   0x08001e8e   0x00000048   Code   RO         1902    i.USBD_ParseSetupRequest  usbd_req.o
    0x08001ed6   0x08001ed6   0x00000032   Code   RO         1749    i.USBD_Reset        usbd_core.o
    0x08001f08   0x08001f08   0x0000001e   Code   RO         1750    i.USBD_Resume       usbd_core.o
    0x08001f26   0x08001f26   0x00000002   PAD
    0x08001f28   0x08001f28   0x00000014   Code   RO         1751    i.USBD_RunTestMode  usbd_core.o
    0x08001f3c   0x08001f3c   0x0000001a   Code   RO         1752    i.USBD_SOF          usbd_core.o
    0x08001f56   0x08001f56   0x0000005c   Code   RO         1903    i.USBD_SetAddress   usbd_req.o
    0x08001fb2   0x08001fb2   0x0000001e   Code   RO         1753    i.USBD_SetCfg       usbd_core.o
    0x08001fd0   0x08001fd0   0x000000d0   Code   RO         1904    i.USBD_SetConfig    usbd_req.o
    0x080020a0   0x080020a0   0x000000a4   Code   RO         1905    i.USBD_SetFeature   usbd_req.o
    0x08002144   0x08002144   0x00000054   Code   RO         1754    i.USBD_SetupStage   usbd_core.o
    0x08002198   0x08002198   0x00000072   Code   RO         1906    i.USBD_StdDevReq    usbd_req.o
    0x0800220a   0x0800220a   0x00000002   PAD
    0x0800220c   0x0800220c   0x0000015c   Code   RO         1907    i.USBD_StdEPReq     usbd_req.o
    0x08002368   0x08002368   0x0000004c   Code   RO         1908    i.USBD_StdItfReq    usbd_req.o
    0x080023b4   0x080023b4   0x00000020   Code   RO         1755    i.USBD_Suspend      usbd_core.o
    0x080023d4   0x080023d4   0x00000034   Code   RO         2107    i.USBD_USR_ConfigStrDescriptor  usbd_desc.o
    0x08002408   0x08002408   0x00000028   Code   RO         2202    i.USBD_USR_DeviceConfigured  usbd_usr.o
    0x08002430   0x08002430   0x00000028   Code   RO         2203    i.USBD_USR_DeviceConnected  usbd_usr.o
    0x08002458   0x08002458   0x00000010   Code   RO         2108    i.USBD_USR_DeviceDescriptor  usbd_desc.o
    0x08002468   0x08002468   0x00000028   Code   RO         2204    i.USBD_USR_DeviceDisconnected  usbd_usr.o
    0x08002490   0x08002490   0x00000094   Code   RO         2205    i.USBD_USR_DeviceReset  usbd_usr.o
    0x08002524   0x08002524   0x00000028   Code   RO         2206    i.USBD_USR_DeviceResumed  usbd_usr.o
    0x0800254c   0x0800254c   0x0000002c   Code   RO         2207    i.USBD_USR_DeviceSuspended  usbd_usr.o
    0x08002578   0x08002578   0x00000070   Code   RO         2208    i.USBD_USR_Init     usbd_usr.o
    0x080025e8   0x080025e8   0x00000038   Code   RO         2109    i.USBD_USR_InterfaceStrDescriptor  usbd_desc.o
    0x08002620   0x08002620   0x00000010   Code   RO         2110    i.USBD_USR_LangIDStrDescriptor  usbd_desc.o
    0x08002630   0x08002630   0x0000002c   Code   RO         2111    i.USBD_USR_ManufacturerStrDescriptor  usbd_desc.o
    0x0800265c   0x0800265c   0x00000050   Code   RO         2112    i.USBD_USR_ProductStrDescriptor  usbd_desc.o
    0x080026ac   0x080026ac   0x00000048   Code   RO         2113    i.USBD_USR_SerialStrDescriptor  usbd_desc.o
    0x080026f4   0x080026f4   0x00000024   Code   RO         2047    i.USB_OTG_BSP_EnableInterrupt  usb_bsp.o
    0x08002718   0x08002718   0x00000078   Code   RO         2048    i.USB_OTG_BSP_Init  usb_bsp.o
    0x08002790   0x08002790   0x0000000c   Code   RO         2051    i.USB_OTG_BSP_mDelay  usb_bsp.o
    0x0800279c   0x0800279c   0x0000000c   Code   RO         2052    i.USB_OTG_BSP_uDelay  usb_bsp.o
    0x080027a8   0x080027a8   0x00000126   Code   RO         1336    i.USB_OTG_CoreInit  usb_core.o
    0x080028ce   0x080028ce   0x0000020a   Code   RO         1337    i.USB_OTG_CoreInitDev  usb_core.o
    0x08002ad8   0x08002ad8   0x00000070   Code   RO         1338    i.USB_OTG_CoreReset  usb_core.o
    0x08002b48   0x08002b48   0x00000022   Code   RO         1339    i.USB_OTG_DisableGlobalInt  usb_core.o
    0x08002b6a   0x08002b6a   0x0000006a   Code   RO         1340    i.USB_OTG_EP0Activate  usb_core.o
    0x08002bd4   0x08002bd4   0x00000156   Code   RO         1341    i.USB_OTG_EP0StartXfer  usb_core.o
    0x08002d2a   0x08002d2a   0x00000062   Code   RO         1342    i.USB_OTG_EP0_OutStart  usb_core.o
    0x08002d8c   0x08002d8c   0x00000098   Code   RO         1343    i.USB_OTG_EPActivate  usb_core.o
    0x08002e24   0x08002e24   0x00000050   Code   RO         1344    i.USB_OTG_EPClearStall  usb_core.o
    0x08002e74   0x08002e74   0x0000005e   Code   RO         1345    i.USB_OTG_EPDeactivate  usb_core.o
    0x08002ed2   0x08002ed2   0x00000064   Code   RO         1346    i.USB_OTG_EPSetStall  usb_core.o
    0x08002f36   0x08002f36   0x000001f6   Code   RO         1347    i.USB_OTG_EPStartXfer  usb_core.o
    0x0800312c   0x0800312c   0x00000034   Code   RO         1348    i.USB_OTG_EnableCommonInt  usb_core.o
    0x08003160   0x08003160   0x0000009a   Code   RO         1349    i.USB_OTG_EnableDevInt  usb_core.o
    0x080031fa   0x080031fa   0x00000022   Code   RO         1350    i.USB_OTG_EnableGlobalInt  usb_core.o
    0x0800321c   0x0800321c   0x0000004c   Code   RO         1351    i.USB_OTG_FlushRxFifo  usb_core.o
    0x08003268   0x08003268   0x00000054   Code   RO         1352    i.USB_OTG_FlushTxFifo  usb_core.o
    0x080032bc   0x080032bc   0x00000034   Code   RO         1353    i.USB_OTG_GetDeviceSpeed  usb_core.o
    0x080032f0   0x080032f0   0x0000000c   Code   RO         1355    i.USB_OTG_GetMode   usb_core.o
    0x080032fc   0x080032fc   0x00000018   Code   RO         1356    i.USB_OTG_InitDevSpeed  usb_core.o
    0x08003314   0x08003314   0x00000016   Code   RO         1357    i.USB_OTG_IsDeviceMode  usb_core.o
    0x0800332a   0x0800332a   0x00000010   Code   RO         1359    i.USB_OTG_ReadCoreItr  usb_core.o
    0x0800333a   0x0800333a   0x00000010   Code   RO         1360    i.USB_OTG_ReadDevAllInEPItr  usb_core.o
    0x0800334a   0x0800334a   0x00000010   Code   RO         1361    i.USB_OTG_ReadDevAllOutEp_itr  usb_core.o
    0x0800335a   0x0800335a   0x00000014   Code   RO         1362    i.USB_OTG_ReadDevOutEP_itr  usb_core.o
    0x0800336e   0x0800336e   0x00000028   Code   RO         1364    i.USB_OTG_ReadPacket  usb_core.o
    0x08003396   0x08003396   0x00000002   PAD
    0x08003398   0x08003398   0x000000d0   Code   RO         1365    i.USB_OTG_SelectCore  usb_core.o
    0x08003468   0x08003468   0x0000004e   Code   RO         1366    i.USB_OTG_SetCurrentMode  usb_core.o
    0x080034b6   0x080034b6   0x00000040   Code   RO         1370    i.USB_OTG_WritePacket  usb_core.o
    0x080034f6   0x080034f6   0x00000004   Code   RO          207    i.UsageFault_Handler  stm32f4xx_it.o
    0x080034fa   0x080034fa   0x00000006   Code   RO          498    i._sys_exit         usart.o
    0x08003500   0x08003500   0x0000003c   Code   RO          439    i.delay_init        delay.o
    0x0800353c   0x0800353c   0x00000038   Code   RO          440    i.delay_ms          delay.o
    0x08003574   0x08003574   0x0000004c   Code   RO          441    i.delay_us          delay.o
    0x080035c0   0x080035c0   0x0000004c   Code   RO          442    i.delay_xms         delay.o
    0x0800360c   0x0800360c   0x0000001c   Code   RO          499    i.fputc             usart.o
    0x08003628   0x08003628   0x0000005c   Code   RO            3    i.main              main.o
    0x08003684   0x08003684   0x000000ac   Code   RO          500    i.uart_init         usart.o
    0x08003730   0x08003730   0x0000000a   Code   RO         2372    x$fpl$fpinit        fz_wm.l(fpinit.o)
    0x0800373a   0x0800373a   0x00000002   PAD
    0x0800373c   0x0800373c   0x00000020   Data   RO         2438    Region$$Table       anon$$obj.o


    Execution Region RW_IRAM1 (Exec base: 0x20000000, Load base: 0x0800375c, Size: 0x000010c0, Max: 0x00020000, ABSOLUTE, COMPRESSED[0x000000f0])

    Exec Addr    Load Addr    Size         Type   Attr      Idx    E Section Name        Object

    0x20000000   COMPRESSED   0x00000004   Data   RW          443    .data               delay.o
    0x20000004   COMPRESSED   0x00000006   Data   RW          502    .data               usart.o
    0x2000000a   COMPRESSED   0x00000010   Data   RW          748    .data               stm32f4xx_rcc.o
    0x2000001a   COMPRESSED   0x00000002   PAD
    0x2000001c   COMPRESSED   0x00000034   Data   RW         1756    .data               usbd_core.o
    0x20000050   COMPRESSED   0x0000000d   Data   RW         1910    .data               usbd_req.o
    0x2000005d   COMPRESSED   0x00000003   PAD
    0x20000060   COMPRESSED   0x00000099   Data   RW         2000    .data               usbd_hid_core.o
    0x200000f9   COMPRESSED   0x00000003   PAD
    0x200000fc   COMPRESSED   0x0000003c   Data   RW         2114    .data               usbd_desc.o
    0x20000138   COMPRESSED   0x0000000d   Data   RW         2172    .data               usbd_hid_keyboard.o
    0x20000145   COMPRESSED   0x00000003   PAD
    0x20000148   COMPRESSED   0x0000001c   Data   RW         2209    .data               usbd_usr.o
    0x20000164        -       0x000005f4   Zero   RW            4    .bss                main.o
    0x20000758        -       0x000000c8   Zero   RW          501    .bss                usart.o
    0x20000820        -       0x00000040   Zero   RW         1909    .bss                usbd_req.o
    0x20000860        -       0x00000060   Zero   RW         2314    .bss                c_w.l(libspace.o)
    0x200008c0        -       0x00000400   Zero   RW          545    HEAP                startup_stm32f40_41xxx.o
    0x20000cc0        -       0x00000400   Zero   RW          544    STACK               startup_stm32f40_41xxx.o


==============================================================================

Image component sizes


      Code (inc. data)   RO Data    RW Data    ZI Data      Debug   Object Name

       268         16          0          4          0       2547   delay.o
       466         24          0          0          0       3312   key.o
        64          4          0          0          0        539   led.o
        92         18          0          0       1524     285253   main.o
       180         24          0          0          0       2089   misc.o
        64         26        392          0       2048        848   startup_stm32f40_41xxx.o
       160         12          0          0          0       1505   stm32f4xx_exti.o
       236          0          0          0          0       2978   stm32f4xx_gpio.o
        42          6          0          0          0       4586   stm32f4xx_it.o
       328         36          0         16          0       4635   stm32f4xx_rcc.o
        64          4          0          0          0        656   stm32f4xx_syscfg.o
       404          8          0          0          0       4282   stm32f4xx_usart.o
       340         32          0          0          0       1485   system_stm32f4xx.o
       342         28          0          6        200       4320   usart.o
       180          8          0          0          0       2871   usb_bsp.o
      3404         18          0          0          0      21392   usb_core.o
       702          0          0          0          0       6667   usb_dcd.o
      1930         50          0          0          0       9519   usb_dcd_int.o
       760          6          0         52          0      10448   usbd_core.o
       336        160          0         60          0       6068   usbd_desc.o
       364         28          0        153          0       4984   usbd_hid_core.o
       116         24          0         13          0       2883   usbd_hid_keyboard.o
       178          0          0          0          0       3776   usbd_ioreq.o
      1732         54          0         13         64      10571   usbd_req.o
       464        352          0         28          0       4073   usbd_usr.o

    ----------------------------------------------------------------------
     13244        938        424        356       3836     402287   Object Totals
         0          0         32          0          0          0   (incl. Generated)
        28          0          0         11          0          0   (incl. Padding)

    ----------------------------------------------------------------------

      Code (inc. data)   RO Data    RW Data    ZI Data      Debug   Library Member Name

        90          0          0          0          0          0   __dczerorl2.o
         8          0          0          0          0         68   __main.o
        40          0          0          0          0         84   __printf_nopercent.o
         0          0          0          0          0          0   __rtentry.o
        12          0          0          0          0          0   __rtentry2.o
         6          0          0          0          0          0   __rtentry4.o
        52          8          0          0          0          0   __scatter.o
        28          0          0          0          0          0   __scatter_zi.o
        48          6          0          0          0         96   _printf_char_common.o
        36          4          0          0          0         80   _printf_char_file.o
        18          0          0          0          0         80   exit.o
         8          0          0          0          0         68   ferror.o
         6          0          0          0          0        152   heapauxi.o
         2          0          0          0          0          0   libinit.o
         6          0          0          0          0          0   libinit2.o
         2          0          0          0          0          0   libshutdown.o
         2          0          0          0          0          0   libshutdown2.o
         8          4          0          0         96         68   libspace.o
        24          4          0          0          0         84   noretval__2printf.o
         2          0          0          0          0          0   rtexit.o
        10          0          0          0          0          0   rtexit2.o
        74          0          0          0          0         80   sys_stackheap_outer.o
         2          0          0          0          0         68   use_no_semi.o
         2          0          0          0          0         68   use_no_semi_2.o
        10          0          0          0          0        116   fpinit.o

    ----------------------------------------------------------------------
       504         26          0          0         96       1112   Library Totals
         8          0          0          0          0          0   (incl. Padding)

    ----------------------------------------------------------------------

      Code (inc. data)   RO Data    RW Data    ZI Data      Debug   Library Name

       486         26          0          0         96        996   c_w.l
        10          0          0          0          0        116   fz_wm.l

    ----------------------------------------------------------------------
       504         26          0          0         96       1112   Library Totals

    ----------------------------------------------------------------------

==============================================================================


      Code (inc. data)   RO Data    RW Data    ZI Data      Debug   

     13748        964        424        356       3932     387783   Grand Totals
     13748        964        424        240       3932     387783   ELF Image Totals (compressed)
     13748        964        424        240          0          0   ROM Totals

==============================================================================

    Total RO  Size (Code + RO Data)                14172 (  13.84kB)
    Total RW  Size (RW Data + ZI Data)              4288 (   4.19kB)
    Total ROM Size (Code + RO Data + RW Data)      14412 (  14.07kB)

==============================================================================

