Component: ARM Compiler 5.06 update 7 (build 960) Tool: armlink [4d3601]

==============================================================================

Section Cross References

    startup_stm32f40xx.o(RESET) refers to startup_stm32f40xx.o(STACK) for __initial_sp
    startup_stm32f40xx.o(RESET) refers to startup_stm32f40xx.o(RELOCATE) for Reset_Handler
    startup_stm32f40xx.o(RESET) refers to stm32f4xx_it.o(i.NMI_Handler) for NMI_Handler
    startup_stm32f40xx.o(RESET) refers to stm32f4xx_it.o(i.HardFault_Handler) for HardFault_Handler
    startup_stm32f40xx.o(RESET) refers to stm32f4xx_it.o(i.MemManage_Handler) for MemManage_Handler
    startup_stm32f40xx.o(RESET) refers to stm32f4xx_it.o(i.BusFault_Handler) for BusFault_Handler
    startup_stm32f40xx.o(RESET) refers to stm32f4xx_it.o(i.UsageFault_Handler) for UsageFault_Handler
    startup_stm32f40xx.o(RESET) refers to stm32f4xx_it.o(i.SVC_Handler) for SVC_Handler
    startup_stm32f40xx.o(RESET) refers to stm32f4xx_it.o(i.DebugMon_Handler) for DebugMon_Handler
    startup_stm32f40xx.o(RESET) refers to stm32f4xx_it.o(i.PendSV_Handler) for PendSV_Handler
    startup_stm32f40xx.o(RESET) refers to stm32f4xx_it.o(i.SysTick_Handler) for SysTick_Handler
    startup_stm32f40xx.o(RESET) refers to stm32f4xx_it.o(i.WWDG_IRQHandler) for WWDG_IRQHandler
    startup_stm32f40xx.o(RESET) refers to stm32f4xx_it.o(i.EXTI1_IRQHandler) for EXTI1_IRQHandler
    startup_stm32f40xx.o(RESET) refers to stm32f4xx_it.o(i.EXTI2_IRQHandler) for EXTI2_IRQHandler
    startup_stm32f40xx.o(RESET) refers to stm32f4xx_it.o(i.EXTI4_IRQHandler) for EXTI4_IRQHandler
    startup_stm32f40xx.o(RESET) refers to stm32f4xx_it.o(i.I2C1_EV_IRQHandler) for I2C1_EV_IRQHandler
    startup_stm32f40xx.o(RESET) refers to stm32f4xx_it.o(i.I2C1_ER_IRQHandler) for I2C1_ER_IRQHandler
    startup_stm32f40xx.o(RESET) refers to stm32f4xx_it.o(i.USART1_IRQHandler) for USART1_IRQHandler
    startup_stm32f40xx.o(RESET) refers to stm32f4xx_it.o(i.RTC_Alarm_IRQHandler) for RTC_Alarm_IRQHandler
    startup_stm32f40xx.o(RESET) refers to stm32f4xx_it.o(i.SDIO_IRQHandler) for SDIO_IRQHandler
    startup_stm32f40xx.o(RELOCATE) refers to bsp_relocate.o(i.Bsp_Relocate) for Bsp_Relocate
    startup_stm32f40xx.o(RELOCATE) refers to bsp_relocate.o(i.Bsp_Clear_Bss) for Bsp_Clear_Bss
    startup_stm32f40xx.o(RELOCATE) refers to startup_stm32f40xx.o(STACK) for __initial_sp
    startup_stm32f40xx.o(RELOCATE) refers to system_stm32f4xx.o(i.SystemInit) for SystemInit
    startup_stm32f40xx.o(RELOCATE) refers to main.o(i.main) for main
    system_stm32f4xx.o(i.SystemCoreClockUpdate) refers to system_stm32f4xx.o(.data) for .data
    system_stm32f4xx.o(i.SystemInit) refers to system_stm32f4xx.o(i.SetSysClock) for SetSysClock
    stm32f4xx_gpio.o(i.GPIO_DeInit) refers to stm32f4xx_rcc.o(i.RCC_AHB1PeriphResetCmd) for RCC_AHB1PeriphResetCmd
    stm32f4xx_rcc.o(i.RCC_GetClocksFreq) refers to stm32f4xx_rcc.o(.data) for .data
    stm32f4xx_rcc.o(i.RCC_WaitForHSEStartUp) refers to stm32f4xx_rcc.o(i.RCC_GetFlagStatus) for RCC_GetFlagStatus
    stm32f4xx_syscfg.o(i.SYSCFG_DeInit) refers to stm32f4xx_rcc.o(i.RCC_APB2PeriphResetCmd) for RCC_APB2PeriphResetCmd
    stm32f4xx_usart.o(i.USART_DeInit) refers to stm32f4xx_rcc.o(i.RCC_APB2PeriphResetCmd) for RCC_APB2PeriphResetCmd
    stm32f4xx_usart.o(i.USART_DeInit) refers to stm32f4xx_rcc.o(i.RCC_APB1PeriphResetCmd) for RCC_APB1PeriphResetCmd
    stm32f4xx_usart.o(i.USART_Init) refers to stm32f4xx_rcc.o(i.RCC_GetClocksFreq) for RCC_GetClocksFreq
    main.o(i.main) refers to app_init.o(i.App_HW_Init) for App_HW_Init
    main.o(i.main) refers to app_init.o(i.App_SW_Init) for App_SW_Init
    main.o(i.main) refers to app_led.o(i.App_Led_Test_Task) for App_Led_Test_Task
    main.o(i.main) refers to main.o(.data) for .data
    stm32f4xx_it.o(i.EXTI2_IRQHandler) refers to stm32f4xx_exti.o(i.EXTI_GetFlagStatus) for EXTI_GetFlagStatus
    stm32f4xx_it.o(i.EXTI2_IRQHandler) refers to app_exit.o(i.App_Key2_IRQHandler) for App_Key2_IRQHandler
    stm32f4xx_it.o(i.EXTI2_IRQHandler) refers to stm32f4xx_exti.o(i.EXTI_ClearITPendingBit) for EXTI_ClearITPendingBit
    stm32f4xx_it.o(i.EXTI4_IRQHandler) refers to stm32f4xx_exti.o(i.EXTI_GetFlagStatus) for EXTI_GetFlagStatus
    stm32f4xx_it.o(i.EXTI4_IRQHandler) refers to app_exit.o(i.App_Key0_IRQHandler) for App_Key0_IRQHandler
    stm32f4xx_it.o(i.EXTI4_IRQHandler) refers to stm32f4xx_exti.o(i.EXTI_ClearITPendingBit) for EXTI_ClearITPendingBit
    stm32f4xx_it.o(i.USART1_IRQHandler) refers to stm32f4xx_usart.o(i.USART_GetITStatus) for USART_GetITStatus
    stm32f4xx_it.o(i.USART1_IRQHandler) refers to stm32f4xx_usart.o(i.USART_ClearITPendingBit) for USART_ClearITPendingBit
    bsp_led.o(i.Bsp_Led_Init) refers to stm32f4xx_rcc.o(i.RCC_AHB1PeriphClockCmd) for RCC_AHB1PeriphClockCmd
    bsp_led.o(i.Bsp_Led_Init) refers to stm32f4xx_gpio.o(i.GPIO_Init) for GPIO_Init
    bsp_led.o(i.Bsp_Led_Init) refers to stm32f4xx_gpio.o(i.GPIO_SetBits) for GPIO_SetBits
[...]
    hal_led.o(i.Hal_Led_turn) refers to hal_led.o(.data) for .data
    hal_key.o(i.Hal_Key0_Read_Bit) refers to bsp_key.o(i.Bsp_Key0_Read_Bit) for Bsp_Key0_Read_Bit
    hal_key.o(i.Hal_Key2_Read_Bit) refers to bsp_key.o(i.Bsp_Key2_Read_Bit) for Bsp_Key2_Read_Bit
    hal_key.o(i.Hal_Key_Exit_Init) refers to bsp_key.o(i.Bsp_Key_Exit_Init) for Bsp_Key_Exit_Init
    hal_key.o(i.Hal_Key_Init) refers to bsp_key.o(i.Bsp_Key_Init) for Bsp_Key_Init
    hal_key.o(i.Hal_Key_Scan) refers to hal_key.o(i.Hal_Key0_Read_Bit) for Hal_Key0_Read_Bit
    hal_key.o(i.Hal_Key_Scan) refers to hal_key.o(i.Hal_Key2_Read_Bit) for Hal_Key2_Read_Bit
    app_led.o(i.App_Led_Test_Task) refers to printf3.o(i.__0printf$3) for __2printf
    app_led.o(i.App_Led_Test_Task) refers to hal_led.o(i.Hal_Led_Init) for Hal_Led_Init
    app_led.o(i.App_Led_Test_Task) refers to hal_key.o(i.Hal_Key_Exit_Init) for Hal_Key_Exit_Init
    app_led.o(i.App_Led_Test_Task) refers to hal_led.o(i.Hal_Led_on) for Hal_Led_on
    app_led.o(i.App_Led_Test_Task) refers to hal_delay.o(i.Hal_Delay_ms) for Hal_Delay_ms
    app_led.o(i.App_Led_Test_Task) refers to hal_led.o(i.Hal_Led_off) for Hal_Led_off
    app_exit.o(i.App_Key0_IRQHandler) refers to hal_key.o(i.Hal_Key0_Read_Bit) for Hal_Key0_Read_Bit
    app_exit.o(i.App_Key0_IRQHandler) refers to printf3.o(i.__0printf$3) for __2printf
    app_exit.o(i.App_Key2_IRQHandler) refers to hal_key.o(i.Hal_Key2_Read_Bit) for Hal_Key2_Read_Bit
    app_exit.o(i.App_Key2_IRQHandler) refers to printf3.o(i.__0printf$3) for __2printf
    app_init.o(i.App_HW_Init) refers to misc.o(i.NVIC_PriorityGroupConfig) for NVIC_PriorityGroupConfig
    app_init.o(i.App_HW_Init) refers to hal_delay.o(i.Hal_Delay_Init) for Hal_Delay_Init
    app_init.o(i.App_HW_Init) refers to hal_debug_usart.o(i.Hal_Debug_Usart_Config) for Hal_Debug_Usart_Config
    app_init.o(i.App_HW_Init) refers to stm32f4xx_rcc.o(i.RCC_GetClocksFreq) for RCC_GetClocksFreq
    app_init.o(i.App_HW_Init) refers to printf3.o(i.__0printf$3) for __2printf
    app_init.o(i.App_HW_Init) refers to app_init.o(.constdata) for .constdata
    app_init.o(i.App_HW_Init) refers to app_init.o(.conststring) for .conststring
    entry.o(.ARM.Collect$$$$00000000) refers (Special) to entry10a.o(.ARM.Collect$$$$0000000F) for __rt_final_cpp
    entry.o(.ARM.Collect$$$$00000000) refers (Special) to entry11a.o(.ARM.Collect$$$$00000011) for __rt_final_exit
    entry.o(.ARM.Collect$$$$00000000) refers (Special) to entry12b.o(.ARM.Collect$$$$0000000E) for __rt_lib_shutdown_fini
    entry.o(.ARM.Collect$$$$00000000) refers (Special) to entry7b.o(.ARM.Collect$$$$00000008) for _main_clock
    entry.o(.ARM.Collect$$$$00000000) refers (Special) to entry8b.o(.ARM.Collect$$$$0000000A) for _main_cpp_init
    entry.o(.ARM.Collect$$$$00000000) refers (Special) to entry9a.o(.ARM.Collect$$$$0000000B) for _main_init
    entry.o(.ARM.Collect$$$$00000000) refers (Special) to entry5.o(.ARM.Collect$$$$00000004) for _main_scatterload
    entry.o(.ARM.Collect$$$$00000000) refers (Special) to entry2.o(.ARM.Collect$$$$00000001) for _main_stk
    printfb.o(i.__0fprintf$bare) refers to printfb.o(i._printf_core) for _printf_core
    printfb.o(i.__0fprintf$bare) refers to bsp_debug_usart.o(i.fputc) for fputc
    printfb.o(i.__0printf$bare) refers to printfb.o(i._printf_core) for _printf_core
    printfb.o(i.__0printf$bare) refers to bsp_debug_usart.o(i.fputc) for fputc
    printfb.o(i.__0printf$bare) refers to stdout.o(.data) for __stdout
    printfb.o(i.__0snprintf$bare) refers to printfb.o(i._printf_core) for _printf_core
    printfb.o(i.__0snprintf$bare) refers to printfb.o(i._snputc) for _snputc
    printfb.o(i.__0sprintf$bare) refers to printfb.o(i._printf_core) for _printf_core
    printfb.o(i.__0sprintf$bare) refers to printfb.o(i._sputc) for _sputc
    printfb.o(i.__0vfprintf$bare) refers to printfb.o(i._printf_core) for _printf_core
    printfb.o(i.__0vfprintf$bare) refers to bsp_debug_usart.o(i.fputc) for fputc
    printfb.o(i.__0vprintf$bare) refers to printfb.o(i._printf_core) for _printf_core
    printfb.o(i.__0vprintf$bare) refers to bsp_debug_usart.o(i.fputc) for fputc
    printfb.o(i.__0vprintf$bare) refers to stdout.o(.data) for __stdout
    printfb.o(i.__0vsnprintf$bare) refers to printfb.o(i._printf_core) for _printf_core
    printfb.o(i.__0vsnprintf$bare) refers to printfb.o(i._snputc) for _snputc
    printfb.o(i.__0vsprintf$bare) refers to printfb.o(i._printf_core) for _printf_core
    printfb.o(i.__0vsprintf$bare) refers to printfb.o(i._sputc) for _sputc
    printf0.o(i.__0fprintf$0) refers to printf0.o(i._printf_core) for _printf_core
    printf0.o(i.__0fprintf$0) refers to bsp_debug_usart.o(i.fputc) for fputc
    printf0.o(i.__0printf$0) refers to printf0.o(i._printf_core) for _printf_core
    printf0.o(i.__0printf$0) refers to bsp_debug_usart.o(i.fputc) for fputc
    printf0.o(i.__0printf$0) refers to stdout.o(.data) for __stdout
    printf0.o(i.__0snprintf$0) refers to printf0.o(i._printf_core) for _printf_core
    printf0.o(i.__0snprintf$0) refers to printf0.o(i._snputc) for _snputc
    printf0.o(i.__0sprintf$0) refers to printf0.o(i._printf_core) for _printf_core
    printf0.o(i.__0sprintf$0) refers to printf0.o(i._sputc) for _sputc
    printf0.o(i.__0vfprintf$0) refers to printf0.o(i._printf_core) for _printf_core
    printf0.o(i.__0vfprintf$0) refers to bsp_debug_usart.o(i.fputc) for fputc
    printf0.o(i.__0vprintf$0) refers to printf0.o(i._printf_core) for _printf_core
    printf0.o(i.__0vprintf$0) refers to bsp_debug_usart.o(i.fputc) for fputc
    printf0.o(i.__0vprintf$0) refers to stdout.o(.data) for __stdout
    printf0.o(i.__0vsnprintf$0) refers to printf0.o(i._printf_core) for _printf_core
    printf0.o(i.__0vsnprintf$0) refers to printf0.o(i._snputc) for _snputc
    printf0.o(i.__0vsprintf$0) refers to printf0.o(i._printf_core) for _printf_core
    printf0.o(i.__0vsprintf$0) refers to printf0.o(i._sputc) for _sputc
    printf1.o(i.__0fprintf$1) refers to printf1.o(i._printf_core) for _printf_core
    printf1.o(i.__0fprintf$1) refers to bsp_debug_usart.o(i.fputc) for fputc
    printf1.o(i.__0printf$1) refers to printf1.o(i._printf_core) for _printf_core
    printf1.o(i.__0printf$1) refers to bsp_debug_usart.o(i.fputc) for fputc
    printf1.o(i.__0printf$1) refers to stdout.o(.data) for __stdout
    printf1.o(i.__0snprintf$1) refers to printf1.o(i._printf_core) for _printf_core
    printf1.o(i.__0snprintf$1) refers to printf1.o(i._snputc) for _snputc
    printf1.o(i.__0sprintf$1) refers to printf1.o(i._printf_core) for _printf_core
    printf1.o(i.__0sprintf$1) refers to printf1.o(i._sputc) for _sputc
    printf1.o(i.__0vfprintf$1) refers to printf1.o(i._printf_core) for _printf_core
    printf1.o(i.__0vfprintf$1) refers to bsp_debug_usart.o(i.fputc) for fputc
    printf1.o(i.__0vprintf$1) refers to printf1.o(i._printf_core) for _printf_core
    printf1.o(i.__0vprintf$1) refers to bsp_debug_usart.o(i.fputc) for fputc
    printf1.o(i.__0vprintf$1) refers to stdout.o(.data) for __stdout
    printf1.o(i.__0vsnprintf$1) refers to printf1.o(i._printf_core) for _printf_core
    printf1.o(i.__0vsnprintf$1) refers to printf1.o(i._snputc) for _snputc
    printf1.o(i.__0vsprintf$1) refers to printf1.o(i._printf_core) for _printf_core
    printf1.o(i.__0vsprintf$1) refers to printf1.o(i._sputc) for _sputc
    printf1.o(i._printf_core) refers to uidiv.o(.text) for __aeabi_uidivmod
    printf2.o(i.__0fprintf$2) refers to printf2.o(i._printf_core) for _printf_core
    printf2.o(i.__0fprintf$2) refers to bsp_debug_usart.o(i.fputc) for fputc
    printf2.o(i.__0printf$2) refers to printf2.o(i._printf_core) for _printf_core
    printf2.o(i.__0printf$2) refers to bsp_debug_usart.o(i.fputc) for fputc
    printf2.o(i.__0printf$2) refers to stdout.o(.data) for __stdout
    printf2.o(i.__0snprintf$2) refers to printf2.o(i._printf_core) for _printf_core
    printf2.o(i.__0snprintf$2) refers to printf2.o(i._snputc) for _snputc
    printf2.o(i.__0sprintf$2) refers to printf2.o(i._printf_core) for _printf_core
    printf2.o(i.__0sprintf$2) refers to printf2.o(i._sputc) for _sputc
    printf2.o(i.__0vfprintf$2) refers to printf2.o(i._printf_core) for _printf_core
    printf2.o(i.__0vfprintf$2) refers to bsp_debug_usart.o(i.fputc) for fputc
    printf2.o(i.__0vprintf$2) refers to printf2.o(i._printf_core) for _printf_core
    printf2.o(i.__0vprintf$2) refers to bsp_debug_usart.o(i.fputc) for fputc
    printf2.o(i.__0vprintf$2) refers to stdout.o(.data) for __stdout
    printf2.o(i.__0vsnprintf$2) refers to printf2.o(i._printf_core) for _printf_core
    printf2.o(i.__0vsnprintf$2) refers to printf2.o(i._snputc) for _snputc
    printf2.o(i.__0vsprintf$2) refers to printf2.o(i._printf_core) for _printf_core
    printf2.o(i.__0vsprintf$2) refers to printf2.o(i._sputc) for _sputc
    printf3.o(i.__0fprintf$3) refers to printf3.o(i._printf_core) for _printf_core
    printf3.o(i.__0fprintf$3) refers to bsp_debug_usart.o(i.fputc) for fputc
    printf3.o(i.__0printf$3) refers to printf3.o(i._printf_core) for _printf_core
    printf3.o(i.__0printf$3) refers to bsp_debug_usart.o(i.fputc) for fputc
    printf3.o(i.__0printf$3) refers to stdout.o(.data) for __stdout
    printf3.o(i.__0snprintf$3) refers to printf3.o(i._printf_core) for _printf_core
    printf3.o(i.__0snprintf$3) refers to printf3.o(i._snputc) for _snputc
    printf3.o(i.__0sprintf$3) refers to printf3.o(i._printf_core) for _printf_core
    printf3.o(i.__0sprintf$3) refers to printf3.o(i._sputc) for _sputc
    printf3.o(i.__0vfprintf$3) refers to printf3.o(i._printf_core) for _printf_core
    printf3.o(i.__0vfprintf$3) refers to bsp_debug_usart.o(i.fputc) for fputc
    printf3.o(i.__0vprintf$3) refers to printf3.o(i._printf_core) for _printf_core
    printf3.o(i.__0vprintf$3) refers to bsp_debug_usart.o(i.fputc) for fputc
    printf3.o(i.__0vprintf$3) refers to stdout.o(.data) for __stdout
    printf3.o(i.__0vsnprintf$3) refers to printf3.o(i._printf_core) for _printf_core
    printf3.o(i.__0vsnprintf$3) refers to printf3.o(i._snputc) for _snputc
    printf3.o(i.__0vsprintf$3) refers to printf3.o(i._printf_core) for _printf_core
    printf3.o(i.__0vsprintf$3) refers to printf3.o(i._sputc) for _sputc
    printf3.o(i._printf_core) refers to uidiv.o(.text) for __aeabi_uidivmod
    printf4.o(i.__0fprintf$4) refers to printf4.o(i._printf_core) for _printf_core
    printf4.o(i.__0fprintf$4) refers to bsp_debug_usart.o(i.fputc) for fputc
    printf4.o(i.__0printf$4) refers to printf4.o(i._printf_core) for _printf_core
    printf4.o(i.__0printf$4) refers to bsp_debug_usart.o(i.fputc) for fputc
    printf4.o(i.__0printf$4) refers to stdout.o(.data) for __stdout
    printf4.o(i.__0snprintf$4) refers to printf4.o(i._printf_core) for _printf_core
    printf4.o(i.__0snprintf$4) refers to printf4.o(i._snputc) for _snputc
    printf4.o(i.__0sprintf$4) refers to printf4.o(i._printf_core) for _printf_core
    printf4.o(i.__0sprintf$4) refers to printf4.o(i._sputc) for _sputc
    printf4.o(i.__0vfprintf$4) refers to printf4.o(i._printf_core) for _printf_core
    printf4.o(i.__0vfprintf$4) refers to bsp_debug_usart.o(i.fputc) for fputc
    printf4.o(i.__0vprintf$4) refers to printf4.o(i._printf_core) for _printf_core
    printf4.o(i.__0vprintf$4) refers to bsp_debug_usart.o(i.fputc) for fputc
    printf4.o(i.__0vprintf$4) refers to stdout.o(.data) for __stdout
    printf4.o(i.__0vsnprintf$4) refers to printf4.o(i._printf_core) for _printf_core
    printf4.o(i.__0vsnprintf$4) refers to printf4.o(i._snputc) for _snputc
    printf4.o(i.__0vsprintf$4) refers to printf4.o(i._printf_core) for _printf_core
    printf4.o(i.__0vsprintf$4) refers to printf4.o(i._sputc) for _sputc
    printf4.o(i._printf_core) refers to uldiv.o(.text) for __aeabi_uldivmod
    printf5.o(i.__0fprintf$5) refers to printf5.o(i._printf_core) for _printf_core
    printf5.o(i.__0fprintf$5) refers to bsp_debug_usart.o(i.fputc) for fputc
    printf5.o(i.__0printf$5) refers to printf5.o(i._printf_core) for _printf_core
    printf5.o(i.__0printf$5) refers to bsp_debug_usart.o(i.fputc) for fputc
    printf5.o(i.__0printf$5) refers to stdout.o(.data) for __stdout
    printf5.o(i.__0snprintf$5) refers to printf5.o(i._printf_core) for _printf_core
    printf5.o(i.__0snprintf$5) refers to printf5.o(i._snputc) for _snputc
    printf5.o(i.__0sprintf$5) refers to printf5.o(i._printf_core) for _printf_core
    printf5.o(i.__0sprintf$5) refers to printf5.o(i._sputc) for _sputc
    printf5.o(i.__0vfprintf$5) refers to printf5.o(i._printf_core) for _printf_core
    printf5.o(i.__0vfprintf$5) refers to bsp_debug_usart.o(i.fputc) for fputc
    printf5.o(i.__0vprintf$5) refers to printf5.o(i._printf_core) for _printf_core
    printf5.o(i.__0vprintf$5) refers to bsp_debug_usart.o(i.fputc) for fputc
    printf5.o(i.__0vprintf$5) refers to stdout.o(.data) for __stdout
    printf5.o(i.__0vsnprintf$5) refers to printf5.o(i._printf_core) for _printf_core
    printf5.o(i.__0vsnprintf$5) refers to printf5.o(i._snputc) for _snputc
    printf5.o(i.__0vsprintf$5) refers to printf5.o(i._printf_core) for _printf_core
    printf5.o(i.__0vsprintf$5) refers to printf5.o(i._sputc) for _sputc
    printf5.o(i._printf_core) refers to uldiv.o(.text) for __aeabi_uldivmod
    printf6.o(i.__0fprintf$6) refers to printf6.o(i._printf_core) for _printf_core
    printf6.o(i.__0fprintf$6) refers to bsp_debug_usart.o(i.fputc) for fputc
    printf6.o(i.__0printf$6) refers to printf6.o(i._printf_core) for _printf_core
    printf6.o(i.__0printf$6) refers to bsp_debug_usart.o(i.fputc) for fputc
    printf6.o(i.__0printf$6) refers to stdout.o(.data) for __stdout
    printf6.o(i.__0snprintf$6) refers to printf6.o(i._printf_core) for _printf_core
    printf6.o(i.__0snprintf$6) refers to printf6.o(i._snputc) for _snputc
    printf6.o(i.__0sprintf$6) refers to printf6.o(i._printf_core) for _printf_core
    printf6.o(i.__0sprintf$6) refers to printf6.o(i._sputc) for _sputc
    printf6.o(i.__0vfprintf$6) refers to printf6.o(i._printf_core) for _printf_core
    printf6.o(i.__0vfprintf$6) refers to bsp_debug_usart.o(i.fputc) for fputc
    printf6.o(i.__0vprintf$6) refers to printf6.o(i._printf_core) for _printf_core
    printf6.o(i.__0vprintf$6) refers to bsp_debug_usart.o(i.fputc) for fputc
    printf6.o(i.__0vprintf$6) refers to stdout.o(.data) for __stdout
    printf6.o(i.__0vsnprintf$6) refers to printf6.o(i._printf_core) for _printf_core
    printf6.o(i.__0vsnprintf$6) refers to printf6.o(i._snputc) for _snputc
    printf6.o(i.__0vsprintf$6) refers to printf6.o(i._printf_core) for _printf_core
    printf6.o(i.__0vsprintf$6) refers to printf6.o(i._sputc) for _sputc
    printf6.o(i._printf_core) refers to printf6.o(i._printf_pre_padding) for _printf_pre_padding
    printf6.o(i._printf_core) refers to uidiv.o(.text) for __aeabi_uidivmod
    printf6.o(i._printf_core) refers to printf6.o(i._printf_post_padding) for _printf_post_padding
    printf7.o(i.__0fprintf$7) refers to printf7.o(i._printf_core) for _printf_core
    printf7.o(i.__0fprintf$7) refers to bsp_debug_usart.o(i.fputc) for fputc
    printf7.o(i.__0printf$7) refers to printf7.o(i._printf_core) for _printf_core
    printf7.o(i.__0printf$7) refers to bsp_debug_usart.o(i.fputc) for fputc
    printf7.o(i.__0printf$7) refers to stdout.o(.data) for __stdout
    printf7.o(i.__0snprintf$7) refers to printf7.o(i._printf_core) for _printf_core
    printf7.o(i.__0snprintf$7) refers to printf7.o(i._snputc) for _snputc
    printf7.o(i.__0sprintf$7) refers to printf7.o(i._printf_core) for _printf_core
    printf7.o(i.__0sprintf$7) refers to printf7.o(i._sputc) for _sputc
    printf7.o(i.__0vfprintf$7) refers to printf7.o(i._printf_core) for _printf_core
    printf7.o(i.__0vfprintf$7) refers to bsp_debug_usart.o(i.fputc) for fputc
    printf7.o(i.__0vprintf$7) refers to printf7.o(i._printf_core) for _printf_core
    printf7.o(i.__0vprintf$7) refers to bsp_debug_usart.o(i.fputc) for fputc
    printf7.o(i.__0vprintf$7) refers to stdout.o(.data) for __stdout
    printf7.o(i.__0vsnprintf$7) refers to printf7.o(i._printf_core) for _printf_core
    printf7.o(i.__0vsnprintf$7) refers to printf7.o(i._snputc) for _snputc
    printf7.o(i.__0vsprintf$7) refers to printf7.o(i._printf_core) for _printf_core
    printf7.o(i.__0vsprintf$7) refers to printf7.o(i._sputc) for _sputc
    printf7.o(i._printf_core) refers to printf7.o(i._printf_pre_padding) for _printf_pre_padding
    printf7.o(i._printf_core) refers to uldiv.o(.text) for __aeabi_uldivmod
    printf7.o(i._printf_core) refers to printf7.o(i._printf_post_padding) for _printf_post_padding
    printf8.o(i.__0fprintf$8) refers to printf8.o(i._printf_core) for _printf_core
    printf8.o(i.__0fprintf$8) refers to bsp_debug_usart.o(i.fputc) for fputc
    printf8.o(i.__0printf$8) refers to printf8.o(i._printf_core) for _printf_core
    printf8.o(i.__0printf$8) refers to bsp_debug_usart.o(i.fputc) for fputc
    printf8.o(i.__0printf$8) refers to stdout.o(.data) for __stdout
    printf8.o(i.__0snprintf$8) refers to printf8.o(i._printf_core) for _printf_core
    printf8.o(i.__0snprintf$8) refers to printf8.o(i._snputc) for _snputc
    printf8.o(i.__0sprintf$8) refers to printf8.o(i._printf_core) for _printf_core
    printf8.o(i.__0sprintf$8) refers to printf8.o(i._sputc) for _sputc
    printf8.o(i.__0vfprintf$8) refers to printf8.o(i._printf_core) for _printf_core
    printf8.o(i.__0vfprintf$8) refers to bsp_debug_usart.o(i.fputc) for fputc
    printf8.o(i.__0vprintf$8) refers to printf8.o(i._printf_core) for _printf_core
    printf8.o(i.__0vprintf$8) refers to bsp_debug_usart.o(i.fputc) for fputc
    printf8.o(i.__0vprintf$8) refers to stdout.o(.data) for __stdout
    printf8.o(i.__0vsnprintf$8) refers to printf8.o(i._printf_core) for _printf_core
    printf8.o(i.__0vsnprintf$8) refers to printf8.o(i._snputc) for _snputc
    printf8.o(i.__0vsprintf$8) refers to printf8.o(i._printf_core) for _printf_core
    printf8.o(i.__0vsprintf$8) refers to printf8.o(i._sputc) for _sputc
    printf8.o(i._printf_core) refers to printf8.o(i._printf_pre_padding) for _printf_pre_padding
    printf8.o(i._printf_core) refers to uldiv.o(.text) for __aeabi_uldivmod
    printf8.o(i._printf_core) refers to printf8.o(i._printf_post_padding) for _printf_post_padding
    printfa.o(i.__0fprintf) refers (Special) to iusefp.o(.text) for __I$use$fp
    printfa.o(i.__0fprintf) refers to printfa.o(i._printf_core) for _printf_core
    printfa.o(i.__0fprintf) refers to bsp_debug_usart.o(i.fputc) for fputc
    printfa.o(i.__0printf) refers (Special) to iusefp.o(.text) for __I$use$fp
    printfa.o(i.__0printf) refers to printfa.o(i._printf_core) for _printf_core
    printfa.o(i.__0printf) refers to bsp_debug_usart.o(i.fputc) for fputc
    printfa.o(i.__0printf) refers to stdout.o(.data) for __stdout
    printfa.o(i.__0snprintf) refers (Special) to iusefp.o(.text) for __I$use$fp
    printfa.o(i.__0snprintf) refers to printfa.o(i._printf_core) for _printf_core
    printfa.o(i.__0snprintf) refers to printfa.o(i._snputc) for _snputc
    printfa.o(i.__0sprintf) refers (Special) to iusefp.o(.text) for __I$use$fp
    printfa.o(i.__0sprintf) refers to printfa.o(i._printf_core) for _printf_core
    printfa.o(i.__0sprintf) refers to printfa.o(i._sputc) for _sputc
    printfa.o(i.__0vfprintf) refers (Special) to iusefp.o(.text) for __I$use$fp
    printfa.o(i.__0vfprintf) refers to printfa.o(i._printf_core) for _printf_core
    printfa.o(i.__0vfprintf) refers to bsp_debug_usart.o(i.fputc) for fputc
    printfa.o(i.__0vprintf) refers (Special) to iusefp.o(.text) for __I$use$fp
    printfa.o(i.__0vprintf) refers to printfa.o(i._printf_core) for _printf_core
    printfa.o(i.__0vprintf) refers to bsp_debug_usart.o(i.fputc) for fputc
    printfa.o(i.__0vprintf) refers to stdout.o(.data) for __stdout
    printfa.o(i.__0vsnprintf) refers (Special) to iusefp.o(.text) for __I$use$fp
    printfa.o(i.__0vsnprintf) refers to printfa.o(i._printf_core) for _printf_core
    printfa.o(i.__0vsnprintf) refers to printfa.o(i._snputc) for _snputc
    printfa.o(i.__0vsprintf) refers (Special) to iusefp.o(.text) for __I$use$fp
    printfa.o(i.__0vsprintf) refers to printfa.o(i._printf_core) for _printf_core
    printfa.o(i.__0vsprintf) refers to printfa.o(i._sputc) for _sputc
    printfa.o(i._fp_digits) refers (Special) to iusefp.o(.text) for __I$use$fp
    printfa.o(i._fp_digits) refers to dmul.o(.text) for __aeabi_dmul
    printfa.o(i._fp_digits) refers to ddiv.o(.text) for __aeabi_ddiv
    printfa.o(i._fp_digits) refers to cdrcmple.o(.text) for __aeabi_cdrcmple
    printfa.o(i._fp_digits) refers to dadd.o(.text) for __aeabi_dadd
    printfa.o(i._fp_digits) refers to dfixul.o(.text) for __aeabi_d2ulz
    printfa.o(i._fp_digits) refers to uldiv.o(.text) for __aeabi_uldivmod
    printfa.o(i._printf_core) refers (Special) to iusefp.o(.text) for __I$use$fp
    printfa.o(i._printf_core) refers to printfa.o(i._printf_pre_padding) for _printf_pre_padding
    printfa.o(i._printf_core) refers to uldiv.o(.text) for __aeabi_uldivmod
    printfa.o(i._printf_core) refers to printfa.o(i._printf_post_padding) for _printf_post_padding
    printfa.o(i._printf_core) refers to printfa.o(i._fp_digits) for _fp_digits
    printfa.o(i._printf_core) refers to uidiv.o(.text) for __aeabi_uidivmod
    printfa.o(i._printf_post_padding) refers (Special) to iusefp.o(.text) for __I$use$fp
    printfa.o(i._printf_pre_padding) refers (Special) to iusefp.o(.text) for __I$use$fp
    printfa.o(i._snputc) refers (Special) to iusefp.o(.text) for __I$use$fp
    printfa.o(i._sputc) refers (Special) to iusefp.o(.text) for __I$use$fp
    entry2.o(.ARM.Collect$$$$00000001) refers to entry2.o(.ARM.Collect$$$$00002712) for __lit__00000000
    entry2.o(.ARM.Collect$$$$00002712) refers to startup_stm32f40xx.o(STACK) for __initial_sp
    entry2.o(__vectab_stack_and_reset_area) refers to startup_stm32f40xx.o(STACK) for __initial_sp
    entry2.o(__vectab_stack_and_reset_area) refers to entry.o(.ARM.Collect$$$$00000000) for __main
    entry5.o(.ARM.Collect$$$$00000004) refers to init.o(.text) for __scatterload
    entry9a.o(.ARM.Collect$$$$0000000B) refers to main.o(i.main) for main
    entry9b.o(.ARM.Collect$$$$0000000C) refers to main.o(i.main) for main
    uldiv.o(.text) refers to llushr.o(.text) for __aeabi_llsr
    uldiv.o(.text) refers to llshl.o(.text) for __aeabi_llsl
    dadd.o(.text) refers to llshl.o(.text) for __aeabi_llsl
    dadd.o(.text) refers to llsshr.o(.text) for __aeabi_lasr
    dadd.o(.text) refers to depilogue.o(.text) for _double_epilogue
    dmul.o(.text) refers to depilogue.o(.text) for _double_epilogue
    ddiv.o(.text) refers to depilogue.o(.text) for _double_round
    dfixul.o(.text) refers to llushr.o(.text) for __aeabi_llsr
    dfixul.o(.text) refers to llshl.o(.text) for __aeabi_llsl
    init.o(.text) refers to entry5.o(.ARM.Collect$$$$00000004) for __main_after_scatterload
    depilogue.o(.text) refers to llshl.o(.text) for __aeabi_llsl
    depilogue.o(.text) refers to llushr.o(.text) for __aeabi_llsr


==============================================================================

Removing Unused input sections from the image.

    Removing startup_stm32f40xx.o(HEAP), (1024 bytes).
    Removing system_stm32f4xx.o(.rev16_text), (4 bytes).
    Removing system_stm32f4xx.o(.revsh_text), (4 bytes).
    Removing system_stm32f4xx.o(.rrx_text), (6 bytes).
    Removing system_stm32f4xx.o(i.SystemCoreClockUpdate), (132 bytes).
    Removing system_stm32f4xx.o(.data), (20 bytes).
    Removing misc.o(.rev16_text), (4 bytes).
    Removing misc.o(.revsh_text), (4 bytes).
    Removing misc.o(.rrx_text), (6 bytes).
    Removing misc.o(i.NVIC_SetVectorTable), (20 bytes).
    Removing misc.o(i.NVIC_SystemLPConfig), (28 bytes).
    Removing stm32f4xx_exti.o(.rev16_text), (4 bytes).
    Removing stm32f4xx_exti.o(.revsh_text), (4 bytes).
    Removing stm32f4xx_exti.o(.rrx_text), (6 bytes).
    Removing stm32f4xx_exti.o(i.EXTI_ClearFlag), (12 bytes).
    Removing stm32f4xx_exti.o(i.EXTI_DeInit), (36 bytes).
    Removing stm32f4xx_exti.o(i.EXTI_GenerateSWInterrupt), (16 bytes).
    Removing stm32f4xx_exti.o(i.EXTI_GetITStatus), (20 bytes).
    Removing stm32f4xx_exti.o(i.EXTI_StructInit), (14 bytes).
    Removing stm32f4xx_gpio.o(.rev16_text), (4 bytes).
    Removing stm32f4xx_gpio.o(.revsh_text), (4 bytes).
    Removing stm32f4xx_gpio.o(.rrx_text), (6 bytes).
    Removing stm32f4xx_gpio.o(i.GPIO_DeInit), (340 bytes).
    Removing stm32f4xx_gpio.o(i.GPIO_PinLockConfig), (26 bytes).
    Removing stm32f4xx_gpio.o(i.GPIO_ReadInputData), (6 bytes).
    Removing stm32f4xx_gpio.o(i.GPIO_ReadOutputData), (6 bytes).
    Removing stm32f4xx_gpio.o(i.GPIO_ReadOutputDataBit), (14 bytes).
    Removing stm32f4xx_gpio.o(i.GPIO_StructInit), (18 bytes).
    Removing stm32f4xx_gpio.o(i.GPIO_ToggleBits), (8 bytes).
    Removing stm32f4xx_gpio.o(i.GPIO_Write), (4 bytes).
    Removing stm32f4xx_gpio.o(i.GPIO_WriteBit), (12 bytes).
    Removing stm32f4xx_rcc.o(.rev16_text), (4 bytes).
    Removing stm32f4xx_rcc.o(.revsh_text), (4 bytes).
    Removing stm32f4xx_rcc.o(.rrx_text), (6 bytes).
    Removing stm32f4xx_rcc.o(i.RCC_AHB1PeriphClockLPModeCmd), (28 bytes).
    Removing stm32f4xx_rcc.o(i.RCC_AHB1PeriphResetCmd), (28 bytes).
    Removing stm32f4xx_rcc.o(i.RCC_AHB2PeriphClockCmd), (28 bytes).
    Removing stm32f4xx_rcc.o(i.RCC_AHB2PeriphClockLPModeCmd), (28 bytes).
    Removing stm32f4xx_rcc.o(i.RCC_AHB2PeriphResetCmd), (28 bytes).
    Removing stm32f4xx_rcc.o(i.RCC_AHB3PeriphClockCmd), (28 bytes).
    Removing stm32f4xx_rcc.o(i.RCC_AHB3PeriphClockLPModeCmd), (28 bytes).
    Removing stm32f4xx_rcc.o(i.RCC_AHB3PeriphResetCmd), (28 bytes).
    Removing stm32f4xx_rcc.o(i.RCC_APB1PeriphClockCmd), (28 bytes).
    Removing stm32f4xx_rcc.o(i.RCC_APB1PeriphClockLPModeCmd), (28 bytes).
    Removing stm32f4xx_rcc.o(i.RCC_APB1PeriphResetCmd), (28 bytes).
    Removing stm32f4xx_rcc.o(i.RCC_APB2PeriphClockLPModeCmd), (28 bytes).
    Removing stm32f4xx_rcc.o(i.RCC_APB2PeriphResetCmd), (28 bytes).
    Removing stm32f4xx_rcc.o(i.RCC_AdjustHSICalibrationValue), (20 bytes).
    Removing stm32f4xx_rcc.o(i.RCC_BackupResetCmd), (12 bytes).
    Removing stm32f4xx_rcc.o(i.RCC_ClearFlag), (16 bytes).
    Removing stm32f4xx_rcc.o(i.RCC_ClearITPendingBit), (12 bytes).
    Removing stm32f4xx_rcc.o(i.RCC_ClockSecuritySystemCmd), (12 bytes).
    Removing stm32f4xx_rcc.o(i.RCC_DeInit), (84 bytes).
    Removing stm32f4xx_rcc.o(i.RCC_GetFlagStatus), (56 bytes).
    Removing stm32f4xx_rcc.o(i.RCC_GetITStatus), (20 bytes).
    Removing stm32f4xx_rcc.o(i.RCC_GetSYSCLKSource), (16 bytes).
    Removing stm32f4xx_rcc.o(i.RCC_HCLKConfig), (20 bytes).
    Removing stm32f4xx_rcc.o(i.RCC_HSEConfig), (16 bytes).
    Removing stm32f4xx_rcc.o(i.RCC_HSICmd), (12 bytes).
    Removing stm32f4xx_rcc.o(i.RCC_I2SCLKConfig), (12 bytes).
    Removing stm32f4xx_rcc.o(i.RCC_ITConfig), (28 bytes).
    Removing stm32f4xx_rcc.o(i.RCC_LSEConfig), (32 bytes).
    Removing stm32f4xx_rcc.o(i.RCC_LSEModeConfig), (32 bytes).
    Removing stm32f4xx_rcc.o(i.RCC_LSICmd), (12 bytes).
    Removing stm32f4xx_rcc.o(i.RCC_LTDCCLKDivConfig), (20 bytes).
    Removing stm32f4xx_rcc.o(i.RCC_MCO1Config), (20 bytes).
    Removing stm32f4xx_rcc.o(i.RCC_MCO2Config), (20 bytes).
    Removing stm32f4xx_rcc.o(i.RCC_PCLK1Config), (20 bytes).
    Removing stm32f4xx_rcc.o(i.RCC_PCLK2Config), (20 bytes).
    Removing stm32f4xx_rcc.o(i.RCC_PLLCmd), (12 bytes).
    Removing stm32f4xx_rcc.o(i.RCC_PLLConfig), (36 bytes).
    Removing stm32f4xx_rcc.o(i.RCC_PLLI2SCmd), (12 bytes).
    Removing stm32f4xx_rcc.o(i.RCC_PLLI2SConfig), (16 bytes).
    Removing stm32f4xx_rcc.o(i.RCC_PLLSAICmd), (12 bytes).
    Removing stm32f4xx_rcc.o(i.RCC_PLLSAIConfig), (20 bytes).
    Removing stm32f4xx_rcc.o(i.RCC_RTCCLKCmd), (12 bytes).
    Removing stm32f4xx_rcc.o(i.RCC_RTCCLKConfig), (48 bytes).
    Removing stm32f4xx_rcc.o(i.RCC_SAIBlockACLKConfig), (20 bytes).
    Removing stm32f4xx_rcc.o(i.RCC_SAIBlockBCLKConfig), (20 bytes).
    Removing stm32f4xx_rcc.o(i.RCC_SAIPLLI2SClkDivConfig), (20 bytes).
    Removing stm32f4xx_rcc.o(i.RCC_SAIPLLSAIClkDivConfig), (24 bytes).
    Removing stm32f4xx_rcc.o(i.RCC_SYSCLKConfig), (20 bytes).
    Removing stm32f4xx_rcc.o(i.RCC_TIMCLKPresConfig), (12 bytes).
    Removing stm32f4xx_rcc.o(i.RCC_WaitForHSEStartUp), (48 bytes).
    Removing stm32f4xx_syscfg.o(.rev16_text), (4 bytes).
    Removing stm32f4xx_syscfg.o(.revsh_text), (4 bytes).
    Removing stm32f4xx_syscfg.o(.rrx_text), (6 bytes).
    Removing stm32f4xx_syscfg.o(i.SYSCFG_CompensationCellCmd), (12 bytes).
    Removing stm32f4xx_syscfg.o(i.SYSCFG_DeInit), (24 bytes).
    Removing stm32f4xx_syscfg.o(i.SYSCFG_ETH_MediaInterfaceConfig), (12 bytes).
    Removing stm32f4xx_syscfg.o(i.SYSCFG_GetCompensationCellStatus), (20 bytes).
    Removing stm32f4xx_syscfg.o(i.SYSCFG_MemoryRemapConfig), (12 bytes).
    Removing stm32f4xx_syscfg.o(i.SYSCFG_MemorySwappingBank), (12 bytes).
    Removing stm32f4xx_usart.o(.rev16_text), (4 bytes).
    Removing stm32f4xx_usart.o(.revsh_text), (4 bytes).
    Removing stm32f4xx_usart.o(.rrx_text), (6 bytes).
    Removing stm32f4xx_usart.o(i.USART_ClearFlag), (8 bytes).
    Removing stm32f4xx_usart.o(i.USART_ClockInit), (28 bytes).
    Removing stm32f4xx_usart.o(i.USART_ClockStructInit), (12 bytes).
    Removing stm32f4xx_usart.o(i.USART_DMACmd), (20 bytes).
    Removing stm32f4xx_usart.o(i.USART_DeInit), (256 bytes).
    Removing stm32f4xx_usart.o(i.USART_HalfDuplexCmd), (24 bytes).
    Removing stm32f4xx_usart.o(i.USART_IrDACmd), (24 bytes).
    Removing stm32f4xx_usart.o(i.USART_IrDAConfig), (16 bytes).
    Removing stm32f4xx_usart.o(i.USART_LINBreakDetectLengthConfig), (16 bytes).
    Removing stm32f4xx_usart.o(i.USART_LINCmd), (24 bytes).
    Removing stm32f4xx_usart.o(i.USART_OneBitMethodCmd), (24 bytes).
    Removing stm32f4xx_usart.o(i.USART_OverSampling8Cmd), (24 bytes).
    Removing stm32f4xx_usart.o(i.USART_ReceiveData), (8 bytes).
    Removing stm32f4xx_usart.o(i.USART_ReceiverWakeUpCmd), (24 bytes).
    Removing stm32f4xx_usart.o(i.USART_SendBreak), (10 bytes).
    Removing stm32f4xx_usart.o(i.USART_SetAddress), (16 bytes).
    Removing stm32f4xx_usart.o(i.USART_SetGuardTime), (16 bytes).
    Removing stm32f4xx_usart.o(i.USART_SetPrescaler), (16 bytes).
    Removing stm32f4xx_usart.o(i.USART_SmartCardCmd), (24 bytes).
    Removing stm32f4xx_usart.o(i.USART_SmartCardNACKCmd), (24 bytes).
    Removing stm32f4xx_usart.o(i.USART_StructInit), (22 bytes).
    Removing stm32f4xx_usart.o(i.USART_WakeUpConfig), (16 bytes).
    Removing stm32f4xx_it.o(.rev16_text), (4 bytes).
    Removing stm32f4xx_it.o(.revsh_text), (4 bytes).
    Removing stm32f4xx_it.o(.rrx_text), (6 bytes).
    Removing stm32f4xx_it.o(i.SD_SDIO_DMA_IRQHANDLER), (2 bytes).
    Removing bsp_led.o(.rev16_text), (4 bytes).
    Removing bsp_led.o(.revsh_text), (4 bytes).
    Removing bsp_led.o(.rrx_text), (6 bytes).
    Removing bsp_delay.o(.rev16_text), (4 bytes).
    Removing bsp_delay.o(.revsh_text), (4 bytes).
    Removing bsp_delay.o(.rrx_text), (6 bytes).
    Removing bsp_debug_usart.o(.rev16_text), (4 bytes).
    Removing bsp_debug_usart.o(.revsh_text), (4 bytes).
    Removing bsp_debug_usart.o(.rrx_text), (6 bytes).
    Removing bsp_debug_usart.o(i.Debug_USART_RecData), (32 bytes).
    Removing bsp_debug_usart.o(i.Debug_USART_SendData), (32 bytes).
    Removing bsp_debug_usart.o(i.fgetc), (32 bytes).
    Removing sys.o(.rev16_text), (4 bytes).
    Removing sys.o(.revsh_text), (4 bytes).
    Removing sys.o(.rrx_text), (6 bytes).
    Removing sys.o(.emb_text), (16 bytes).
    Removing bsp_key.o(.rev16_text), (4 bytes).
    Removing bsp_key.o(.revsh_text), (4 bytes).
    Removing bsp_key.o(.rrx_text), (6 bytes).
    Removing bsp_key.o(i.Bsp_Key_Init), (48 bytes).
    Removing hal_delay.o(.rev16_text), (4 bytes).
    Removing hal_delay.o(.revsh_text), (4 bytes).
    Removing hal_delay.o(.rrx_text), (6 bytes).
    Removing hal_delay.o(i.Hal_Delay_us), (4 bytes).
    Removing hal_debug_usart.o(.rev16_text), (4 bytes).
    Removing hal_debug_usart.o(.revsh_text), (4 bytes).
    Removing hal_debug_usart.o(.rrx_text), (6 bytes).
    Removing hal_debug_usart.o(i.Hal_Debug_Usart_RecData), (4 bytes).
    Removing hal_debug_usart.o(i.Hal_Debug_Usart_SendData), (4 bytes).
    Removing hal_led.o(.rev16_text), (4 bytes).
    Removing hal_led.o(.revsh_text), (4 bytes).
    Removing hal_led.o(.rrx_text), (6 bytes).
    Removing hal_led.o(i.Hal_Led_turn), (40 bytes).
    Removing hal_led.o(.data), (1 bytes).
    Removing hal_key.o(.rev16_text), (4 bytes).
    Removing hal_key.o(.revsh_text), (4 bytes).
    Removing hal_key.o(.rrx_text), (6 bytes).
    Removing hal_key.o(i.Hal_Key_Init), (4 bytes).
    Removing hal_key.o(i.Hal_Key_Scan), (96 bytes).
    Removing app_led.o(.rev16_text), (4 bytes).
    Removing app_led.o(.revsh_text), (4 bytes).
    Removing app_led.o(.rrx_text), (6 bytes).
    Removing app_led.o(.constdata), (18 bytes).
    Removing app_exit.o(.rev16_text), (4 bytes).
    Removing app_exit.o(.revsh_text), (4 bytes).
    Removing app_exit.o(.rrx_text), (6 bytes).
    Removing app_exit.o(i.App_Debug_Usart_RXEN_IRQHandler), (2 bytes).
    Removing app_exit.o(.constdata), (20 bytes).
    Removing app_exit.o(.constdata), (20 bytes).
    Removing app_init.o(.rev16_text), (4 bytes).
    Removing app_init.o(.revsh_text), (4 bytes).
    Removing app_init.o(.rrx_text), (6 bytes).
    Removing dadd.o(.text), (334 bytes).
    Removing dmul.o(.text), (228 bytes).
    Removing ddiv.o(.text), (222 bytes).
    Removing dfixul.o(.text), (48 bytes).
    Removing cdrcmple.o(.text), (48 bytes).
    Removing depilogue.o(.text), (186 bytes).

180 unused section(s) (total 5429 bytes) removed from the image.

==============================================================================

Image Symbol Table

    Local Symbols

    Symbol Name                              Value     Ov Type        Size  Object(Section)

    ../clib/microlib/division.c              0x00000000   Number         0  uidiv.o ABSOLUTE
    ../clib/microlib/division.c              0x00000000   Number         0  uldiv.o ABSOLUTE
    ../clib/microlib/init/entry.s            0x00000000   Number         0  entry12b.o ABSOLUTE
    ../clib/microlib/init/entry.s            0x00000000   Number         0  entry8a.o ABSOLUTE
    ../clib/microlib/init/entry.s            0x00000000   Number         0  entry.o ABSOLUTE
    ../clib/microlib/init/entry.s            0x00000000   Number         0  entry7b.o ABSOLUTE
    ../clib/microlib/init/entry.s            0x00000000   Number         0  entry11b.o ABSOLUTE
    ../clib/microlib/init/entry.s            0x00000000   Number         0  entry9a.o ABSOLUTE
    ../clib/microlib/init/entry.s            0x00000000   Number         0  entry12a.o ABSOLUTE
    ../clib/microlib/init/entry.s            0x00000000   Number         0  entry11a.o ABSOLUTE
    ../clib/microlib/init/entry.s            0x00000000   Number         0  entry10b.o ABSOLUTE
    ../clib/microlib/init/entry.s            0x00000000   Number         0  entry7a.o ABSOLUTE
    ../clib/microlib/init/entry.s            0x00000000   Number         0  entry10a.o ABSOLUTE
    ../clib/microlib/init/entry.s            0x00000000   Number         0  entry9b.o ABSOLUTE
    ../clib/microlib/init/entry.s            0x00000000   Number         0  entry5.o ABSOLUTE
    ../clib/microlib/init/entry.s            0x00000000   Number         0  entry8b.o ABSOLUTE
    ../clib/microlib/init/entry.s            0x00000000   Number         0  entry2.o ABSOLUTE
    ../clib/microlib/longlong.c              0x00000000   Number         0  llsshr.o ABSOLUTE
    ../clib/microlib/longlong.c              0x00000000   Number         0  llushr.o ABSOLUTE
    ../clib/microlib/longlong.c              0x00000000   Number         0  llshl.o ABSOLUTE
    ../clib/microlib/printf/printf.c         0x00000000   Number         0  printf2.o ABSOLUTE
    ../clib/microlib/printf/printf.c         0x00000000   Number         0  printf3.o ABSOLUTE
    ../clib/microlib/printf/printf.c         0x00000000   Number         0  printf4.o ABSOLUTE
    ../clib/microlib/printf/printf.c         0x00000000   Number         0  printf5.o ABSOLUTE
    ../clib/microlib/printf/printf.c         0x00000000   Number         0  printf6.o ABSOLUTE
    ../clib/microlib/printf/printf.c         0x00000000   Number         0  printfa.o ABSOLUTE
    ../clib/microlib/printf/printf.c         0x00000000   Number         0  printf8.o ABSOLUTE
    ../clib/microlib/printf/printf.c         0x00000000   Number         0  printf1.o ABSOLUTE
    ../clib/microlib/printf/printf.c         0x00000000   Number         0  printf0.o ABSOLUTE
    ../clib/microlib/printf/printf.c         0x00000000   Number         0  printfb.o ABSOLUTE
    ../clib/microlib/printf/printf.c         0x00000000   Number         0  printf7.o ABSOLUTE
    ../clib/microlib/printf/stubs.s          0x00000000   Number         0  stubs.o ABSOLUTE
    ../clib/microlib/stdio/streams.c         0x00000000   Number         0  stdout.o ABSOLUTE
    ../clib/microlib/stubs.s                 0x00000000   Number         0  iusefp.o ABSOLUTE
    ../fplib/microlib/fpadd.c                0x00000000   Number         0  dadd.o ABSOLUTE
    ../fplib/microlib/fpdiv.c                0x00000000   Number         0  ddiv.o ABSOLUTE
    ../fplib/microlib/fpepilogue.c           0x00000000   Number         0  depilogue.o ABSOLUTE
    ../fplib/microlib/fpfix.c                0x00000000   Number         0  dfixul.o ABSOLUTE
    ../fplib/microlib/fpmul.c                0x00000000   Number         0  dmul.o ABSOLUTE
    ..\..\Libraries\CMSIS\Device\ST\STM32F4xx\Source\Templates\arm\startup_stm32f40xx.s 0x00000000   Number         0  startup_stm32f40xx.o ABSOLUTE
    ..\..\Libraries\CMSIS\Device\ST\STM32F4xx\Source\Templates\system_stm32f4xx.c 0x00000000   Number         0  system_stm32f4xx.o ABSOLUTE
    ..\..\Libraries\STM32F4xx_StdPeriph_Driver\src\misc.c 0x00000000   Number         0  misc.o ABSOLUTE
    ..\..\Libraries\STM32F4xx_StdPeriph_Driver\src\stm32f4xx_exti.c 0x00000000   Number         0  stm32f4xx_exti.o ABSOLUTE
    ..\..\Libraries\STM32F4xx_StdPeriph_Driver\src\stm32f4xx_gpio.c 0x00000000   Number         0  stm32f4xx_gpio.o ABSOLUTE
    ..\..\Libraries\STM32F4xx_StdPeriph_Driver\src\stm32f4xx_rcc.c 0x00000000   Number         0  stm32f4xx_rcc.o ABSOLUTE
    ..\..\Libraries\STM32F4xx_StdPeriph_Driver\src\stm32f4xx_syscfg.c 0x00000000   Number         0  stm32f4xx_syscfg.o ABSOLUTE
    ..\..\Libraries\STM32F4xx_StdPeriph_Driver\src\stm32f4xx_usart.c 0x00000000   Number         0  stm32f4xx_usart.o ABSOLUTE
    ..\..\User\app\exit\app_exit.c           0x00000000   Number         0  app_exit.o ABSOLUTE
    ..\..\User\app\init\app_init.c           0x00000000   Number         0  app_init.o ABSOLUTE
    ..\..\User\app\led\app_led.c             0x00000000   Number         0  app_led.o ABSOLUTE
    ..\..\User\bsp\delay\bsp_delay.c         0x00000000   Number         0  bsp_delay.o ABSOLUTE
    ..\..\User\bsp\key\bsp_key.c             0x00000000   Number         0  bsp_key.o ABSOLUTE
    ..\..\User\bsp\led\bsp_led.c             0x00000000   Number         0  bsp_led.o ABSOLUTE
    ..\..\User\bsp\relocate\bsp_relocate.c   0x00000000   Number         0  bsp_relocate.o ABSOLUTE
    ..\..\User\bsp\sys\sys.c                 0x00000000   Number         0  sys.o ABSOLUTE
    ..\..\User\bsp\usart\bsp_debug_usart.c   0x00000000   Number         0  bsp_debug_usart.o ABSOLUTE
    ..\..\User\hal\delay\hal_delay.c         0x00000000   Number         0  hal_delay.o ABSOLUTE
    ..\..\User\hal\key\hal_key.c             0x00000000   Number         0  hal_key.o ABSOLUTE
    ..\..\User\hal\led\hal_led.c             0x00000000   Number         0  hal_led.o ABSOLUTE
    ..\..\User\hal\usart\hal_debug_usart.c   0x00000000   Number         0  hal_debug_usart.o ABSOLUTE
    ..\..\User\main.c                        0x00000000   Number         0  main.o ABSOLUTE
    ..\..\User\stm32f4xx_it.c                0x00000000   Number         0  stm32f4xx_it.o ABSOLUTE
    ..\\..\\Libraries\\CMSIS\\Device\\ST\\STM32F4xx\\Source\\Templates\\system_stm32f4xx.c 0x00000000   Number         0  system_stm32f4xx.o ABSOLUTE
    ..\\..\\Libraries\\STM32F4xx_StdPeriph_Driver\\src\\misc.c 0x00000000   Number         0  misc.o ABSOLUTE
    ..\\..\\Libraries\\STM32F4xx_StdPeriph_Driver\\src\\stm32f4xx_exti.c 0x00000000   Number         0  stm32f4xx_exti.o ABSOLUTE
    ..\\..\\Libraries\\STM32F4xx_StdPeriph_Driver\\src\\stm32f4xx_gpio.c 0x00000000   Number         0  stm32f4xx_gpio.o ABSOLUTE
    ..\\..\\Libraries\\STM32F4xx_StdPeriph_Driver\\src\\stm32f4xx_rcc.c 0x00000000   Number         0  stm32f4xx_rcc.o ABSOLUTE
    ..\\..\\Libraries\\STM32F4xx_StdPeriph_Driver\\src\\stm32f4xx_syscfg.c 0x00000000   Number         0  stm32f4xx_syscfg.o ABSOLUTE
    ..\\..\\Libraries\\STM32F4xx_StdPeriph_Driver\\src\\stm32f4xx_usart.c 0x00000000   Number         0  stm32f4xx_usart.o ABSOLUTE
    ..\\..\\User\\app\\exit\\app_exit.c      0x00000000   Number         0  app_exit.o ABSOLUTE
    ..\\..\\User\\app\\init\\app_init.c      0x00000000   Number         0  app_init.o ABSOLUTE
    ..\\..\\User\\app\\led\\app_led.c        0x00000000   Number         0  app_led.o ABSOLUTE
    ..\\..\\User\\bsp\\delay\\bsp_delay.c    0x00000000   Number         0  bsp_delay.o ABSOLUTE
    ..\\..\\User\\bsp\\key\\bsp_key.c        0x00000000   Number         0  bsp_key.o ABSOLUTE
    ..\\..\\User\\bsp\\led\\bsp_led.c        0x00000000   Number         0  bsp_led.o ABSOLUTE
    ..\\..\\User\\bsp\\sys\\sys.c            0x00000000   Number         0  sys.o ABSOLUTE
    ..\\..\\User\\bsp\\usart\\bsp_debug_usart.c 0x00000000   Number         0  bsp_debug_usart.o ABSOLUTE
    ..\\..\\User\\hal\\delay\\hal_delay.c    0x00000000   Number         0  hal_delay.o ABSOLUTE
    ..\\..\\User\\hal\\key\\hal_key.c        0x00000000   Number         0  hal_key.o ABSOLUTE
    ..\\..\\User\\hal\\led\\hal_led.c        0x00000000   Number         0  hal_led.o ABSOLUTE
    ..\\..\\User\\hal\\usart\\hal_debug_usart.c 0x00000000   Number         0  hal_debug_usart.o ABSOLUTE
    ..\\..\\User\\stm32f4xx_it.c             0x00000000   Number         0  stm32f4xx_it.o ABSOLUTE
    cdrcmple.s                               0x00000000   Number         0  cdrcmple.o ABSOLUTE
    dc.s                                     0x00000000   Number         0  dc.o ABSOLUTE
    handlers.s                               0x00000000   Number         0  handlers.o ABSOLUTE
    init.s                                   0x00000000   Number         0  init.o ABSOLUTE
    RESET                                    0x08000000   Section      392  startup_stm32f40xx.o(RESET)
    .ARM.Collect$$$$00000000                 0x08000188   Section        0  entry.o(.ARM.Collect$$$$00000000)
    .ARM.Collect$$$$00000001                 0x08000188   Section        4  entry2.o(.ARM.Collect$$$$00000001)
    .ARM.Collect$$$$00000004                 0x0800018c   Section        4  entry5.o(.ARM.Collect$$$$00000004)
    .ARM.Collect$$$$00000008                 0x08000190   Section        0  entry7b.o(.ARM.Collect$$$$00000008)
    .ARM.Collect$$$$0000000A                 0x08000190   Section        0  entry8b.o(.ARM.Collect$$$$0000000A)
    .ARM.Collect$$$$0000000B                 0x08000190   Section        8  entry9a.o(.ARM.Collect$$$$0000000B)
    .ARM.Collect$$$$0000000E                 0x08000198   Section        4  entry12b.o(.ARM.Collect$$$$0000000E)
    .ARM.Collect$$$$0000000F                 0x0800019c   Section        0  entry10a.o(.ARM.Collect$$$$0000000F)
    .ARM.Collect$$$$00000011                 0x0800019c   Section        0  entry11a.o(.ARM.Collect$$$$00000011)
    .ARM.Collect$$$$00002712                 0x0800019c   Section        4  entry2.o(.ARM.Collect$$$$00002712)
    __lit__00000000                          0x0800019c   Data           4  entry2.o(.ARM.Collect$$$$00002712)
    .text                                    0x080001a0   Section       36  init.o(.text)
    RELOCATE                                 0x080001c4   Section      132  startup_stm32f40xx.o(RELOCATE)
    $v0                                      0x080001c4   Number         0  startup_stm32f40xx.o(RELOCATE)
    i.Bsp_Clear_Bss                          0x08000248   Section        0  bsp_relocate.o(i.Bsp_Clear_Bss)
    i.Bsp_Relocate                           0x08000258   Section        0  bsp_relocate.o(i.Bsp_Relocate)
    i.__scatterload_copy                     0x0800026a   Section       14  handlers.o(i.__scatterload_copy)
    i.__scatterload_null                     0x08000278   Section        2  handlers.o(i.__scatterload_null)
    i.__scatterload_zeroinit                 0x0800027a   Section       14  handlers.o(i.__scatterload_zeroinit)
    .text                                    0x20000000   Section        0  uidiv.o(.text)
    i.App_HW_Init                            0x2000002c   Section        0  app_init.o(i.App_HW_Init)
    i.App_Key0_IRQHandler                    0x2000006c   Section        0  app_exit.o(i.App_Key0_IRQHandler)
    i.App_Key2_IRQHandler                    0x2000009c   Section        0  app_exit.o(i.App_Key2_IRQHandler)
    i.App_Led_Test_Task                      0x200000cc   Section        0  app_led.o(i.App_Led_Test_Task)
    i.App_SW_Init                            0x20000140   Section        0  app_init.o(i.App_SW_Init)
    i.Bsp_Key0_Read_Bit                      0x20000144   Section        0  bsp_key.o(i.Bsp_Key0_Read_Bit)
    i.Bsp_Key2_Read_Bit                      0x20000150   Section        0  bsp_key.o(i.Bsp_Key2_Read_Bit)
    i.Bsp_Key_Exit_Init                      0x2000015c   Section        0  bsp_key.o(i.Bsp_Key_Exit_Init)
    i.Bsp_Led_Init                           0x20000208   Section        0  bsp_led.o(i.Bsp_Led_Init)
    i.BusFault_Handler                       0x20000248   Section        0  stm32f4xx_it.o(i.BusFault_Handler)
    i.DebugMon_Handler                       0x2000024a   Section        0  stm32f4xx_it.o(i.DebugMon_Handler)
    i.Debug_USART_Config                     0x2000024c   Section        0  bsp_debug_usart.o(i.Debug_USART_Config)
    i.Debug_USART_NVIC_Cfg                   0x200002f0   Section        0  bsp_debug_usart.o(i.Debug_USART_NVIC_Cfg)
    i.Delay_Init                             0x20000310   Section        0  bsp_delay.o(i.Delay_Init)
    i.Delay_ms                               0x2000033c   Section        0  bsp_delay.o(i.Delay_ms)
    i.Delay_us                               0x20000354   Section        0  bsp_delay.o(i.Delay_us)
    i.EXTI1_IRQHandler                       0x200003b0   Section        0  stm32f4xx_it.o(i.EXTI1_IRQHandler)
    i.EXTI2_IRQHandler                       0x200003b2   Section        0  stm32f4xx_it.o(i.EXTI2_IRQHandler)
    i.EXTI4_IRQHandler                       0x200003cc   Section        0  stm32f4xx_it.o(i.EXTI4_IRQHandler)
    i.EXTI_ClearITPendingBit                 0x200003e8   Section        0  stm32f4xx_exti.o(i.EXTI_ClearITPendingBit)
    i.EXTI_GetFlagStatus                     0x200003f4   Section        0  stm32f4xx_exti.o(i.EXTI_GetFlagStatus)
    i.EXTI_Init                              0x20000408   Section        0  stm32f4xx_exti.o(i.EXTI_Init)
    i.GPIO_Init                              0x2000047c   Section        0  stm32f4xx_gpio.o(i.GPIO_Init)
    i.GPIO_PinAFConfig                       0x200004f8   Section        0  stm32f4xx_gpio.o(i.GPIO_PinAFConfig)
    i.GPIO_ReadInputDataBit                  0x20000518   Section        0  stm32f4xx_gpio.o(i.GPIO_ReadInputDataBit)
    i.GPIO_ResetBits                         0x20000526   Section        0  stm32f4xx_gpio.o(i.GPIO_ResetBits)
    i.GPIO_SetBits                           0x2000052a   Section        0  stm32f4xx_gpio.o(i.GPIO_SetBits)
    i.Hal_Debug_Usart_Config                 0x2000052e   Section        0  hal_debug_usart.o(i.Hal_Debug_Usart_Config)
    i.Hal_Delay_Init                         0x2000053c   Section        0  hal_delay.o(i.Hal_Delay_Init)
    i.Hal_Delay_ms                           0x20000540   Section        0  hal_delay.o(i.Hal_Delay_ms)
    i.Hal_Key0_Read_Bit                      0x20000544   Section        0  hal_key.o(i.Hal_Key0_Read_Bit)
    i.Hal_Key2_Read_Bit                      0x20000548   Section        0  hal_key.o(i.Hal_Key2_Read_Bit)
    i.Hal_Key_Exit_Init                      0x2000054c   Section        0  hal_key.o(i.Hal_Key_Exit_Init)
    i.Hal_Led0_off                           0x20000550   Section        0  hal_led.o(i.Hal_Led0_off)
    i.Hal_Led0_on                            0x20000560   Section        0  hal_led.o(i.Hal_Led0_on)
    i.Hal_Led1_off                           0x20000570   Section        0  hal_led.o(i.Hal_Led1_off)
    i.Hal_Led1_on                            0x20000580   Section        0  hal_led.o(i.Hal_Led1_on)
    i.Hal_Led_Init                           0x20000590   Section        0  hal_led.o(i.Hal_Led_Init)
    i.Hal_Led_off                            0x20000594   Section        0  hal_led.o(i.Hal_Led_off)
    i.Hal_Led_on                             0x200005c0   Section        0  hal_led.o(i.Hal_Led_on)
    i.HardFault_Handler                      0x200005ec   Section        0  stm32f4xx_it.o(i.HardFault_Handler)
    i.I2C1_ER_IRQHandler                     0x200005ee   Section        0  stm32f4xx_it.o(i.I2C1_ER_IRQHandler)
    i.I2C1_EV_IRQHandler                     0x200005f0   Section        0  stm32f4xx_it.o(i.I2C1_EV_IRQHandler)
    i.MemManage_Handler                      0x200005f2   Section        0  stm32f4xx_it.o(i.MemManage_Handler)
    i.NMI_Handler                            0x200005f4   Section        0  stm32f4xx_it.o(i.NMI_Handler)
    i.NVIC_Init                              0x200005f8   Section        0  misc.o(i.NVIC_Init)
    i.NVIC_PriorityGroupConfig               0x20000660   Section        0  misc.o(i.NVIC_PriorityGroupConfig)
    i.PendSV_Handler                         0x20000674   Section        0  stm32f4xx_it.o(i.PendSV_Handler)
    i.RCC_AHB1PeriphClockCmd                 0x20000678   Section        0  stm32f4xx_rcc.o(i.RCC_AHB1PeriphClockCmd)
    i.RCC_APB2PeriphClockCmd                 0x20000694   Section        0  stm32f4xx_rcc.o(i.RCC_APB2PeriphClockCmd)
    i.RCC_GetClocksFreq                      0x200006b0   Section        0  stm32f4xx_rcc.o(i.RCC_GetClocksFreq)
    i.RTC_Alarm_IRQHandler                   0x20000750   Section        0  stm32f4xx_it.o(i.RTC_Alarm_IRQHandler)
    i.SDIO_IRQHandler                        0x20000752   Section        0  stm32f4xx_it.o(i.SDIO_IRQHandler)
    i.SVC_Handler                            0x20000754   Section        0  stm32f4xx_it.o(i.SVC_Handler)
    i.SYSCFG_EXTILineConfig                  0x20000758   Section        0  stm32f4xx_syscfg.o(i.SYSCFG_EXTILineConfig)
    i.SetSysClock                            0x20000784   Section        0  system_stm32f4xx.o(i.SetSysClock)
    SetSysClock                              0x20000785   Thumb Code   168  system_stm32f4xx.o(i.SetSysClock)
    i.SysTick_CLKSourceConfig                0x2000083c   Section        0  misc.o(i.SysTick_CLKSourceConfig)
    i.SysTick_Handler                        0x20000858   Section        0  stm32f4xx_it.o(i.SysTick_Handler)
    i.SystemInit                             0x2000085c   Section        0  system_stm32f4xx.o(i.SystemInit)
    i.USART1_IRQHandler                      0x200008b8   Section        0  stm32f4xx_it.o(i.USART1_IRQHandler)
    i.USART_ClearITPendingBit                0x200008d8   Section        0  stm32f4xx_usart.o(i.USART_ClearITPendingBit)
    i.USART_Cmd                              0x200008e8   Section        0  stm32f4xx_usart.o(i.USART_Cmd)
    i.USART_GetFlagStatus                    0x20000900   Section        0  stm32f4xx_usart.o(i.USART_GetFlagStatus)
    i.USART_GetITStatus                      0x2000090e   Section        0  stm32f4xx_usart.o(i.USART_GetITStatus)
    i.USART_ITConfig                         0x2000094e   Section        0  stm32f4xx_usart.o(i.USART_ITConfig)
    i.USART_Init                             0x20000984   Section        0  stm32f4xx_usart.o(i.USART_Init)
    i.USART_SendData                         0x20000a40   Section        0  stm32f4xx_usart.o(i.USART_SendData)
    i.UsageFault_Handler                     0x20000a48   Section        0  stm32f4xx_it.o(i.UsageFault_Handler)
    i.WWDG_IRQHandler                        0x20000a4a   Section        0  stm32f4xx_it.o(i.WWDG_IRQHandler)
    i.__0printf$3                            0x20000a4c   Section        0  printf3.o(i.__0printf$3)
    i._printf_core                           0x20000a6c   Section        0  printf3.o(i._printf_core)
    _printf_core                             0x20000a6d   Thumb Code   436  printf3.o(i._printf_core)
    i.fputc                                  0x20000c24   Section        0  bsp_debug_usart.o(i.fputc)
    i.main                                   0x20000c48   Section        0  main.o(i.main)
    .constdata                               0x20000c6c   Section       12  app_init.o(.constdata)
    __func__                                 0x20000c6c   Data          12  app_init.o(.constdata)
    .conststring                             0x20000c78   Section       67  app_init.o(.conststring)
    .data                                    0x20000cbc   Section       16  stm32f4xx_rcc.o(.data)
    APBAHBPrescTable                         0x20000cbc   Data          16  stm32f4xx_rcc.o(.data)
    .data                                    0x20000ccc   Section        8  main.o(.data)
    .data                                    0x20000cd4   Section        4  bsp_delay.o(.data)
    fac_us                                   0x20000cd4   Data           1  bsp_delay.o(.data)
    fac_ms                                   0x20000cd6   Data           2  bsp_delay.o(.data)
    .data                                    0x20000cd8   Section        4  stdout.o(.data)
    STACK                                    0x20001000   Section     1024  startup_stm32f40xx.o(STACK)

    Global Symbols

    Symbol Name                              Value     Ov Type        Size  Object(Section)

    BuildAttributes$$THM_ISAv4$E$P$D$K$B$S$7EM$VFPi3$EXTD16$VFPS$VFMA$PE$A:L22UL41UL21$X:L11$S22US41US21$IEEE1$IW$USESV6$~STKCKD$USESV7$~SHL$OSPACE$ROPI$EBA8$MICROLIB$REQ8$PRES8$EABIv2 0x00000000   Number         0  anon$$obj.o ABSOLUTE
    __ARM_use_no_argv                        0x00000000   Number         0  main.o ABSOLUTE
    _printf_a                                0x00000000   Number         0  stubs.o ABSOLUTE
    _printf_c                                0x00000000   Number         0  stubs.o ABSOLUTE
    _printf_charcount                        0x00000000   Number         0  stubs.o ABSOLUTE
    _printf_d                                0x00000000   Number         0  stubs.o ABSOLUTE
    _printf_e                                0x00000000   Number         0  stubs.o ABSOLUTE
    _printf_f                                0x00000000   Number         0  stubs.o ABSOLUTE
    _printf_flags                            0x00000000   Number         0  stubs.o ABSOLUTE
    _printf_fp_dec                           0x00000000   Number         0  stubs.o ABSOLUTE
    _printf_fp_hex                           0x00000000   Number         0  stubs.o ABSOLUTE
    _printf_g                                0x00000000   Number         0  stubs.o ABSOLUTE
    _printf_i                                0x00000000   Number         0  stubs.o ABSOLUTE
    _printf_int_dec                          0x00000000   Number         0  stubs.o ABSOLUTE
    _printf_l                                0x00000000   Number         0  stubs.o ABSOLUTE
    _printf_lc                               0x00000000   Number         0  stubs.o ABSOLUTE
    _printf_ll                               0x00000000   Number         0  stubs.o ABSOLUTE
    _printf_lld                              0x00000000   Number         0  stubs.o ABSOLUTE
    _printf_lli                              0x00000000   Number         0  stubs.o ABSOLUTE
    _printf_llo                              0x00000000   Number         0  stubs.o ABSOLUTE
    _printf_llu                              0x00000000   Number         0  stubs.o ABSOLUTE
    _printf_llx                              0x00000000   Number         0  stubs.o ABSOLUTE
    _printf_longlong_dec                     0x00000000   Number         0  stubs.o ABSOLUTE
    _printf_longlong_hex                     0x00000000   Number         0  stubs.o ABSOLUTE
    _printf_longlong_oct                     0x00000000   Number         0  stubs.o ABSOLUTE
    _printf_ls                               0x00000000   Number         0  stubs.o ABSOLUTE
    _printf_mbtowc                           0x00000000   Number         0  stubs.o ABSOLUTE
    _printf_n                                0x00000000   Number         0  stubs.o ABSOLUTE
    _printf_o                                0x00000000   Number         0  stubs.o ABSOLUTE
    _printf_p                                0x00000000   Number         0  stubs.o ABSOLUTE
    _printf_percent                          0x00000000   Number         0  stubs.o ABSOLUTE
    _printf_pre_padding                      0x00000000   Number         0  stubs.o ABSOLUTE
    _printf_return_value                     0x00000000   Number         0  stubs.o ABSOLUTE
    _printf_s                                0x00000000   Number         0  stubs.o ABSOLUTE
    _printf_sizespec                         0x00000000   Number         0  stubs.o ABSOLUTE
    _printf_str                              0x00000000   Number         0  stubs.o ABSOLUTE
    _printf_truncate_signed                  0x00000000   Number         0  stubs.o ABSOLUTE
    _printf_truncate_unsigned                0x00000000   Number         0  stubs.o ABSOLUTE
    _printf_u                                0x00000000   Number         0  stubs.o ABSOLUTE
    _printf_wc                               0x00000000   Number         0  stubs.o ABSOLUTE
    _printf_wctomb                           0x00000000   Number         0  stubs.o ABSOLUTE
    _printf_widthprec                        0x00000000   Number         0  stubs.o ABSOLUTE
    _printf_x                                0x00000000   Number         0  stubs.o ABSOLUTE
    __arm_fini_                               - Undefined Weak Reference
    __cpp_initialize__aeabi_                  - Undefined Weak Reference
    __cxa_finalize                            - Undefined Weak Reference
    __decompress                              - Undefined Weak Reference
    _clock_init                               - Undefined Weak Reference
    _microlib_exit                            - Undefined Weak Reference
    __Vectors_Size                           0x00000188   Number         0  startup_stm32f40xx.o ABSOLUTE
    Image$$RW_IRAM2$$ZI$$Length              0x00000400   Number         0  anon$$obj.o ABSOLUTE
    Image$$RW_IRAM1$$Length                  0x00000cdc   Number         0  anon$$obj.o ABSOLUTE
    __Vectors                                0x08000000   Data           4  startup_stm32f40xx.o(RESET)
    __Vectors_End                            0x08000188   Data           0  startup_stm32f40xx.o(RESET)
    __main                                   0x08000189   Thumb Code     0  entry.o(.ARM.Collect$$$$00000000)
    _main_stk                                0x08000189   Thumb Code     0  entry2.o(.ARM.Collect$$$$00000001)
    _main_scatterload                        0x0800018d   Thumb Code     0  entry5.o(.ARM.Collect$$$$00000004)
    __main_after_scatterload                 0x08000191   Thumb Code     0  entry5.o(.ARM.Collect$$$$00000004)
    _main_clock                              0x08000191   Thumb Code     0  entry7b.o(.ARM.Collect$$$$00000008)
    _main_cpp_init                           0x08000191   Thumb Code     0  entry8b.o(.ARM.Collect$$$$0000000A)
    _main_init                               0x08000191   Thumb Code     0  entry9a.o(.ARM.Collect$$$$0000000B)
    __rt_lib_shutdown_fini                   0x08000199   Thumb Code     0  entry12b.o(.ARM.Collect$$$$0000000E)
    __rt_final_cpp                           0x0800019d   Thumb Code     0  entry10a.o(.ARM.Collect$$$$0000000F)
    __rt_final_exit                          0x0800019d   Thumb Code     0  entry11a.o(.ARM.Collect$$$$00000011)
    __scatterload                            0x080001a1   Thumb Code    28  init.o(.text)
    __scatterload_rt2                        0x080001a1   Thumb Code     0  init.o(.text)
    Reset_Handler                            0x080001c5   Thumb Code    30  startup_stm32f40xx.o(RELOCATE)
    ADC_IRQHandler                           0x08000225   Thumb Code     0  startup_stm32f40xx.o(RELOCATE)
    CAN1_RX0_IRQHandler                      0x08000225   Thumb Code     0  startup_stm32f40xx.o(RELOCATE)
    CAN1_RX1_IRQHandler                      0x08000225   Thumb Code     0  startup_stm32f40xx.o(RELOCATE)
    CAN1_SCE_IRQHandler                      0x08000225   Thumb Code     0  startup_stm32f40xx.o(RELOCATE)
    CAN1_TX_IRQHandler                       0x08000225   Thumb Code     0  startup_stm32f40xx.o(RELOCATE)
    CAN2_RX0_IRQHandler                      0x08000225   Thumb Code     0  startup_stm32f40xx.o(RELOCATE)
    CAN2_RX1_IRQHandler                      0x08000225   Thumb Code     0  startup_stm32f40xx.o(RELOCATE)
    CAN2_SCE_IRQHandler                      0x08000225   Thumb Code     0  startup_stm32f40xx.o(RELOCATE)
    CAN2_TX_IRQHandler                       0x08000225   Thumb Code     0  startup_stm32f40xx.o(RELOCATE)
    CRYP_IRQHandler                          0x08000225   Thumb Code     0  startup_stm32f40xx.o(RELOCATE)
    DCMI_IRQHandler                          0x08000225   Thumb Code     0  startup_stm32f40xx.o(RELOCATE)
    DMA1_Stream0_IRQHandler                  0x08000225   Thumb Code     0  startup_stm32f40xx.o(RELOCATE)
    DMA1_Stream1_IRQHandler                  0x08000225   Thumb Code     0  startup_stm32f40xx.o(RELOCATE)
    DMA1_Stream2_IRQHandler                  0x08000225   Thumb Code     0  startup_stm32f40xx.o(RELOCATE)
    DMA1_Stream3_IRQHandler                  0x08000225   Thumb Code     0  startup_stm32f40xx.o(RELOCATE)
    DMA1_Stream4_IRQHandler                  0x08000225   Thumb Code     0  startup_stm32f40xx.o(RELOCATE)
    DMA1_Stream5_IRQHandler                  0x08000225   Thumb Code     0  startup_stm32f40xx.o(RELOCATE)
    DMA1_Stream6_IRQHandler                  0x08000225   Thumb Code     0  startup_stm32f40xx.o(RELOCATE)
    DMA1_Stream7_IRQHandler                  0x08000225   Thumb Code     0  startup_stm32f40xx.o(RELOCATE)
    DMA2_Stream0_IRQHandler                  0x08000225   Thumb Code     0  startup_stm32f40xx.o(RELOCATE)
    DMA2_Stream1_IRQHandler                  0x08000225   Thumb Code     0  startup_stm32f40xx.o(RELOCATE)
    DMA2_Stream2_IRQHandler                  0x08000225   Thumb Code     0  startup_stm32f40xx.o(RELOCATE)
    DMA2_Stream3_IRQHandler                  0x08000225   Thumb Code     0  startup_stm32f40xx.o(RELOCATE)
    DMA2_Stream4_IRQHandler                  0x08000225   Thumb Code     0  startup_stm32f40xx.o(RELOCATE)
    DMA2_Stream5_IRQHandler                  0x08000225   Thumb Code     0  startup_stm32f40xx.o(RELOCATE)
    DMA2_Stream6_IRQHandler                  0x08000225   Thumb Code     0  startup_stm32f40xx.o(RELOCATE)
    DMA2_Stream7_IRQHandler                  0x08000225   Thumb Code     0  startup_stm32f40xx.o(RELOCATE)
    ETH_IRQHandler                           0x08000225   Thumb Code     0  startup_stm32f40xx.o(RELOCATE)
    ETH_WKUP_IRQHandler                      0x08000225   Thumb Code     0  startup_stm32f40xx.o(RELOCATE)
    EXTI0_IRQHandler                         0x08000225   Thumb Code     0  startup_stm32f40xx.o(RELOCATE)
    EXTI15_10_IRQHandler                     0x08000225   Thumb Code     0  startup_stm32f40xx.o(RELOCATE)
    EXTI3_IRQHandler                         0x08000225   Thumb Code     0  startup_stm32f40xx.o(RELOCATE)
    EXTI9_5_IRQHandler                       0x08000225   Thumb Code     0  startup_stm32f40xx.o(RELOCATE)
    FLASH_IRQHandler                         0x08000225   Thumb Code     0  startup_stm32f40xx.o(RELOCATE)
    FPU_IRQHandler                           0x08000225   Thumb Code     0  startup_stm32f40xx.o(RELOCATE)
    FSMC_IRQHandler                          0x08000225   Thumb Code     0  startup_stm32f40xx.o(RELOCATE)
    HASH_RNG_IRQHandler                      0x08000225   Thumb Code     0  startup_stm32f40xx.o(RELOCATE)
    I2C2_ER_IRQHandler                       0x08000225   Thumb Code     0  startup_stm32f40xx.o(RELOCATE)
    I2C2_EV_IRQHandler                       0x08000225   Thumb Code     0  startup_stm32f40xx.o(RELOCATE)
    I2C3_ER_IRQHandler                       0x08000225   Thumb Code     0  startup_stm32f40xx.o(RELOCATE)
    I2C3_EV_IRQHandler                       0x08000225   Thumb Code     0  startup_stm32f40xx.o(RELOCATE)
    OTG_FS_IRQHandler                        0x08000225   Thumb Code     0  startup_stm32f40xx.o(RELOCATE)
    OTG_FS_WKUP_IRQHandler                   0x08000225   Thumb Code     0  startup_stm32f40xx.o(RELOCATE)
    OTG_HS_EP1_IN_IRQHandler                 0x08000225   Thumb Code     0  startup_stm32f40xx.o(RELOCATE)
    OTG_HS_EP1_OUT_IRQHandler                0x08000225   Thumb Code     0  startup_stm32f40xx.o(RELOCATE)
    OTG_HS_IRQHandler                        0x08000225   Thumb Code     0  startup_stm32f40xx.o(RELOCATE)
    OTG_HS_WKUP_IRQHandler                   0x08000225   Thumb Code     0  startup_stm32f40xx.o(RELOCATE)
    PVD_IRQHandler                           0x08000225   Thumb Code     0  startup_stm32f40xx.o(RELOCATE)
    RCC_IRQHandler                           0x08000225   Thumb Code     0  startup_stm32f40xx.o(RELOCATE)
    RTC_WKUP_IRQHandler                      0x08000225   Thumb Code     0  startup_stm32f40xx.o(RELOCATE)
    SPI1_IRQHandler                          0x08000225   Thumb Code     0  startup_stm32f40xx.o(RELOCATE)
    SPI2_IRQHandler                          0x08000225   Thumb Code     0  startup_stm32f40xx.o(RELOCATE)
    SPI3_IRQHandler                          0x08000225   Thumb Code     0  startup_stm32f40xx.o(RELOCATE)
    TAMP_STAMP_IRQHandler                    0x08000225   Thumb Code     0  startup_stm32f40xx.o(RELOCATE)
    TIM1_BRK_TIM9_IRQHandler                 0x08000225   Thumb Code     0  startup_stm32f40xx.o(RELOCATE)
    TIM1_CC_IRQHandler                       0x08000225   Thumb Code     0  startup_stm32f40xx.o(RELOCATE)
    TIM1_TRG_COM_TIM11_IRQHandler            0x08000225   Thumb Code     0  startup_stm32f40xx.o(RELOCATE)
    TIM1_UP_TIM10_IRQHandler                 0x08000225   Thumb Code     0  startup_stm32f40xx.o(RELOCATE)
    TIM2_IRQHandler                          0x08000225   Thumb Code     0  startup_stm32f40xx.o(RELOCATE)
    TIM3_IRQHandler                          0x08000225   Thumb Code     0  startup_stm32f40xx.o(RELOCATE)
    TIM4_IRQHandler                          0x08000225   Thumb Code     0  startup_stm32f40xx.o(RELOCATE)
    TIM5_IRQHandler                          0x08000225   Thumb Code     0  startup_stm32f40xx.o(RELOCATE)
    TIM6_DAC_IRQHandler                      0x08000225   Thumb Code     0  startup_stm32f40xx.o(RELOCATE)
    TIM7_IRQHandler                          0x08000225   Thumb Code     0  startup_stm32f40xx.o(RELOCATE)
    TIM8_BRK_TIM12_IRQHandler                0x08000225   Thumb Code     0  startup_stm32f40xx.o(RELOCATE)
    TIM8_CC_IRQHandler                       0x08000225   Thumb Code     0  startup_stm32f40xx.o(RELOCATE)
    TIM8_TRG_COM_TIM14_IRQHandler            0x08000225   Thumb Code     0  startup_stm32f40xx.o(RELOCATE)
    TIM8_UP_TIM13_IRQHandler                 0x08000225   Thumb Code     0  startup_stm32f40xx.o(RELOCATE)
    UART4_IRQHandler                         0x08000225   Thumb Code     0  startup_stm32f40xx.o(RELOCATE)
    UART5_IRQHandler                         0x08000225   Thumb Code     0  startup_stm32f40xx.o(RELOCATE)
    USART2_IRQHandler                        0x08000225   Thumb Code     0  startup_stm32f40xx.o(RELOCATE)
    USART3_IRQHandler                        0x08000225   Thumb Code     0  startup_stm32f40xx.o(RELOCATE)
    USART6_IRQHandler                        0x08000225   Thumb Code     0  startup_stm32f40xx.o(RELOCATE)
    Bsp_Clear_Bss                            0x08000249   Thumb Code    16  bsp_relocate.o(i.Bsp_Clear_Bss)
    Bsp_Relocate                             0x08000259   Thumb Code    18  bsp_relocate.o(i.Bsp_Relocate)
    __scatterload_copy                       0x0800026b   Thumb Code    14  handlers.o(i.__scatterload_copy)
    __scatterload_null                       0x08000279   Thumb Code     2  handlers.o(i.__scatterload_null)
    __scatterload_zeroinit                   0x0800027b   Thumb Code    14  handlers.o(i.__scatterload_zeroinit)
    Region$$Table$$Base                      0x08000288   Number         0  anon$$obj.o(Region$$Table)
    Load$$RW_IRAM1$$Base                     0x080002b8   Number         0  anon$$obj.o ABSOLUTE
    Region$$Table$$Limit                     0x080002b8   Number         0  anon$$obj.o(Region$$Table)
    Image$$RW_IRAM1$$Base                    0x20000000   Number         0  anon$$obj.o ABSOLUTE
    __aeabi_uidiv                            0x20000001   Thumb Code     0  uidiv.o(.text)
    __aeabi_uidivmod                         0x20000001   Thumb Code    44  uidiv.o(.text)
    App_HW_Init                              0x2000002d   Thumb Code    56  app_init.o(i.App_HW_Init)
    App_Key0_IRQHandler                      0x2000006d   Thumb Code    22  app_exit.o(i.App_Key0_IRQHandler)
    App_Key2_IRQHandler                      0x2000009d   Thumb Code    22  app_exit.o(i.App_Key2_IRQHandler)
    App_Led_Test_Task                        0x200000cd   Thumb Code    92  app_led.o(i.App_Led_Test_Task)
    App_SW_Init                              0x20000141   Thumb Code     2  app_init.o(i.App_SW_Init)
    Bsp_Key0_Read_Bit                        0x20000145   Thumb Code     8  bsp_key.o(i.Bsp_Key0_Read_Bit)
    Bsp_Key2_Read_Bit                        0x20000151   Thumb Code     8  bsp_key.o(i.Bsp_Key2_Read_Bit)
    Bsp_Key_Exit_Init                        0x2000015d   Thumb Code   166  bsp_key.o(i.Bsp_Key_Exit_Init)
    Bsp_Led_Init                             0x20000209   Thumb Code    58  bsp_led.o(i.Bsp_Led_Init)
    BusFault_Handler                         0x20000249   Thumb Code     2  stm32f4xx_it.o(i.BusFault_Handler)
    DebugMon_Handler                         0x2000024b   Thumb Code     2  stm32f4xx_it.o(i.DebugMon_Handler)
    Debug_USART_Config                       0x2000024d   Thumb Code   154  bsp_debug_usart.o(i.Debug_USART_Config)
    Debug_USART_NVIC_Cfg                     0x200002f1   Thumb Code    32  bsp_debug_usart.o(i.Debug_USART_NVIC_Cfg)
    Delay_Init                               0x20000311   Thumb Code    38  bsp_delay.o(i.Delay_Init)
    Delay_ms                                 0x2000033d   Thumb Code    24  bsp_delay.o(i.Delay_ms)
    Delay_us                                 0x20000355   Thumb Code    60  bsp_delay.o(i.Delay_us)
    EXTI1_IRQHandler                         0x200003b1   Thumb Code     2  stm32f4xx_it.o(i.EXTI1_IRQHandler)
    EXTI2_IRQHandler                         0x200003b3   Thumb Code    26  stm32f4xx_it.o(i.EXTI2_IRQHandler)
    EXTI4_IRQHandler                         0x200003cd   Thumb Code    26  stm32f4xx_it.o(i.EXTI4_IRQHandler)
    EXTI_ClearITPendingBit                   0x200003e9   Thumb Code     6  stm32f4xx_exti.o(i.EXTI_ClearITPendingBit)
    EXTI_GetFlagStatus                       0x200003f5   Thumb Code    16  stm32f4xx_exti.o(i.EXTI_GetFlagStatus)
    EXTI_Init                                0x20000409   Thumb Code   110  stm32f4xx_exti.o(i.EXTI_Init)
    GPIO_Init                                0x2000047d   Thumb Code   124  stm32f4xx_gpio.o(i.GPIO_Init)
    GPIO_PinAFConfig                         0x200004f9   Thumb Code    32  stm32f4xx_gpio.o(i.GPIO_PinAFConfig)
    GPIO_ReadInputDataBit                    0x20000519   Thumb Code    14  stm32f4xx_gpio.o(i.GPIO_ReadInputDataBit)
    GPIO_ResetBits                           0x20000527   Thumb Code     4  stm32f4xx_gpio.o(i.GPIO_ResetBits)
    GPIO_SetBits                             0x2000052b   Thumb Code     4  stm32f4xx_gpio.o(i.GPIO_SetBits)
    Hal_Debug_Usart_Config                   0x2000052f   Thumb Code    14  hal_debug_usart.o(i.Hal_Debug_Usart_Config)
    Hal_Delay_Init                           0x2000053d   Thumb Code     4  hal_delay.o(i.Hal_Delay_Init)
    Hal_Delay_ms                             0x20000541   Thumb Code     4  hal_delay.o(i.Hal_Delay_ms)
    Hal_Key0_Read_Bit                        0x20000545   Thumb Code     4  hal_key.o(i.Hal_Key0_Read_Bit)
    Hal_Key2_Read_Bit                        0x20000549   Thumb Code     4  hal_key.o(i.Hal_Key2_Read_Bit)
    Hal_Key_Exit_Init                        0x2000054d   Thumb Code     4  hal_key.o(i.Hal_Key_Exit_Init)
    Hal_Led0_off                             0x20000551   Thumb Code    10  hal_led.o(i.Hal_Led0_off)
    Hal_Led0_on                              0x20000561   Thumb Code    10  hal_led.o(i.Hal_Led0_on)
    Hal_Led1_off                             0x20000571   Thumb Code    10  hal_led.o(i.Hal_Led1_off)
    Hal_Led1_on                              0x20000581   Thumb Code    10  hal_led.o(i.Hal_Led1_on)
    Hal_Led_Init                             0x20000591   Thumb Code     4  hal_led.o(i.Hal_Led_Init)
    Hal_Led_off                              0x20000595   Thumb Code    44  hal_led.o(i.Hal_Led_off)
    Hal_Led_on                               0x200005c1   Thumb Code    44  hal_led.o(i.Hal_Led_on)
    HardFault_Handler                        0x200005ed   Thumb Code     2  stm32f4xx_it.o(i.HardFault_Handler)
    I2C1_ER_IRQHandler                       0x200005ef   Thumb Code     2  stm32f4xx_it.o(i.I2C1_ER_IRQHandler)
    I2C1_EV_IRQHandler                       0x200005f1   Thumb Code     2  stm32f4xx_it.o(i.I2C1_EV_IRQHandler)
    MemManage_Handler                        0x200005f3   Thumb Code     2  stm32f4xx_it.o(i.MemManage_Handler)
    NMI_Handler                              0x200005f5   Thumb Code     2  stm32f4xx_it.o(i.NMI_Handler)
    NVIC_Init                                0x200005f9   Thumb Code    98  misc.o(i.NVIC_Init)
    NVIC_PriorityGroupConfig                 0x20000661   Thumb Code    10  misc.o(i.NVIC_PriorityGroupConfig)
    PendSV_Handler                           0x20000675   Thumb Code     2  stm32f4xx_it.o(i.PendSV_Handler)
    RCC_AHB1PeriphClockCmd                   0x20000679   Thumb Code    22  stm32f4xx_rcc.o(i.RCC_AHB1PeriphClockCmd)
    RCC_APB2PeriphClockCmd                   0x20000695   Thumb Code    22  stm32f4xx_rcc.o(i.RCC_APB2PeriphClockCmd)
    RCC_GetClocksFreq                        0x200006b1   Thumb Code   148  stm32f4xx_rcc.o(i.RCC_GetClocksFreq)
    RTC_Alarm_IRQHandler                     0x20000751   Thumb Code     2  stm32f4xx_it.o(i.RTC_Alarm_IRQHandler)
    SDIO_IRQHandler                          0x20000753   Thumb Code     2  stm32f4xx_it.o(i.SDIO_IRQHandler)
    SVC_Handler                              0x20000755   Thumb Code     2  stm32f4xx_it.o(i.SVC_Handler)
    SYSCFG_EXTILineConfig                    0x20000759   Thumb Code    38  stm32f4xx_syscfg.o(i.SYSCFG_EXTILineConfig)
    SysTick_CLKSourceConfig                  0x2000083d   Thumb Code    28  misc.o(i.SysTick_CLKSourceConfig)
    SysTick_Handler                          0x20000859   Thumb Code     2  stm32f4xx_it.o(i.SysTick_Handler)
    SystemInit                               0x2000085d   Thumb Code    74  system_stm32f4xx.o(i.SystemInit)
    USART1_IRQHandler                        0x200008b9   Thumb Code    28  stm32f4xx_it.o(i.USART1_IRQHandler)
    USART_ClearITPendingBit                  0x200008d9   Thumb Code    16  stm32f4xx_usart.o(i.USART_ClearITPendingBit)
    USART_Cmd                                0x200008e9   Thumb Code    24  stm32f4xx_usart.o(i.USART_Cmd)
    USART_GetFlagStatus                      0x20000901   Thumb Code    14  stm32f4xx_usart.o(i.USART_GetFlagStatus)
    USART_GetITStatus                        0x2000090f   Thumb Code    64  stm32f4xx_usart.o(i.USART_GetITStatus)
    USART_ITConfig                           0x2000094f   Thumb Code    54  stm32f4xx_usart.o(i.USART_ITConfig)
    USART_Init                               0x20000985   Thumb Code   180  stm32f4xx_usart.o(i.USART_Init)
    USART_SendData                           0x20000a41   Thumb Code     8  stm32f4xx_usart.o(i.USART_SendData)
    UsageFault_Handler                       0x20000a49   Thumb Code     2  stm32f4xx_it.o(i.UsageFault_Handler)
    WWDG_IRQHandler                          0x20000a4b   Thumb Code     2  stm32f4xx_it.o(i.WWDG_IRQHandler)
    __0printf$3                              0x20000a4d   Thumb Code    22  printf3.o(i.__0printf$3)
    __1printf$3                              0x20000a4d   Thumb Code     0  printf3.o(i.__0printf$3)
    __2printf                                0x20000a4d   Thumb Code     0  printf3.o(i.__0printf$3)
    fputc                                    0x20000c25   Thumb Code    30  bsp_debug_usart.o(i.fputc)
    main                                     0x20000c49   Thumb Code    32  main.o(i.main)
    a                                        0x20000ccc   Data           4  main.o(.data)
    b                                        0x20000cd0   Data           4  main.o(.data)
    __stdout                                 0x20000cd8   Data           4  stdout.o(.data)
    Image$$RW_IRAM2$$ZI$$Base                0x20001000   Number         0  anon$$obj.o ABSOLUTE
    __initial_sp                             0x20001400   Data           0  startup_stm32f40xx.o(STACK)



==============================================================================

Memory Map of the image

  Image Entry point : 0x08000189

  Load Region LR_IROM1 (Base: 0x08000000, Size: 0x00000f94, Max: 0x00040000, ABSOLUTE)

    Execution Region ER_IROM1 (Exec base: 0x08000000, Load base: 0x08000000, Size: 0x000002b8, Max: 0x00040000, ABSOLUTE)

    Exec Addr    Load Addr    Size         Type   Attr      Idx    E Section Name        Object

    0x08000000   0x08000000   0x00000188   Data   RO            3    RESET               startup_stm32f40xx.o
    0x08000188   0x08000188   0x00000000   Code   RO         1636  * .ARM.Collect$$$$00000000  mc_w.l(entry.o)
    0x08000188   0x08000188   0x00000004   Code   RO         1900    .ARM.Collect$$$$00000001  mc_w.l(entry2.o)
    0x0800018c   0x0800018c   0x00000004   Code   RO         1903    .ARM.Collect$$$$00000004  mc_w.l(entry5.o)
    0x08000190   0x08000190   0x00000000   Code   RO         1905    .ARM.Collect$$$$00000008  mc_w.l(entry7b.o)
    0x08000190   0x08000190   0x00000000   Code   RO         1907    .ARM.Collect$$$$0000000A  mc_w.l(entry8b.o)
    0x08000190   0x08000190   0x00000008   Code   RO         1908    .ARM.Collect$$$$0000000B  mc_w.l(entry9a.o)
    0x08000198   0x08000198   0x00000004   Code   RO         1915    .ARM.Collect$$$$0000000E  mc_w.l(entry12b.o)
    0x0800019c   0x0800019c   0x00000000   Code   RO         1910    .ARM.Collect$$$$0000000F  mc_w.l(entry10a.o)
    0x0800019c   0x0800019c   0x00000000   Code   RO         1912    .ARM.Collect$$$$00000011  mc_w.l(entry11a.o)
    0x0800019c   0x0800019c   0x00000004   Code   RO         1901    .ARM.Collect$$$$00002712  mc_w.l(entry2.o)
    0x080001a0   0x080001a0   0x00000024   Code   RO         1932    .text               mc_w.l(init.o)
    0x080001c4   0x080001c4   0x00000084   Code   RO            4    RELOCATE            startup_stm32f40xx.o
    0x08000248   0x08000248   0x00000010   Code   RO         1272    i.Bsp_Clear_Bss     bsp_relocate.o
    0x08000258   0x08000258   0x00000012   Code   RO         1273    i.Bsp_Relocate      bsp_relocate.o
    0x0800026a   0x0800026a   0x0000000e   Code   RO         1944    i.__scatterload_copy  mc_w.l(handlers.o)
    0x08000278   0x08000278   0x00000002   Code   RO         1945    i.__scatterload_null  mc_w.l(handlers.o)
    0x0800027a   0x0800027a   0x0000000e   Code   RO         1946    i.__scatterload_zeroinit  mc_w.l(handlers.o)
    0x08000288   0x08000288   0x00000030   Data   RO         1942    Region$$Table       anon$$obj.o


    Execution Region RW_IRAM1 (Exec base: 0x20000000, Load base: 0x080002b8, Size: 0x00000cdc, Max: 0x00001000, ABSOLUTE)

    Exec Addr    Load Addr    Size         Type   Attr      Idx    E Section Name        Object

    0x20000000   0x080002b8   0x0000002c   Code   RO         1917    .text               mc_w.l(uidiv.o)
    0x2000002c   0x080002e4   0x00000040   Code   RO         1607    i.App_HW_Init       app_init.o
    0x2000006c   0x08000324   0x00000030   Code   RO         1567    i.App_Key0_IRQHandler  app_exit.o
    0x2000009c   0x08000354   0x00000030   Code   RO         1568    i.App_Key2_IRQHandler  app_exit.o
    0x200000cc   0x08000384   0x00000074   Code   RO         1541    i.App_Led_Test_Task  app_led.o
    0x20000140   0x080003f8   0x00000002   Code   RO         1608    i.App_SW_Init       app_init.o
    0x20000142   0x080003fa   0x00000002   PAD
    0x20000144   0x080003fc   0x0000000c   Code   RO         1296    i.Bsp_Key0_Read_Bit  bsp_key.o
    0x20000150   0x08000408   0x0000000c   Code   RO         1297    i.Bsp_Key2_Read_Bit  bsp_key.o
    0x2000015c   0x08000414   0x000000ac   Code   RO         1298    i.Bsp_Key_Exit_Init  bsp_key.o
    0x20000208   0x080004c0   0x00000040   Code   RO         1121    i.Bsp_Led_Init      bsp_led.o
    0x20000248   0x08000500   0x00000002   Code   RO          986    i.BusFault_Handler  stm32f4xx_it.o
    0x2000024a   0x08000502   0x00000002   Code   RO          987    i.DebugMon_Handler  stm32f4xx_it.o
    0x2000024c   0x08000504   0x000000a4   Code   RO         1196    i.Debug_USART_Config  bsp_debug_usart.o
    0x200002f0   0x080005a8   0x00000020   Code   RO         1197    i.Debug_USART_NVIC_Cfg  bsp_debug_usart.o
    0x20000310   0x080005c8   0x0000002c   Code   RO         1155    i.Delay_Init        bsp_delay.o
    0x2000033c   0x080005f4   0x00000018   Code   RO         1156    i.Delay_ms          bsp_delay.o
    0x20000354   0x0800060c   0x0000005c   Code   RO         1157    i.Delay_us          bsp_delay.o
    0x200003b0   0x08000668   0x00000002   Code   RO          988    i.EXTI1_IRQHandler  stm32f4xx_it.o
    0x200003b2   0x0800066a   0x0000001a   Code   RO          989    i.EXTI2_IRQHandler  stm32f4xx_it.o
    0x200003cc   0x08000684   0x0000001a   Code   RO          990    i.EXTI4_IRQHandler  stm32f4xx_it.o
    0x200003e6   0x0800069e   0x00000002   PAD
    0x200003e8   0x080006a0   0x0000000c   Code   RO          208    i.EXTI_ClearITPendingBit  stm32f4xx_exti.o
    0x200003f4   0x080006ac   0x00000014   Code   RO          211    i.EXTI_GetFlagStatus  stm32f4xx_exti.o
    0x20000408   0x080006c0   0x00000074   Code   RO          213    i.EXTI_Init         stm32f4xx_exti.o
    0x2000047c   0x08000734   0x0000007c   Code   RO          274    i.GPIO_Init         stm32f4xx_gpio.o
    0x200004f8   0x080007b0   0x00000020   Code   RO          275    i.GPIO_PinAFConfig  stm32f4xx_gpio.o
    0x20000518   0x080007d0   0x0000000e   Code   RO          278    i.GPIO_ReadInputDataBit  stm32f4xx_gpio.o
    0x20000526   0x080007de   0x00000004   Code   RO          281    i.GPIO_ResetBits    stm32f4xx_gpio.o
    0x2000052a   0x080007e2   0x00000004   Code   RO          282    i.GPIO_SetBits      stm32f4xx_gpio.o
    0x2000052e   0x080007e6   0x0000000e   Code   RO         1380    i.Hal_Debug_Usart_Config  hal_debug_usart.o
    0x2000053c   0x080007f4   0x00000004   Code   RO         1341    i.Hal_Delay_Init    hal_delay.o
    0x20000540   0x080007f8   0x00000004   Code   RO         1342    i.Hal_Delay_ms      hal_delay.o
    0x20000544   0x080007fc   0x00000004   Code   RO         1490    i.Hal_Key0_Read_Bit  hal_key.o
    0x20000548   0x08000800   0x00000004   Code   RO         1491    i.Hal_Key2_Read_Bit  hal_key.o
    0x2000054c   0x08000804   0x00000004   Code   RO         1492    i.Hal_Key_Exit_Init  hal_key.o
    0x20000550   0x08000808   0x00000010   Code   RO         1419    i.Hal_Led0_off      hal_led.o
    0x20000560   0x08000818   0x00000010   Code   RO         1420    i.Hal_Led0_on       hal_led.o
    0x20000570   0x08000828   0x00000010   Code   RO         1421    i.Hal_Led1_off      hal_led.o
    0x20000580   0x08000838   0x00000010   Code   RO         1422    i.Hal_Led1_on       hal_led.o
    0x20000590   0x08000848   0x00000004   Code   RO         1423    i.Hal_Led_Init      hal_led.o
    0x20000594   0x0800084c   0x0000002c   Code   RO         1424    i.Hal_Led_off       hal_led.o
    0x200005c0   0x08000878   0x0000002c   Code   RO         1425    i.Hal_Led_on        hal_led.o
    0x200005ec   0x080008a4   0x00000002   Code   RO          991    i.HardFault_Handler  stm32f4xx_it.o
    0x200005ee   0x080008a6   0x00000002   Code   RO          992    i.I2C1_ER_IRQHandler  stm32f4xx_it.o
    0x200005f0   0x080008a8   0x00000002   Code   RO          993    i.I2C1_EV_IRQHandler  stm32f4xx_it.o
    0x200005f2   0x080008aa   0x00000002   Code   RO          994    i.MemManage_Handler  stm32f4xx_it.o
    0x200005f4   0x080008ac   0x00000002   Code   RO          995    i.NMI_Handler       stm32f4xx_it.o
    0x200005f6   0x080008ae   0x00000002   PAD
    0x200005f8   0x080008b0   0x00000068   Code   RO          155    i.NVIC_Init         misc.o
    0x20000660   0x08000918   0x00000014   Code   RO          156    i.NVIC_PriorityGroupConfig  misc.o
    0x20000674   0x0800092c   0x00000002   Code   RO          996    i.PendSV_Handler    stm32f4xx_it.o
    0x20000676   0x0800092e   0x00000002   PAD
    0x20000678   0x08000930   0x0000001c   Code   RO          375    i.RCC_AHB1PeriphClockCmd  stm32f4xx_rcc.o
    0x20000694   0x0800094c   0x0000001c   Code   RO          387    i.RCC_APB2PeriphClockCmd  stm32f4xx_rcc.o
    0x200006b0   0x08000968   0x000000a0   Code   RO          396    i.RCC_GetClocksFreq  stm32f4xx_rcc.o
    0x20000750   0x08000a08   0x00000002   Code   RO          997    i.RTC_Alarm_IRQHandler  stm32f4xx_it.o
    0x20000752   0x08000a0a   0x00000002   Code   RO          998    i.SDIO_IRQHandler   stm32f4xx_it.o
    0x20000754   0x08000a0c   0x00000002   Code   RO         1000    i.SVC_Handler       stm32f4xx_it.o
    0x20000756   0x08000a0e   0x00000002   PAD
    0x20000758   0x08000a10   0x0000002c   Code   RO          716    i.SYSCFG_EXTILineConfig  stm32f4xx_syscfg.o
    0x20000784   0x08000a3c   0x000000b8   Code   RO           13    i.SetSysClock       system_stm32f4xx.o
    0x2000083c   0x08000af4   0x0000001c   Code   RO          159    i.SysTick_CLKSourceConfig  misc.o
    0x20000858   0x08000b10   0x00000002   Code   RO         1001    i.SysTick_Handler   stm32f4xx_it.o
    0x2000085a   0x08000b12   0x00000002   PAD
    0x2000085c   0x08000b14   0x0000005c   Code   RO           15    i.SystemInit        system_stm32f4xx.o
    0x200008b8   0x08000b70   0x00000020   Code   RO         1002    i.USART1_IRQHandler  stm32f4xx_it.o
    0x200008d8   0x08000b90   0x00000010   Code   RO          774    i.USART_ClearITPendingBit  stm32f4xx_usart.o
    0x200008e8   0x08000ba0   0x00000018   Code   RO          777    i.USART_Cmd         stm32f4xx_usart.o
    0x20000900   0x08000bb8   0x0000000e   Code   RO          780    i.USART_GetFlagStatus  stm32f4xx_usart.o
    0x2000090e   0x08000bc6   0x00000040   Code   RO          781    i.USART_GetITStatus  stm32f4xx_usart.o
    0x2000094e   0x08000c06   0x00000036   Code   RO          783    i.USART_ITConfig    stm32f4xx_usart.o
    0x20000984   0x08000c3c   0x000000bc   Code   RO          784    i.USART_Init        stm32f4xx_usart.o
    0x20000a40   0x08000cf8   0x00000008   Code   RO          794    i.USART_SendData    stm32f4xx_usart.o
    0x20000a48   0x08000d00   0x00000002   Code   RO         1003    i.UsageFault_Handler  stm32f4xx_it.o
    0x20000a4a   0x08000d02   0x00000002   Code   RO         1004    i.WWDG_IRQHandler   stm32f4xx_it.o
    0x20000a4c   0x08000d04   0x00000020   Code   RO         1728    i.__0printf$3       mc_w.l(printf3.o)
    0x20000a6c   0x08000d24   0x000001b8   Code   RO         1735    i._printf_core      mc_w.l(printf3.o)
    0x20000c24   0x08000edc   0x00000024   Code   RO         1201    i.fputc             bsp_debug_usart.o
    0x20000c48   0x08000f00   0x00000024   Code   RO          962    i.main              main.o
    0x20000c6c   0x08000f24   0x0000000c   Data   RO         1609    .constdata          app_init.o
    0x20000c78   0x08000f30   0x00000043   Data   RO         1610    .conststring        app_init.o
    0x20000cbb   0x08000f73   0x00000001   PAD
    0x20000cbc   0x08000f74   0x00000010   Data   RW          428    .data               stm32f4xx_rcc.o
    0x20000ccc   0x08000f84   0x00000008   Data   RW          963    .data               main.o
    0x20000cd4   0x08000f8c   0x00000004   Data   RW         1158    .data               bsp_delay.o
    0x20000cd8   0x08000f90   0x00000004   Data   RW         1916    .data               mc_w.l(stdout.o)


    Execution Region RW_IRAM2 (Exec base: 0x20001000, Load base: 0x08000f94, Size: 0x00000400, Max: 0x00001000, ABSOLUTE)

    Exec Addr    Load Addr    Size         Type   Attr      Idx    E Section Name        Object

    0x20001000        -       0x00000400   Zero   RW            1    STACK               startup_stm32f40xx.o


==============================================================================

Image component sizes


      Code (inc. data)   RO Data    RW Data    ZI Data      Debug   Object Name

        96         52          0          0          0       1300   app_exit.o
        66          8         79          0          0       1188   app_init.o
       116         24          0          0          0        648   app_led.o
       232         16          0          0          0       2076   bsp_debug_usart.o
       160         38          0          4          0       2191   bsp_delay.o
       196         14          0          0          0       1904   bsp_key.o
        64          6          0          0          0       1835   bsp_led.o
        34          0          0          0          0       1339   bsp_relocate.o
        14          0          0          0          0        609   hal_debug_usart.o
         8          0          0          0          0       1136   hal_delay.o
        12          0          0          0          0       1656   hal_key.o
       156         24          0          0          0       4040   hal_led.o
        36          4          0          8          0        821   main.o
       152         16          0          0          0       2661   misc.o
       132         34        392          0       1024       1124   startup_stm32f40xx.o
       148         16          0          0          0       2746   stm32f4xx_exti.o
       178          0          0          0          0       4307   stm32f4xx_gpio.o
       114          4          0          0          0       9644   stm32f4xx_it.o
       216         24          0         16          0       4866   stm32f4xx_rcc.o
        44          6          0          0          0        784   stm32f4xx_syscfg.o
       368          8          0          0          0       6883   stm32f4xx_usart.o
       276         34          0          0          0     276749   system_stm32f4xx.o

    ----------------------------------------------------------------------
      2830        328        520         28       1024     330507   Object Totals
         0          0         48          0          0          0   (incl. Generated)
        12          0          1          0          0          0   (incl. Padding)

    ----------------------------------------------------------------------

      Code (inc. data)   RO Data    RW Data    ZI Data      Debug   Library Member Name

         0          0          0          0          0          0   entry.o
         0          0          0          0          0          0   entry10a.o
         0          0          0          0          0          0   entry11a.o
         4          0          0          0          0          0   entry12b.o
         8          4          0          0          0          0   entry2.o
         4          0          0          0          0          0   entry5.o
         0          0          0          0          0          0   entry7b.o
         0          0          0          0          0          0   entry8b.o
         8          4          0          0          0          0   entry9a.o
        30          0          0          0          0          0   handlers.o
        36          8          0          0          0         68   init.o
       472         14          0          0          0        184   printf3.o
         0          0          0          4          0          0   stdout.o
        44          0          0          0          0         80   uidiv.o

    ----------------------------------------------------------------------
       606         30          0          4          0        332   Library Totals
         0          0          0          0          0          0   (incl. Padding)

    ----------------------------------------------------------------------

      Code (inc. data)   RO Data    RW Data    ZI Data      Debug   Library Name

       606         30          0          4          0        332   mc_w.l

    ----------------------------------------------------------------------
       606         30          0          4          0        332   Library Totals

    ----------------------------------------------------------------------

==============================================================================


      Code (inc. data)   RO Data    RW Data    ZI Data      Debug   

      3436        358        520         32       1024     324191   Grand Totals
      3436        358        520         32       1024     324191   ELF Image Totals
      3436        358        520         32          0          0   ROM Totals

==============================================================================

    Total RO  Size (Code + RO Data)                 3956 (   3.86kB)
    Total RW  Size (RW Data + ZI Data)              1056 (   1.03kB)
    Total ROM Size (Code + RO Data + RW Data)       3988 (   3.89kB)

==============================================================================

