Component: ARM Compiler 5.06 update 7 (build 960) Tool: armlink [4d3601]

==============================================================================

Section Cross References

    startup_stm32f40xx.o(RESET) refers to startup_stm32f40xx.o(STACK) for __initial_sp
    startup_stm32f40xx.o(RESET) refers to startup_stm32f40xx.o(.text) for Reset_Handler
    startup_stm32f40xx.o(RESET) refers to stm32f4xx_it.o(i.NMI_Handler) for NMI_Handler
    startup_stm32f40xx.o(RESET) refers to stm32f4xx_it.o(i.HardFault_Handler) for HardFault_Handler
    startup_stm32f40xx.o(RESET) refers to stm32f4xx_it.o(i.MemManage_Handler) for MemManage_Handler
    startup_stm32f40xx.o(RESET) refers to stm32f4xx_it.o(i.BusFault_Handler) for BusFault_Handler
    startup_stm32f40xx.o(RESET) refers to stm32f4xx_it.o(i.UsageFault_Handler) for UsageFault_Handler
    startup_stm32f40xx.o(RESET) refers to stm32f4xx_it.o(i.SVC_Handler) for SVC_Handler
    startup_stm32f40xx.o(RESET) refers to stm32f4xx_it.o(i.DebugMon_Handler) for DebugMon_Handler
    startup_stm32f40xx.o(RESET) refers to stm32f4xx_it.o(i.PendSV_Handler) for PendSV_Handler
    startup_stm32f40xx.o(RESET) refers to stm32f4xx_it.o(i.SysTick_Handler) for SysTick_Handler
    startup_stm32f40xx.o(RESET) refers to stm32f4xx_it.o(i.WWDG_IRQHandler) for WWDG_IRQHandler
    startup_stm32f40xx.o(RESET) refers to stm32f4xx_it.o(i.EXTI1_IRQHandler) for EXTI1_IRQHandler
    startup_stm32f40xx.o(RESET) refers to stm32f4xx_it.o(i.EXTI4_IRQHandler) for EXTI4_IRQHandler
    startup_stm32f40xx.o(RESET) refers to stm32f4xx_it.o(i.I2C1_EV_IRQHandler) for I2C1_EV_IRQHandler
    startup_stm32f40xx.o(RESET) refers to stm32f4xx_it.o(i.I2C1_ER_IRQHandler) for I2C1_ER_IRQHandler
    startup_stm32f40xx.o(RESET) refers to stm32f4xx_it.o(i.USART1_IRQHandler) for USART1_IRQHandler
    startup_stm32f40xx.o(RESET) refers to stm32f4xx_it.o(i.RTC_Alarm_IRQHandler) for RTC_Alarm_IRQHandler
    startup_stm32f40xx.o(RESET) refers to stm32f4xx_it.o(i.SDIO_IRQHandler) for SDIO_IRQHandler
    startup_stm32f40xx.o(.text) refers to system_stm32f4xx.o(i.SystemInit) for SystemInit
    startup_stm32f40xx.o(.text) refers to entry.o(.ARM.Collect$$$$00000000) for __main
    system_stm32f4xx.o(i.SystemCoreClockUpdate) refers to system_stm32f4xx.o(.data) for .data
    system_stm32f4xx.o(i.SystemInit) refers to system_stm32f4xx.o(i.SetSysClock) for SetSysClock
    stm32f4xx_flash.o(i.FLASH_EraseAllBank1Sectors) refers to stm32f4xx_flash.o(i.FLASH_WaitForLastOperation) for FLASH_WaitForLastOperation
    stm32f4xx_flash.o(i.FLASH_EraseAllBank2Sectors) refers to stm32f4xx_flash.o(i.FLASH_WaitForLastOperation) for FLASH_WaitForLastOperation
    stm32f4xx_flash.o(i.FLASH_EraseAllSectors) refers to stm32f4xx_flash.o(i.FLASH_WaitForLastOperation) for FLASH_WaitForLastOperation
    stm32f4xx_flash.o(i.FLASH_EraseSector) refers to stm32f4xx_flash.o(i.FLASH_WaitForLastOperation) for FLASH_WaitForLastOperation
    stm32f4xx_flash.o(i.FLASH_OB_Launch) refers to stm32f4xx_flash.o(i.FLASH_WaitForLastOperation) for FLASH_WaitForLastOperation
    stm32f4xx_flash.o(i.FLASH_OB_PCROP1Config) refers to stm32f4xx_flash.o(i.FLASH_WaitForLastOperation) for FLASH_WaitForLastOperation
    stm32f4xx_flash.o(i.FLASH_OB_PCROPConfig) refers to stm32f4xx_flash.o(i.FLASH_WaitForLastOperation) for FLASH_WaitForLastOperation
    stm32f4xx_flash.o(i.FLASH_OB_RDPConfig) refers to stm32f4xx_flash.o(i.FLASH_WaitForLastOperation) for FLASH_WaitForLastOperation
    stm32f4xx_flash.o(i.FLASH_OB_UserConfig) refers to stm32f4xx_flash.o(i.FLASH_WaitForLastOperation) for FLASH_WaitForLastOperation
    stm32f4xx_flash.o(i.FLASH_OB_WRP1Config) refers to stm32f4xx_flash.o(i.FLASH_WaitForLastOperation) for FLASH_WaitForLastOperation
    stm32f4xx_flash.o(i.FLASH_OB_WRPConfig) refers to stm32f4xx_flash.o(i.FLASH_WaitForLastOperation) for FLASH_WaitForLastOperation
    stm32f4xx_flash.o(i.FLASH_ProgramByte) refers to stm32f4xx_flash.o(i.FLASH_WaitForLastOperation) for FLASH_WaitForLastOperation
    stm32f4xx_flash.o(i.FLASH_ProgramDoubleWord) refers to stm32f4xx_flash.o(i.FLASH_WaitForLastOperation) for FLASH_WaitForLastOperation
    stm32f4xx_flash.o(i.FLASH_ProgramHalfWord) refers to stm32f4xx_flash.o(i.FLASH_WaitForLastOperation) for FLASH_WaitForLastOperation
    stm32f4xx_flash.o(i.FLASH_ProgramWord) refers to stm32f4xx_flash.o(i.FLASH_WaitForLastOperation) for FLASH_WaitForLastOperation
    stm32f4xx_flash.o(i.FLASH_WaitForLastOperation) refers to stm32f4xx_flash.o(i.FLASH_GetStatus) for FLASH_GetStatus
    stm32f4xx_gpio.o(i.GPIO_DeInit) refers to stm32f4xx_rcc.o(i.RCC_AHB1PeriphResetCmd) for RCC_AHB1PeriphResetCmd
    stm32f4xx_rcc.o(i.RCC_GetClocksFreq) refers to stm32f4xx_rcc.o(.data) for .data
    stm32f4xx_rcc.o(i.RCC_WaitForHSEStartUp) refers to stm32f4xx_rcc.o(i.RCC_GetFlagStatus) for RCC_GetFlagStatus
    stm32f4xx_usart.o(i.USART_DeInit) refers to stm32f4xx_rcc.o(i.RCC_APB2PeriphResetCmd) for RCC_APB2PeriphResetCmd
[...]
    printf6.o(i.__0snprintf$6) refers to printf6.o(i._snputc) for _snputc
    printf6.o(i.__0sprintf$6) refers to printf6.o(i._printf_core) for _printf_core
    printf6.o(i.__0sprintf$6) refers to printf6.o(i._sputc) for _sputc
    printf6.o(i.__0vfprintf$6) refers to printf6.o(i._printf_core) for _printf_core
    printf6.o(i.__0vfprintf$6) refers to bsp_debug_usart.o(i.fputc) for fputc
    printf6.o(i.__0vprintf$6) refers to printf6.o(i._printf_core) for _printf_core
    printf6.o(i.__0vprintf$6) refers to bsp_debug_usart.o(i.fputc) for fputc
    printf6.o(i.__0vprintf$6) refers to stdout.o(.data) for __stdout
    printf6.o(i.__0vsnprintf$6) refers to printf6.o(i._printf_core) for _printf_core
    printf6.o(i.__0vsnprintf$6) refers to printf6.o(i._snputc) for _snputc
    printf6.o(i.__0vsprintf$6) refers to printf6.o(i._printf_core) for _printf_core
    printf6.o(i.__0vsprintf$6) refers to printf6.o(i._sputc) for _sputc
    printf6.o(i._printf_core) refers to printf6.o(i._printf_pre_padding) for _printf_pre_padding
    printf6.o(i._printf_core) refers to uidiv.o(.text) for __aeabi_uidivmod
    printf6.o(i._printf_core) refers to printf6.o(i._printf_post_padding) for _printf_post_padding
    printf7.o(i.__0fprintf$7) refers to printf7.o(i._printf_core) for _printf_core
    printf7.o(i.__0fprintf$7) refers to bsp_debug_usart.o(i.fputc) for fputc
    printf7.o(i.__0printf$7) refers to printf7.o(i._printf_core) for _printf_core
    printf7.o(i.__0printf$7) refers to bsp_debug_usart.o(i.fputc) for fputc
    printf7.o(i.__0printf$7) refers to stdout.o(.data) for __stdout
    printf7.o(i.__0snprintf$7) refers to printf7.o(i._printf_core) for _printf_core
    printf7.o(i.__0snprintf$7) refers to printf7.o(i._snputc) for _snputc
    printf7.o(i.__0sprintf$7) refers to printf7.o(i._printf_core) for _printf_core
    printf7.o(i.__0sprintf$7) refers to printf7.o(i._sputc) for _sputc
    printf7.o(i.__0vfprintf$7) refers to printf7.o(i._printf_core) for _printf_core
    printf7.o(i.__0vfprintf$7) refers to bsp_debug_usart.o(i.fputc) for fputc
    printf7.o(i.__0vprintf$7) refers to printf7.o(i._printf_core) for _printf_core
    printf7.o(i.__0vprintf$7) refers to bsp_debug_usart.o(i.fputc) for fputc
    printf7.o(i.__0vprintf$7) refers to stdout.o(.data) for __stdout
    printf7.o(i.__0vsnprintf$7) refers to printf7.o(i._printf_core) for _printf_core
    printf7.o(i.__0vsnprintf$7) refers to printf7.o(i._snputc) for _snputc
    printf7.o(i.__0vsprintf$7) refers to printf7.o(i._printf_core) for _printf_core
    printf7.o(i.__0vsprintf$7) refers to printf7.o(i._sputc) for _sputc
    printf7.o(i._printf_core) refers to printf7.o(i._printf_pre_padding) for _printf_pre_padding
    printf7.o(i._printf_core) refers to uldiv.o(.text) for __aeabi_uldivmod
    printf7.o(i._printf_core) refers to printf7.o(i._printf_post_padding) for _printf_post_padding
    printf8.o(i.__0fprintf$8) refers to printf8.o(i._printf_core) for _printf_core
    printf8.o(i.__0fprintf$8) refers to bsp_debug_usart.o(i.fputc) for fputc
    printf8.o(i.__0printf$8) refers to printf8.o(i._printf_core) for _printf_core
    printf8.o(i.__0printf$8) refers to bsp_debug_usart.o(i.fputc) for fputc
    printf8.o(i.__0printf$8) refers to stdout.o(.data) for __stdout
    printf8.o(i.__0snprintf$8) refers to printf8.o(i._printf_core) for _printf_core
    printf8.o(i.__0snprintf$8) refers to printf8.o(i._snputc) for _snputc
    printf8.o(i.__0sprintf$8) refers to printf8.o(i._printf_core) for _printf_core
    printf8.o(i.__0sprintf$8) refers to printf8.o(i._sputc) for _sputc
    printf8.o(i.__0vfprintf$8) refers to printf8.o(i._printf_core) for _printf_core
    printf8.o(i.__0vfprintf$8) refers to bsp_debug_usart.o(i.fputc) for fputc
    printf8.o(i.__0vprintf$8) refers to printf8.o(i._printf_core) for _printf_core
    printf8.o(i.__0vprintf$8) refers to bsp_debug_usart.o(i.fputc) for fputc
    printf8.o(i.__0vprintf$8) refers to stdout.o(.data) for __stdout
    printf8.o(i.__0vsnprintf$8) refers to printf8.o(i._printf_core) for _printf_core
    printf8.o(i.__0vsnprintf$8) refers to printf8.o(i._snputc) for _snputc
    printf8.o(i.__0vsprintf$8) refers to printf8.o(i._printf_core) for _printf_core
    printf8.o(i.__0vsprintf$8) refers to printf8.o(i._sputc) for _sputc
    printf8.o(i._printf_core) refers to printf8.o(i._printf_pre_padding) for _printf_pre_padding
    printf8.o(i._printf_core) refers to uldiv.o(.text) for __aeabi_uldivmod
    printf8.o(i._printf_core) refers to printf8.o(i._printf_post_padding) for _printf_post_padding
    printfa.o(i.__0fprintf) refers (Special) to iusefp.o(.text) for __I$use$fp
    printfa.o(i.__0fprintf) refers to printfa.o(i._printf_core) for _printf_core
    printfa.o(i.__0fprintf) refers to bsp_debug_usart.o(i.fputc) for fputc
    printfa.o(i.__0printf) refers (Special) to iusefp.o(.text) for __I$use$fp
    printfa.o(i.__0printf) refers to printfa.o(i._printf_core) for _printf_core
    printfa.o(i.__0printf) refers to bsp_debug_usart.o(i.fputc) for fputc
    printfa.o(i.__0printf) refers to stdout.o(.data) for __stdout
    printfa.o(i.__0snprintf) refers (Special) to iusefp.o(.text) for __I$use$fp
    printfa.o(i.__0snprintf) refers to printfa.o(i._printf_core) for _printf_core
    printfa.o(i.__0snprintf) refers to printfa.o(i._snputc) for _snputc
    printfa.o(i.__0sprintf) refers (Special) to iusefp.o(.text) for __I$use$fp
    printfa.o(i.__0sprintf) refers to printfa.o(i._printf_core) for _printf_core
    printfa.o(i.__0sprintf) refers to printfa.o(i._sputc) for _sputc
    printfa.o(i.__0vfprintf) refers (Special) to iusefp.o(.text) for __I$use$fp
    printfa.o(i.__0vfprintf) refers to printfa.o(i._printf_core) for _printf_core
    printfa.o(i.__0vfprintf) refers to bsp_debug_usart.o(i.fputc) for fputc
    printfa.o(i.__0vprintf) refers (Special) to iusefp.o(.text) for __I$use$fp
    printfa.o(i.__0vprintf) refers to printfa.o(i._printf_core) for _printf_core
    printfa.o(i.__0vprintf) refers to bsp_debug_usart.o(i.fputc) for fputc
    printfa.o(i.__0vprintf) refers to stdout.o(.data) for __stdout
    printfa.o(i.__0vsnprintf) refers (Special) to iusefp.o(.text) for __I$use$fp
    printfa.o(i.__0vsnprintf) refers to printfa.o(i._printf_core) for _printf_core
    printfa.o(i.__0vsnprintf) refers to printfa.o(i._snputc) for _snputc
    printfa.o(i.__0vsprintf) refers (Special) to iusefp.o(.text) for __I$use$fp
    printfa.o(i.__0vsprintf) refers to printfa.o(i._printf_core) for _printf_core
    printfa.o(i.__0vsprintf) refers to printfa.o(i._sputc) for _sputc
    printfa.o(i._fp_digits) refers (Special) to iusefp.o(.text) for __I$use$fp
    printfa.o(i._fp_digits) refers to dmul.o(.text) for __aeabi_dmul
    printfa.o(i._fp_digits) refers to ddiv.o(.text) for __aeabi_ddiv
    printfa.o(i._fp_digits) refers to cdrcmple.o(.text) for __aeabi_cdrcmple
    printfa.o(i._fp_digits) refers to dadd.o(.text) for __aeabi_dadd
    printfa.o(i._fp_digits) refers to dfixul.o(.text) for __aeabi_d2ulz
    printfa.o(i._fp_digits) refers to uldiv.o(.text) for __aeabi_uldivmod
    printfa.o(i._printf_core) refers (Special) to iusefp.o(.text) for __I$use$fp
    printfa.o(i._printf_core) refers to printfa.o(i._printf_pre_padding) for _printf_pre_padding
    printfa.o(i._printf_core) refers to uldiv.o(.text) for __aeabi_uldivmod
    printfa.o(i._printf_core) refers to printfa.o(i._printf_post_padding) for _printf_post_padding
    printfa.o(i._printf_core) refers to printfa.o(i._fp_digits) for _fp_digits
    printfa.o(i._printf_core) refers to uidiv.o(.text) for __aeabi_uidivmod
    printfa.o(i._printf_post_padding) refers (Special) to iusefp.o(.text) for __I$use$fp
    printfa.o(i._printf_pre_padding) refers (Special) to iusefp.o(.text) for __I$use$fp
    printfa.o(i._snputc) refers (Special) to iusefp.o(.text) for __I$use$fp
    printfa.o(i._sputc) refers (Special) to iusefp.o(.text) for __I$use$fp
    entry2.o(.ARM.Collect$$$$00000001) refers to entry2.o(.ARM.Collect$$$$00002712) for __lit__00000000
    entry2.o(.ARM.Collect$$$$00002712) refers to startup_stm32f40xx.o(STACK) for __initial_sp
    entry2.o(__vectab_stack_and_reset_area) refers to startup_stm32f40xx.o(STACK) for __initial_sp
    entry2.o(__vectab_stack_and_reset_area) refers to entry.o(.ARM.Collect$$$$00000000) for __main
    entry5.o(.ARM.Collect$$$$00000004) refers to init.o(.text) for __scatterload
    entry9a.o(.ARM.Collect$$$$0000000B) refers to main.o(i.main) for main
    entry9b.o(.ARM.Collect$$$$0000000C) refers to main.o(i.main) for main
    uldiv.o(.text) refers to llushr.o(.text) for __aeabi_llsr
    uldiv.o(.text) refers to llshl.o(.text) for __aeabi_llsl
    dadd.o(.text) refers to llshl.o(.text) for __aeabi_llsl
    dadd.o(.text) refers to llsshr.o(.text) for __aeabi_lasr
    dadd.o(.text) refers to depilogue.o(.text) for _double_epilogue
    dmul.o(.text) refers to depilogue.o(.text) for _double_epilogue
    ddiv.o(.text) refers to depilogue.o(.text) for _double_round
    dfixul.o(.text) refers to llushr.o(.text) for __aeabi_llsr
    dfixul.o(.text) refers to llshl.o(.text) for __aeabi_llsl
    init.o(.text) refers to entry5.o(.ARM.Collect$$$$00000004) for __main_after_scatterload
    depilogue.o(.text) refers to llshl.o(.text) for __aeabi_llsl
    depilogue.o(.text) refers to llushr.o(.text) for __aeabi_llsr


==============================================================================

Removing Unused input sections from the image.

    Removing startup_stm32f40xx.o(HEAP), (512 bytes).
    Removing system_stm32f4xx.o(.rev16_text), (4 bytes).
    Removing system_stm32f4xx.o(.revsh_text), (4 bytes).
    Removing system_stm32f4xx.o(.rrx_text), (6 bytes).
    Removing system_stm32f4xx.o(i.SystemCoreClockUpdate), (132 bytes).
    Removing system_stm32f4xx.o(.data), (20 bytes).
    Removing misc.o(.rev16_text), (4 bytes).
    Removing misc.o(.revsh_text), (4 bytes).
    Removing misc.o(.rrx_text), (6 bytes).
    Removing misc.o(i.NVIC_SetVectorTable), (20 bytes).
    Removing misc.o(i.NVIC_SystemLPConfig), (28 bytes).
    Removing stm32f4xx_exti.o(.rev16_text), (4 bytes).
    Removing stm32f4xx_exti.o(.revsh_text), (4 bytes).
    Removing stm32f4xx_exti.o(.rrx_text), (6 bytes).
    Removing stm32f4xx_exti.o(i.EXTI_ClearFlag), (12 bytes).
    Removing stm32f4xx_exti.o(i.EXTI_ClearITPendingBit), (12 bytes).
    Removing stm32f4xx_exti.o(i.EXTI_DeInit), (36 bytes).
    Removing stm32f4xx_exti.o(i.EXTI_GenerateSWInterrupt), (16 bytes).
    Removing stm32f4xx_exti.o(i.EXTI_GetFlagStatus), (20 bytes).
    Removing stm32f4xx_exti.o(i.EXTI_GetITStatus), (20 bytes).
    Removing stm32f4xx_exti.o(i.EXTI_Init), (116 bytes).
    Removing stm32f4xx_exti.o(i.EXTI_StructInit), (14 bytes).
    Removing stm32f4xx_flash.o(.rev16_text), (4 bytes).
    Removing stm32f4xx_flash.o(.revsh_text), (4 bytes).
    Removing stm32f4xx_flash.o(.rrx_text), (6 bytes).
    Removing stm32f4xx_flash.o(i.FLASH_DataCacheCmd), (32 bytes).
    Removing stm32f4xx_flash.o(i.FLASH_DataCacheReset), (16 bytes).
    Removing stm32f4xx_flash.o(i.FLASH_EraseAllBank1Sectors), (92 bytes).
    Removing stm32f4xx_flash.o(i.FLASH_EraseAllBank2Sectors), (92 bytes).
    Removing stm32f4xx_flash.o(i.FLASH_EraseAllSectors), (92 bytes).
    Removing stm32f4xx_flash.o(i.FLASH_GetFlagStatus), (20 bytes).
    Removing stm32f4xx_flash.o(i.FLASH_ITConfig), (28 bytes).
    Removing stm32f4xx_flash.o(i.FLASH_InstructionCacheCmd), (32 bytes).
    Removing stm32f4xx_flash.o(i.FLASH_InstructionCacheReset), (16 bytes).
    Removing stm32f4xx_flash.o(i.FLASH_OB_BORConfig), (24 bytes).
    Removing stm32f4xx_flash.o(i.FLASH_OB_BootConfig), (24 bytes).
    Removing stm32f4xx_flash.o(i.FLASH_OB_GetBOR), (16 bytes).
    Removing stm32f4xx_flash.o(i.FLASH_OB_GetPCROP), (12 bytes).
    Removing stm32f4xx_flash.o(i.FLASH_OB_GetPCROP1), (12 bytes).
    Removing stm32f4xx_flash.o(i.FLASH_OB_GetRDP), (20 bytes).
    Removing stm32f4xx_flash.o(i.FLASH_OB_GetUser), (16 bytes).
    Removing stm32f4xx_flash.o(i.FLASH_OB_GetWRP), (12 bytes).
    Removing stm32f4xx_flash.o(i.FLASH_OB_GetWRP1), (12 bytes).
    Removing stm32f4xx_flash.o(i.FLASH_OB_Launch), (20 bytes).
    Removing stm32f4xx_flash.o(i.FLASH_OB_Lock), (16 bytes).
    Removing stm32f4xx_flash.o(i.FLASH_OB_PCROP1Config), (40 bytes).
    Removing stm32f4xx_flash.o(i.FLASH_OB_PCROPConfig), (40 bytes).
    Removing stm32f4xx_flash.o(i.FLASH_OB_PCROPSelectionConfig), (20 bytes).
    Removing stm32f4xx_flash.o(i.FLASH_OB_RDPConfig), (24 bytes).
    Removing stm32f4xx_flash.o(i.FLASH_OB_Unlock), (36 bytes).
    Removing stm32f4xx_flash.o(i.FLASH_OB_UserConfig), (40 bytes).
    Removing stm32f4xx_flash.o(i.FLASH_OB_WRP1Config), (40 bytes).
    Removing stm32f4xx_flash.o(i.FLASH_OB_WRPConfig), (40 bytes).
    Removing stm32f4xx_flash.o(i.FLASH_PrefetchBufferCmd), (32 bytes).
    Removing stm32f4xx_flash.o(i.FLASH_ProgramDoubleWord), (64 bytes).
    Removing stm32f4xx_flash.o(i.FLASH_ProgramHalfWord), (60 bytes).
    Removing stm32f4xx_flash.o(i.FLASH_ProgramWord), (60 bytes).
    Removing stm32f4xx_flash.o(i.FLASH_SetLatency), (12 bytes).
    Removing stm32f4xx_flash_ramfunc.o(.rev16_text), (4 bytes).
    Removing stm32f4xx_flash_ramfunc.o(.revsh_text), (4 bytes).
    Removing stm32f4xx_flash_ramfunc.o(.rrx_text), (6 bytes).
    Removing stm32f4xx_flash_ramfunc.o(i.FLASH_FlashInterfaceCmd), (32 bytes).
    Removing stm32f4xx_flash_ramfunc.o(i.FLASH_FlashSleepModeCmd), (32 bytes).
    Removing stm32f4xx_gpio.o(.rev16_text), (4 bytes).
    Removing stm32f4xx_gpio.o(.revsh_text), (4 bytes).
    Removing stm32f4xx_gpio.o(.rrx_text), (6 bytes).
    Removing stm32f4xx_gpio.o(i.GPIO_DeInit), (340 bytes).
    Removing stm32f4xx_gpio.o(i.GPIO_PinLockConfig), (26 bytes).
    Removing stm32f4xx_gpio.o(i.GPIO_ReadInputData), (6 bytes).
    Removing stm32f4xx_gpio.o(i.GPIO_ReadInputDataBit), (14 bytes).
    Removing stm32f4xx_gpio.o(i.GPIO_ReadOutputData), (6 bytes).
    Removing stm32f4xx_gpio.o(i.GPIO_ReadOutputDataBit), (14 bytes).
    Removing stm32f4xx_gpio.o(i.GPIO_ResetBits), (4 bytes).
    Removing stm32f4xx_gpio.o(i.GPIO_StructInit), (18 bytes).
    Removing stm32f4xx_gpio.o(i.GPIO_ToggleBits), (8 bytes).
    Removing stm32f4xx_gpio.o(i.GPIO_Write), (4 bytes).
    Removing stm32f4xx_gpio.o(i.GPIO_WriteBit), (12 bytes).
    Removing stm32f4xx_iwdg.o(.rev16_text), (4 bytes).
    Removing stm32f4xx_iwdg.o(.revsh_text), (4 bytes).
    Removing stm32f4xx_iwdg.o(.rrx_text), (6 bytes).
    Removing stm32f4xx_iwdg.o(i.IWDG_Enable), (16 bytes).
    Removing stm32f4xx_iwdg.o(i.IWDG_GetFlagStatus), (20 bytes).
    Removing stm32f4xx_iwdg.o(i.IWDG_ReloadCounter), (16 bytes).
    Removing stm32f4xx_iwdg.o(i.IWDG_SetPrescaler), (12 bytes).
    Removing stm32f4xx_iwdg.o(i.IWDG_SetReload), (12 bytes).
    Removing stm32f4xx_iwdg.o(i.IWDG_WriteAccessCmd), (12 bytes).
    Removing stm32f4xx_rcc.o(.rev16_text), (4 bytes).
    Removing stm32f4xx_rcc.o(.revsh_text), (4 bytes).
    Removing stm32f4xx_rcc.o(.rrx_text), (6 bytes).
    Removing stm32f4xx_rcc.o(i.RCC_AHB1PeriphClockLPModeCmd), (28 bytes).
    Removing stm32f4xx_rcc.o(i.RCC_AHB1PeriphResetCmd), (28 bytes).
    Removing stm32f4xx_rcc.o(i.RCC_AHB2PeriphClockCmd), (28 bytes).
    Removing stm32f4xx_rcc.o(i.RCC_AHB2PeriphClockLPModeCmd), (28 bytes).
    Removing stm32f4xx_rcc.o(i.RCC_AHB2PeriphResetCmd), (28 bytes).
    Removing stm32f4xx_rcc.o(i.RCC_AHB3PeriphClockCmd), (28 bytes).
    Removing stm32f4xx_rcc.o(i.RCC_AHB3PeriphClockLPModeCmd), (28 bytes).
    Removing stm32f4xx_rcc.o(i.RCC_AHB3PeriphResetCmd), (28 bytes).
    Removing stm32f4xx_rcc.o(i.RCC_APB1PeriphClockCmd), (28 bytes).
    Removing stm32f4xx_rcc.o(i.RCC_APB1PeriphClockLPModeCmd), (28 bytes).
    Removing stm32f4xx_rcc.o(i.RCC_APB1PeriphResetCmd), (28 bytes).
    Removing stm32f4xx_rcc.o(i.RCC_APB2PeriphClockLPModeCmd), (28 bytes).
    Removing stm32f4xx_rcc.o(i.RCC_APB2PeriphResetCmd), (28 bytes).
    Removing stm32f4xx_rcc.o(i.RCC_AdjustHSICalibrationValue), (20 bytes).
    Removing stm32f4xx_rcc.o(i.RCC_BackupResetCmd), (12 bytes).
    Removing stm32f4xx_rcc.o(i.RCC_ClearFlag), (16 bytes).
    Removing stm32f4xx_rcc.o(i.RCC_ClearITPendingBit), (12 bytes).
    Removing stm32f4xx_rcc.o(i.RCC_ClockSecuritySystemCmd), (12 bytes).
    Removing stm32f4xx_rcc.o(i.RCC_DeInit), (84 bytes).
    Removing stm32f4xx_rcc.o(i.RCC_GetFlagStatus), (56 bytes).
    Removing stm32f4xx_rcc.o(i.RCC_GetITStatus), (20 bytes).
    Removing stm32f4xx_rcc.o(i.RCC_GetSYSCLKSource), (16 bytes).
    Removing stm32f4xx_rcc.o(i.RCC_HCLKConfig), (20 bytes).
    Removing stm32f4xx_rcc.o(i.RCC_HSEConfig), (16 bytes).
    Removing stm32f4xx_rcc.o(i.RCC_HSICmd), (12 bytes).
    Removing stm32f4xx_rcc.o(i.RCC_I2SCLKConfig), (12 bytes).
    Removing stm32f4xx_rcc.o(i.RCC_ITConfig), (28 bytes).
    Removing stm32f4xx_rcc.o(i.RCC_LSEConfig), (32 bytes).
    Removing stm32f4xx_rcc.o(i.RCC_LSEModeConfig), (32 bytes).
    Removing stm32f4xx_rcc.o(i.RCC_LSICmd), (12 bytes).
    Removing stm32f4xx_rcc.o(i.RCC_LTDCCLKDivConfig), (20 bytes).
    Removing stm32f4xx_rcc.o(i.RCC_MCO1Config), (20 bytes).
    Removing stm32f4xx_rcc.o(i.RCC_MCO2Config), (20 bytes).
    Removing stm32f4xx_rcc.o(i.RCC_PCLK1Config), (20 bytes).
    Removing stm32f4xx_rcc.o(i.RCC_PCLK2Config), (20 bytes).
    Removing stm32f4xx_rcc.o(i.RCC_PLLCmd), (12 bytes).
    Removing stm32f4xx_rcc.o(i.RCC_PLLConfig), (36 bytes).
    Removing stm32f4xx_rcc.o(i.RCC_PLLI2SCmd), (12 bytes).
    Removing stm32f4xx_rcc.o(i.RCC_PLLI2SConfig), (16 bytes).
    Removing stm32f4xx_rcc.o(i.RCC_PLLSAICmd), (12 bytes).
    Removing stm32f4xx_rcc.o(i.RCC_PLLSAIConfig), (20 bytes).
    Removing stm32f4xx_rcc.o(i.RCC_RTCCLKCmd), (12 bytes).
    Removing stm32f4xx_rcc.o(i.RCC_RTCCLKConfig), (48 bytes).
    Removing stm32f4xx_rcc.o(i.RCC_SAIBlockACLKConfig), (20 bytes).
    Removing stm32f4xx_rcc.o(i.RCC_SAIBlockBCLKConfig), (20 bytes).
    Removing stm32f4xx_rcc.o(i.RCC_SAIPLLI2SClkDivConfig), (20 bytes).
    Removing stm32f4xx_rcc.o(i.RCC_SAIPLLSAIClkDivConfig), (24 bytes).
    Removing stm32f4xx_rcc.o(i.RCC_SYSCLKConfig), (20 bytes).
    Removing stm32f4xx_rcc.o(i.RCC_TIMCLKPresConfig), (12 bytes).
    Removing stm32f4xx_rcc.o(i.RCC_WaitForHSEStartUp), (48 bytes).
    Removing stm32f4xx_usart.o(.rev16_text), (4 bytes).
    Removing stm32f4xx_usart.o(.revsh_text), (4 bytes).
    Removing stm32f4xx_usart.o(.rrx_text), (6 bytes).
    Removing stm32f4xx_usart.o(i.USART_ClearFlag), (8 bytes).
    Removing stm32f4xx_usart.o(i.USART_ClockInit), (28 bytes).
    Removing stm32f4xx_usart.o(i.USART_ClockStructInit), (12 bytes).
    Removing stm32f4xx_usart.o(i.USART_DMACmd), (20 bytes).
    Removing stm32f4xx_usart.o(i.USART_DeInit), (256 bytes).
    Removing stm32f4xx_usart.o(i.USART_HalfDuplexCmd), (24 bytes).
    Removing stm32f4xx_usart.o(i.USART_IrDACmd), (24 bytes).
    Removing stm32f4xx_usart.o(i.USART_IrDAConfig), (16 bytes).
    Removing stm32f4xx_usart.o(i.USART_LINBreakDetectLengthConfig), (16 bytes).
    Removing stm32f4xx_usart.o(i.USART_LINCmd), (24 bytes).
    Removing stm32f4xx_usart.o(i.USART_OneBitMethodCmd), (24 bytes).
    Removing stm32f4xx_usart.o(i.USART_OverSampling8Cmd), (24 bytes).
    Removing stm32f4xx_usart.o(i.USART_ReceiverWakeUpCmd), (24 bytes).
    Removing stm32f4xx_usart.o(i.USART_SendBreak), (10 bytes).
    Removing stm32f4xx_usart.o(i.USART_SetAddress), (16 bytes).
    Removing stm32f4xx_usart.o(i.USART_SetGuardTime), (16 bytes).
    Removing stm32f4xx_usart.o(i.USART_SetPrescaler), (16 bytes).
    Removing stm32f4xx_usart.o(i.USART_SmartCardCmd), (24 bytes).
    Removing stm32f4xx_usart.o(i.USART_SmartCardNACKCmd), (24 bytes).
    Removing stm32f4xx_usart.o(i.USART_StructInit), (22 bytes).
    Removing stm32f4xx_usart.o(i.USART_WakeUpConfig), (16 bytes).
    Removing stm32f4xx_wwdg.o(.rev16_text), (4 bytes).
    Removing stm32f4xx_wwdg.o(.revsh_text), (4 bytes).
    Removing stm32f4xx_wwdg.o(.rrx_text), (6 bytes).
    Removing stm32f4xx_wwdg.o(i.WWDG_ClearFlag), (12 bytes).
    Removing stm32f4xx_wwdg.o(i.WWDG_DeInit), (24 bytes).
    Removing stm32f4xx_wwdg.o(i.WWDG_Enable), (16 bytes).
    Removing stm32f4xx_wwdg.o(i.WWDG_EnableIT), (12 bytes).
    Removing stm32f4xx_wwdg.o(i.WWDG_GetFlagStatus), (20 bytes).
    Removing stm32f4xx_wwdg.o(i.WWDG_SetCounter), (16 bytes).
    Removing stm32f4xx_wwdg.o(i.WWDG_SetPrescaler), (20 bytes).
    Removing stm32f4xx_wwdg.o(i.WWDG_SetWindowValue), (32 bytes).
    Removing stm32f4xx_syscfg.o(.rev16_text), (4 bytes).
    Removing stm32f4xx_syscfg.o(.revsh_text), (4 bytes).
    Removing stm32f4xx_syscfg.o(.rrx_text), (6 bytes).
    Removing stm32f4xx_syscfg.o(i.SYSCFG_CompensationCellCmd), (12 bytes).
    Removing stm32f4xx_syscfg.o(i.SYSCFG_DeInit), (24 bytes).
    Removing stm32f4xx_syscfg.o(i.SYSCFG_ETH_MediaInterfaceConfig), (12 bytes).
    Removing stm32f4xx_syscfg.o(i.SYSCFG_EXTILineConfig), (44 bytes).
    Removing stm32f4xx_syscfg.o(i.SYSCFG_GetCompensationCellStatus), (20 bytes).
    Removing stm32f4xx_syscfg.o(i.SYSCFG_MemoryRemapConfig), (12 bytes).
    Removing stm32f4xx_syscfg.o(i.SYSCFG_MemorySwappingBank), (12 bytes).
    Removing stm32f4xx_it.o(.rev16_text), (4 bytes).
    Removing stm32f4xx_it.o(.revsh_text), (4 bytes).
    Removing stm32f4xx_it.o(.rrx_text), (6 bytes).
    Removing stm32f4xx_it.o(i.SD_SDIO_DMA_IRQHANDLER), (2 bytes).
    Removing sys.o(.rev16_text), (4 bytes).
    Removing sys.o(.revsh_text), (4 bytes).
    Removing sys.o(.rrx_text), (6 bytes).
    Removing sys.o(.emb_text), (16 bytes).
    Removing bsp_debug_usart.o(.rev16_text), (4 bytes).
    Removing bsp_debug_usart.o(.revsh_text), (4 bytes).
    Removing bsp_debug_usart.o(.rrx_text), (6 bytes).
    Removing bsp_debug_usart.o(i.Debug_USART_SendData), (32 bytes).
    Removing bsp_debug_usart.o(i.fgetc), (32 bytes).
    Removing bsp_delay.o(.rev16_text), (4 bytes).
    Removing bsp_delay.o(.revsh_text), (4 bytes).
    Removing bsp_delay.o(.rrx_text), (6 bytes).
    Removing bsp_delay.o(i.Delay_ms), (24 bytes).
    Removing bsp_delay.o(i.Delay_us), (92 bytes).
    Removing bsp_led.o(.rev16_text), (4 bytes).
    Removing bsp_led.o(.revsh_text), (4 bytes).
    Removing bsp_led.o(.rrx_text), (6 bytes).
    Removing bsp_key.o(.rev16_text), (4 bytes).
    Removing bsp_key.o(.revsh_text), (4 bytes).
    Removing bsp_key.o(.rrx_text), (6 bytes).
    Removing bsp_key.o(i.Bsp_Key0_Read_Bit), (12 bytes).
    Removing bsp_key.o(i.Bsp_Key2_Read_Bit), (12 bytes).
    Removing bsp_key.o(i.Bsp_Key_Exit_Init), (172 bytes).
    Removing bsp_flash.o(.rev16_text), (4 bytes).
    Removing bsp_flash.o(.revsh_text), (4 bytes).
    Removing bsp_flash.o(.rrx_text), (6 bytes).
    Removing bsp_iap.o(.rev16_text), (4 bytes).
    Removing bsp_iap.o(.revsh_text), (4 bytes).
    Removing bsp_iap.o(.rrx_text), (6 bytes).
    Removing bsp_iwwdg.o(.rev16_text), (4 bytes).
    Removing bsp_iwwdg.o(.revsh_text), (4 bytes).
    Removing bsp_iwwdg.o(.rrx_text), (6 bytes).
    Removing bsp_iwwdg.o(i.Bsp_IWDG_ClearRst_Flag), (4 bytes).
    Removing bsp_iwwdg.o(i.Bsp_IWDG_Feed), (4 bytes).
    Removing bsp_iwwdg.o(i.Bsp_IWDG_GetRst_Flag), (4 bytes).
    Removing bsp_iwwdg.o(i.Bsp_IWDG_Init), (38 bytes).
    Removing bsp_iwwdg.o(i.Bsp_WWDG_ClearRst_Flag), (4 bytes).
    Removing bsp_iwwdg.o(i.Bsp_WWDG_Feed), (4 bytes).
    Removing bsp_iwwdg.o(i.Bsp_WWDG_GetRst_Flag), (4 bytes).
    Removing bsp_iwwdg.o(i.Bsp_WWDG_Get_Counter), (16 bytes).
    Removing bsp_iwwdg.o(i.Bsp_WWDG_Get_WinVal), (16 bytes).
    Removing bsp_iwwdg.o(i.Bsp_WWDG_Init), (56 bytes).
    Removing bsp_iwwdg.o(i.Bsp_WWDG_NVIC_Config), (32 bytes).
    Removing hal_delay.o(.rev16_text), (4 bytes).
    Removing hal_delay.o(.revsh_text), (4 bytes).
    Removing hal_delay.o(.rrx_text), (6 bytes).
    Removing hal_delay.o(i.Hal_Delay_ms), (4 bytes).
    Removing hal_delay.o(i.Hal_Delay_us), (4 bytes).
    Removing hal_debug_usart.o(.rev16_text), (4 bytes).
    Removing hal_debug_usart.o(.revsh_text), (4 bytes).
    Removing hal_debug_usart.o(.rrx_text), (6 bytes).
    Removing hal_debug_usart.o(i.Hal_Debug_Usart_SendData), (4 bytes).
    Removing hal_led.o(.rev16_text), (4 bytes).
    Removing hal_led.o(.revsh_text), (4 bytes).
    Removing hal_led.o(.rrx_text), (6 bytes).
    Removing hal_led.o(i.Hal_Led0_off), (16 bytes).
    Removing hal_led.o(i.Hal_Led0_on), (16 bytes).
    Removing hal_led.o(i.Hal_Led1_off), (16 bytes).
    Removing hal_led.o(i.Hal_Led1_on), (16 bytes).
    Removing hal_led.o(i.Hal_Led_off), (44 bytes).
    Removing hal_led.o(i.Hal_Led_on), (44 bytes).
    Removing hal_led.o(i.Hal_Led_turn), (40 bytes).
    Removing hal_led.o(.data), (1 bytes).
    Removing hal_key.o(.rev16_text), (4 bytes).
    Removing hal_key.o(.revsh_text), (4 bytes).
    Removing hal_key.o(.rrx_text), (6 bytes).
    Removing hal_key.o(i.Hal_Key0_Read_Bit), (4 bytes).
    Removing hal_key.o(i.Hal_Key2_Read_Bit), (4 bytes).
    Removing hal_key.o(i.Hal_Key_Exit_Init), (4 bytes).
    Removing hal_key.o(i.Hal_Key_Scan), (96 bytes).
    Removing hal_flash.o(.rev16_text), (4 bytes).
    Removing hal_flash.o(.revsh_text), (4 bytes).
    Removing hal_flash.o(.rrx_text), (6 bytes).
    Removing hal_flash.o(i.Hal_Get_Flash_Sector), (4 bytes).
    Removing hal_iap.o(.rev16_text), (4 bytes).
    Removing hal_iap.o(.revsh_text), (4 bytes).
    Removing hal_iap.o(.rrx_text), (6 bytes).
    Removing app_init.o(.rev16_text), (4 bytes).
    Removing app_init.o(.revsh_text), (4 bytes).
    Removing app_init.o(.rrx_text), (6 bytes).
    Removing app_led.o(i.App_Led_Test_Task), (82 bytes).
    Removing app_exit.o(.rev16_text), (4 bytes).
    Removing app_exit.o(.revsh_text), (4 bytes).
    Removing app_exit.o(.rrx_text), (6 bytes).
    Removing app_iap.o(.rev16_text), (4 bytes).
    Removing app_iap.o(.revsh_text), (4 bytes).
    Removing app_iap.o(.rrx_text), (6 bytes).
    Removing app_iap.o(.constdata), (13 bytes).
    Removing app_iap.o(.constdata), (22 bytes).
    Removing app_iap.o(.constdata), (26 bytes).
    Removing app_iap.o(.constdata), (24 bytes).
    Removing dadd.o(.text), (334 bytes).
    Removing dmul.o(.text), (228 bytes).
    Removing ddiv.o(.text), (222 bytes).
    Removing dfixul.o(.text), (48 bytes).
    Removing cdrcmple.o(.text), (48 bytes).
    Removing depilogue.o(.text), (186 bytes).

285 unused section(s) (total 7346 bytes) removed from the image.

==============================================================================

Image Symbol Table

    Local Symbols

    Symbol Name                              Value     Ov Type        Size  Object(Section)

    ../clib/microlib/division.c              0x00000000   Number         0  uldiv.o ABSOLUTE
    ../clib/microlib/division.c              0x00000000   Number         0  uidiv.o ABSOLUTE
    ../clib/microlib/init/entry.s            0x00000000   Number         0  entry7a.o ABSOLUTE
    ../clib/microlib/init/entry.s            0x00000000   Number         0  entry12a.o ABSOLUTE
    ../clib/microlib/init/entry.s            0x00000000   Number         0  entry11b.o ABSOLUTE
    ../clib/microlib/init/entry.s            0x00000000   Number         0  entry11a.o ABSOLUTE
    ../clib/microlib/init/entry.s            0x00000000   Number         0  entry10a.o ABSOLUTE
    ../clib/microlib/init/entry.s            0x00000000   Number         0  entry9b.o ABSOLUTE
    ../clib/microlib/init/entry.s            0x00000000   Number         0  entry5.o ABSOLUTE
    ../clib/microlib/init/entry.s            0x00000000   Number         0  entry9a.o ABSOLUTE
    ../clib/microlib/init/entry.s            0x00000000   Number         0  entry8b.o ABSOLUTE
    ../clib/microlib/init/entry.s            0x00000000   Number         0  entry8a.o ABSOLUTE
    ../clib/microlib/init/entry.s            0x00000000   Number         0  entry7b.o ABSOLUTE
    ../clib/microlib/init/entry.s            0x00000000   Number         0  entry2.o ABSOLUTE
    ../clib/microlib/init/entry.s            0x00000000   Number         0  entry10b.o ABSOLUTE
    ../clib/microlib/init/entry.s            0x00000000   Number         0  entry.o ABSOLUTE
    ../clib/microlib/init/entry.s            0x00000000   Number         0  entry12b.o ABSOLUTE
    ../clib/microlib/longlong.c              0x00000000   Number         0  llsshr.o ABSOLUTE
    ../clib/microlib/longlong.c              0x00000000   Number         0  llushr.o ABSOLUTE
    ../clib/microlib/longlong.c              0x00000000   Number         0  llshl.o ABSOLUTE
    ../clib/microlib/printf/printf.c         0x00000000   Number         0  printf7.o ABSOLUTE
    ../clib/microlib/printf/printf.c         0x00000000   Number         0  printf5.o ABSOLUTE
    ../clib/microlib/printf/printf.c         0x00000000   Number         0  printf4.o ABSOLUTE
    ../clib/microlib/printf/printf.c         0x00000000   Number         0  printf6.o ABSOLUTE
    ../clib/microlib/printf/printf.c         0x00000000   Number         0  printfb.o ABSOLUTE
    ../clib/microlib/printf/printf.c         0x00000000   Number         0  printf0.o ABSOLUTE
    ../clib/microlib/printf/printf.c         0x00000000   Number         0  printf1.o ABSOLUTE
    ../clib/microlib/printf/printf.c         0x00000000   Number         0  printf2.o ABSOLUTE
    ../clib/microlib/printf/printf.c         0x00000000   Number         0  printfa.o ABSOLUTE
    ../clib/microlib/printf/printf.c         0x00000000   Number         0  printf3.o ABSOLUTE
    ../clib/microlib/printf/printf.c         0x00000000   Number         0  printf8.o ABSOLUTE
    ../clib/microlib/printf/stubs.s          0x00000000   Number         0  stubs.o ABSOLUTE
    ../clib/microlib/stdio/streams.c         0x00000000   Number         0  stdout.o ABSOLUTE
    ../clib/microlib/string/memcmp.c         0x00000000   Number         0  memcmp.o ABSOLUTE
    ../clib/microlib/string/memcpy.c         0x00000000   Number         0  memcpya.o ABSOLUTE
    ../clib/microlib/string/memcpy.c         0x00000000   Number         0  memcpyb.o ABSOLUTE
    ../clib/microlib/stubs.s                 0x00000000   Number         0  iusefp.o ABSOLUTE
    ../fplib/microlib/fpadd.c                0x00000000   Number         0  dadd.o ABSOLUTE
    ../fplib/microlib/fpdiv.c                0x00000000   Number         0  ddiv.o ABSOLUTE
    ../fplib/microlib/fpepilogue.c           0x00000000   Number         0  depilogue.o ABSOLUTE
    ../fplib/microlib/fpfix.c                0x00000000   Number         0  dfixul.o ABSOLUTE
    ../fplib/microlib/fpmul.c                0x00000000   Number         0  dmul.o ABSOLUTE
    ..\..\Libraries\CMSIS\Device\ST\STM32F4xx\Source\Templates\arm\startup_stm32f40xx.s 0x00000000   Number         0  startup_stm32f40xx.o ABSOLUTE
    ..\..\Libraries\CMSIS\Device\ST\STM32F4xx\Source\Templates\system_stm32f4xx.c 0x00000000   Number         0  system_stm32f4xx.o ABSOLUTE
    ..\..\Libraries\STM32F4xx_StdPeriph_Driver\src\misc.c 0x00000000   Number         0  misc.o ABSOLUTE
    ..\..\Libraries\STM32F4xx_StdPeriph_Driver\src\stm32f4xx_exti.c 0x00000000   Number         0  stm32f4xx_exti.o ABSOLUTE
    ..\..\Libraries\STM32F4xx_StdPeriph_Driver\src\stm32f4xx_flash.c 0x00000000   Number         0  stm32f4xx_flash.o ABSOLUTE
    ..\..\Libraries\STM32F4xx_StdPeriph_Driver\src\stm32f4xx_flash_ramfunc.c 0x00000000   Number         0  stm32f4xx_flash_ramfunc.o ABSOLUTE
    ..\..\Libraries\STM32F4xx_StdPeriph_Driver\src\stm32f4xx_gpio.c 0x00000000   Number         0  stm32f4xx_gpio.o ABSOLUTE
    ..\..\Libraries\STM32F4xx_StdPeriph_Driver\src\stm32f4xx_iwdg.c 0x00000000   Number         0  stm32f4xx_iwdg.o ABSOLUTE
    ..\..\Libraries\STM32F4xx_StdPeriph_Driver\src\stm32f4xx_rcc.c 0x00000000   Number         0  stm32f4xx_rcc.o ABSOLUTE
    ..\..\Libraries\STM32F4xx_StdPeriph_Driver\src\stm32f4xx_syscfg.c 0x00000000   Number         0  stm32f4xx_syscfg.o ABSOLUTE
    ..\..\Libraries\STM32F4xx_StdPeriph_Driver\src\stm32f4xx_usart.c 0x00000000   Number         0  stm32f4xx_usart.o ABSOLUTE
    ..\..\Libraries\STM32F4xx_StdPeriph_Driver\src\stm32f4xx_wwdg.c 0x00000000   Number         0  stm32f4xx_wwdg.o ABSOLUTE
    ..\..\User\app\exit\app_exit.c           0x00000000   Number         0  app_exit.o ABSOLUTE
    ..\..\User\app\iap\app_iap.c             0x00000000   Number         0  app_iap.o ABSOLUTE
    ..\..\User\app\init\app_init.c           0x00000000   Number         0  app_init.o ABSOLUTE
    ..\..\User\app\led\app_led.c             0x00000000   Number         0  app_led.o ABSOLUTE
    ..\..\User\bsp\delay\bsp_delay.c         0x00000000   Number         0  bsp_delay.o ABSOLUTE
    ..\..\User\bsp\flash\bsp_flash.c         0x00000000   Number         0  bsp_flash.o ABSOLUTE
    ..\..\User\bsp\iap\bsp_iap.c             0x00000000   Number         0  bsp_iap.o ABSOLUTE
    ..\..\User\bsp\iwwdg\bsp_iwwdg.c         0x00000000   Number         0  bsp_iwwdg.o ABSOLUTE
    ..\..\User\bsp\key\bsp_key.c             0x00000000   Number         0  bsp_key.o ABSOLUTE
    ..\..\User\bsp\led\bsp_led.c             0x00000000   Number         0  bsp_led.o ABSOLUTE
    ..\..\User\bsp\sys\sys.c                 0x00000000   Number         0  sys.o ABSOLUTE
    ..\..\User\bsp\usart\bsp_debug_usart.c   0x00000000   Number         0  bsp_debug_usart.o ABSOLUTE
    ..\..\User\hal\delay\hal_delay.c         0x00000000   Number         0  hal_delay.o ABSOLUTE
    ..\..\User\hal\flash\hal_flash.c         0x00000000   Number         0  hal_flash.o ABSOLUTE
    ..\..\User\hal\iap\hal_iap.c             0x00000000   Number         0  hal_iap.o ABSOLUTE
    ..\..\User\hal\key\hal_key.c             0x00000000   Number         0  hal_key.o ABSOLUTE
    ..\..\User\hal\led\hal_led.c             0x00000000   Number         0  hal_led.o ABSOLUTE
    ..\..\User\hal\usart\hal_debug_usart.c   0x00000000   Number         0  hal_debug_usart.o ABSOLUTE
    ..\..\User\main.c                        0x00000000   Number         0  main.o ABSOLUTE
    ..\..\User\stm32f4xx_it.c                0x00000000   Number         0  stm32f4xx_it.o ABSOLUTE
    ..\\..\\Libraries\\CMSIS\\Device\\ST\\STM32F4xx\\Source\\Templates\\system_stm32f4xx.c 0x00000000   Number         0  system_stm32f4xx.o ABSOLUTE
    ..\\..\\Libraries\\STM32F4xx_StdPeriph_Driver\\src\\misc.c 0x00000000   Number         0  misc.o ABSOLUTE
    ..\\..\\Libraries\\STM32F4xx_StdPeriph_Driver\\src\\stm32f4xx_exti.c 0x00000000   Number         0  stm32f4xx_exti.o ABSOLUTE
    ..\\..\\Libraries\\STM32F4xx_StdPeriph_Driver\\src\\stm32f4xx_flash.c 0x00000000   Number         0  stm32f4xx_flash.o ABSOLUTE
    ..\\..\\Libraries\\STM32F4xx_StdPeriph_Driver\\src\\stm32f4xx_flash_ramfunc.c 0x00000000   Number         0  stm32f4xx_flash_ramfunc.o ABSOLUTE
    ..\\..\\Libraries\\STM32F4xx_StdPeriph_Driver\\src\\stm32f4xx_gpio.c 0x00000000   Number         0  stm32f4xx_gpio.o ABSOLUTE
    ..\\..\\Libraries\\STM32F4xx_StdPeriph_Driver\\src\\stm32f4xx_iwdg.c 0x00000000   Number         0  stm32f4xx_iwdg.o ABSOLUTE
    ..\\..\\Libraries\\STM32F4xx_StdPeriph_Driver\\src\\stm32f4xx_rcc.c 0x00000000   Number         0  stm32f4xx_rcc.o ABSOLUTE
    ..\\..\\Libraries\\STM32F4xx_StdPeriph_Driver\\src\\stm32f4xx_syscfg.c 0x00000000   Number         0  stm32f4xx_syscfg.o ABSOLUTE
    ..\\..\\Libraries\\STM32F4xx_StdPeriph_Driver\\src\\stm32f4xx_usart.c 0x00000000   Number         0  stm32f4xx_usart.o ABSOLUTE
    ..\\..\\Libraries\\STM32F4xx_StdPeriph_Driver\\src\\stm32f4xx_wwdg.c 0x00000000   Number         0  stm32f4xx_wwdg.o ABSOLUTE
    ..\\..\\User\\app\\exit\\app_exit.c      0x00000000   Number         0  app_exit.o ABSOLUTE
    ..\\..\\User\\app\\iap\\app_iap.c        0x00000000   Number         0  app_iap.o ABSOLUTE
    ..\\..\\User\\app\\init\\app_init.c      0x00000000   Number         0  app_init.o ABSOLUTE
    ..\\..\\User\\bsp\\delay\\bsp_delay.c    0x00000000   Number         0  bsp_delay.o ABSOLUTE
    ..\\..\\User\\bsp\\flash\\bsp_flash.c    0x00000000   Number         0  bsp_flash.o ABSOLUTE
    ..\\..\\User\\bsp\\iap\\bsp_iap.c        0x00000000   Number         0  bsp_iap.o ABSOLUTE
    ..\\..\\User\\bsp\\iwwdg\\bsp_iwwdg.c    0x00000000   Number         0  bsp_iwwdg.o ABSOLUTE
    ..\\..\\User\\bsp\\key\\bsp_key.c        0x00000000   Number         0  bsp_key.o ABSOLUTE
    ..\\..\\User\\bsp\\led\\bsp_led.c        0x00000000   Number         0  bsp_led.o ABSOLUTE
    ..\\..\\User\\bsp\\sys\\sys.c            0x00000000   Number         0  sys.o ABSOLUTE
    ..\\..\\User\\bsp\\usart\\bsp_debug_usart.c 0x00000000   Number         0  bsp_debug_usart.o ABSOLUTE
    ..\\..\\User\\hal\\delay\\hal_delay.c    0x00000000   Number         0  hal_delay.o ABSOLUTE
    ..\\..\\User\\hal\\flash\\hal_flash.c    0x00000000   Number         0  hal_flash.o ABSOLUTE
    ..\\..\\User\\hal\\iap\\hal_iap.c        0x00000000   Number         0  hal_iap.o ABSOLUTE
    ..\\..\\User\\hal\\key\\hal_key.c        0x00000000   Number         0  hal_key.o ABSOLUTE
    ..\\..\\User\\hal\\led\\hal_led.c        0x00000000   Number         0  hal_led.o ABSOLUTE
    ..\\..\\User\\hal\\usart\\hal_debug_usart.c 0x00000000   Number         0  hal_debug_usart.o ABSOLUTE
    ..\\..\\User\\stm32f4xx_it.c             0x00000000   Number         0  stm32f4xx_it.o ABSOLUTE
    cdrcmple.s                               0x00000000   Number         0  cdrcmple.o ABSOLUTE
    dc.s                                     0x00000000   Number         0  dc.o ABSOLUTE
    handlers.s                               0x00000000   Number         0  handlers.o ABSOLUTE
    init.s                                   0x00000000   Number         0  init.o ABSOLUTE
    RESET                                    0x08000000   Section      392  startup_stm32f40xx.o(RESET)
    .ARM.Collect$$$$00000000                 0x08000188   Section        0  entry.o(.ARM.Collect$$$$00000000)
    .ARM.Collect$$$$00000001                 0x08000188   Section        4  entry2.o(.ARM.Collect$$$$00000001)
    .ARM.Collect$$$$00000004                 0x0800018c   Section        4  entry5.o(.ARM.Collect$$$$00000004)
    .ARM.Collect$$$$00000008                 0x08000190   Section        0  entry7b.o(.ARM.Collect$$$$00000008)
    .ARM.Collect$$$$0000000A                 0x08000190   Section        0  entry8b.o(.ARM.Collect$$$$0000000A)
    .ARM.Collect$$$$0000000B                 0x08000190   Section        8  entry9a.o(.ARM.Collect$$$$0000000B)
    .ARM.Collect$$$$0000000E                 0x08000198   Section        4  entry12b.o(.ARM.Collect$$$$0000000E)
    .ARM.Collect$$$$0000000F                 0x0800019c   Section        0  entry10a.o(.ARM.Collect$$$$0000000F)
    .ARM.Collect$$$$00000011                 0x0800019c   Section        0  entry11a.o(.ARM.Collect$$$$00000011)
    .ARM.Collect$$$$00002712                 0x0800019c   Section        4  entry2.o(.ARM.Collect$$$$00002712)
    __lit__00000000                          0x0800019c   Data           4  entry2.o(.ARM.Collect$$$$00002712)
    .text                                    0x080001a0   Section       36  startup_stm32f40xx.o(.text)
    $v0                                      0x080001a0   Number         0  startup_stm32f40xx.o(.text)
    .text                                    0x080001c4   Section        0  memcpya.o(.text)
    .text                                    0x080001e8   Section        0  memcmp.o(.text)
    .text                                    0x08000202   Section        0  uldiv.o(.text)
    .text                                    0x08000264   Section       36  init.o(.text)
    .text                                    0x08000288   Section        0  llshl.o(.text)
    .text                                    0x080002a6   Section        0  llushr.o(.text)
    i.App_Debug_Usart_RXEN_IRQHandler        0x080002c8   Section        0  app_exit.o(i.App_Debug_Usart_RXEN_IRQHandler)
    i.App_HW_Init                            0x080002e4   Section        0  app_init.o(i.App_HW_Init)
    i.App_IAP_Bsp_Init                       0x08000324   Section        0  app_iap.o(i.App_IAP_Bsp_Init)
    i.App_IAP_Show_BootInfo                  0x08000334   Section        0  app_iap.o(i.App_IAP_Show_BootInfo)
    i.App_IAP_Task                           0x080004fc   Section        0  app_iap.o(i.App_IAP_Task)
    i.App_SW_Init                            0x0800053c   Section        0  app_init.o(i.App_SW_Init)
    i.App_SysParam_CheckSum                  0x0800053e   Section        0  app_iap.o(i.App_SysParam_CheckSum)
    i.App_System_ParamReadCheck              0x08000558   Section        0  app_iap.o(i.App_System_ParamReadCheck)
    i.App_System_Sel_BootAddr                0x0800080c   Section        0  app_iap.o(i.App_System_Sel_BootAddr)
    i.App_Update_SysParam2Flash              0x0800098c   Section        0  app_iap.o(i.App_Update_SysParam2Flash)
    i.Bsp_Clear_AllIRQ_Pending               0x080009a8   Section        0  bsp_iap.o(i.Bsp_Clear_AllIRQ_Pending)
    i.Bsp_Earse_Flash_Size                   0x080009c4   Section        0  bsp_flash.o(i.Bsp_Earse_Flash_Size)
    i.Bsp_Flash_Read_Len                     0x08000a24   Section        0  bsp_flash.o(i.Bsp_Flash_Read_Len)
    i.Bsp_Flash_Write_Len                    0x08000a3c   Section        0  bsp_flash.o(i.Bsp_Flash_Write_Len)
    i.Bsp_Get_Flash_Sector                   0x08000a90   Section        0  bsp_flash.o(i.Bsp_Get_Flash_Sector)
    i.Bsp_Jump_2_App                         0x08000b5c   Section        0  bsp_iap.o(i.Bsp_Jump_2_App)
    i.Bsp_Key_Init                           0x08000b84   Section        0  bsp_key.o(i.Bsp_Key_Init)
    i.Bsp_Led_Init                           0x08000bb4   Section        0  bsp_led.o(i.Bsp_Led_Init)
    i.Bsp_Per_DeInit                         0x08000bf4   Section        0  bsp_iap.o(i.Bsp_Per_DeInit)
    i.Bsp_SysTick_DeInit                     0x08000c20   Section        0  bsp_iap.o(i.Bsp_SysTick_DeInit)
    i.BusFault_Handler                       0x08000c2e   Section        0  stm32f4xx_it.o(i.BusFault_Handler)
    i.DebugMon_Handler                       0x08000c30   Section        0  stm32f4xx_it.o(i.DebugMon_Handler)
    i.Debug_USART_Config                     0x08000c34   Section        0  bsp_debug_usart.o(i.Debug_USART_Config)
    i.Debug_USART_NVIC_Cfg                   0x08000cd8   Section        0  bsp_debug_usart.o(i.Debug_USART_NVIC_Cfg)
    i.Debug_USART_RecData                    0x08000cf8   Section        0  bsp_debug_usart.o(i.Debug_USART_RecData)
    i.Delay_Init                             0x08000d18   Section        0  bsp_delay.o(i.Delay_Init)
    i.EXTI1_IRQHandler                       0x08000d44   Section        0  stm32f4xx_it.o(i.EXTI1_IRQHandler)
    i.EXTI4_IRQHandler                       0x08000d46   Section        0  stm32f4xx_it.o(i.EXTI4_IRQHandler)
    i.FLASH_ClearFlag                        0x08000d48   Section        0  stm32f4xx_flash.o(i.FLASH_ClearFlag)
    i.FLASH_EraseSector                      0x08000d54   Section        0  stm32f4xx_flash.o(i.FLASH_EraseSector)
    i.FLASH_GetStatus                        0x08000dc4   Section        0  stm32f4xx_flash.o(i.FLASH_GetStatus)
    i.FLASH_Lock                             0x08000e00   Section        0  stm32f4xx_flash.o(i.FLASH_Lock)
    i.FLASH_ProgramByte                      0x08000e10   Section        0  stm32f4xx_flash.o(i.FLASH_ProgramByte)
    i.FLASH_Unlock                           0x08000e48   Section        0  stm32f4xx_flash.o(i.FLASH_Unlock)
    i.FLASH_WaitForLastOperation             0x08000e6c   Section        0  stm32f4xx_flash.o(i.FLASH_WaitForLastOperation)
    i.GPIO_Init                              0x08000e8e   Section        0  stm32f4xx_gpio.o(i.GPIO_Init)
    i.GPIO_PinAFConfig                       0x08000f0a   Section        0  stm32f4xx_gpio.o(i.GPIO_PinAFConfig)
    i.GPIO_SetBits                           0x08000f2a   Section        0  stm32f4xx_gpio.o(i.GPIO_SetBits)
    i.Hal_Debug_Usart_Config                 0x08000f2e   Section        0  hal_debug_usart.o(i.Hal_Debug_Usart_Config)
    i.Hal_Debug_Usart_RecData                0x08000f3c   Section        0  hal_debug_usart.o(i.Hal_Debug_Usart_RecData)
    i.Hal_Delay_Init                         0x08000f40   Section        0  hal_delay.o(i.Hal_Delay_Init)
    i.Hal_Earse_Flash_Size                   0x08000f44   Section        0  hal_flash.o(i.Hal_Earse_Flash_Size)
    i.Hal_Flash_Read_Len                     0x08000fd0   Section        0  hal_flash.o(i.Hal_Flash_Read_Len)
    i.Hal_Flash_Write_Len                    0x0800105c   Section        0  hal_flash.o(i.Hal_Flash_Write_Len)
    i.Hal_Jump_2_App                         0x080010ec   Section        0  hal_iap.o(i.Hal_Jump_2_App)
    i.Hal_Key_Init                           0x080010f0   Section        0  hal_key.o(i.Hal_Key_Init)
    i.Hal_Led_Init                           0x080010f4   Section        0  hal_led.o(i.Hal_Led_Init)
    i.HardFault_Handler                      0x080010f8   Section        0  stm32f4xx_it.o(i.HardFault_Handler)
    i.I2C1_ER_IRQHandler                     0x080010fa   Section        0  stm32f4xx_it.o(i.I2C1_ER_IRQHandler)
    i.I2C1_EV_IRQHandler                     0x080010fc   Section        0  stm32f4xx_it.o(i.I2C1_EV_IRQHandler)
    i.MemManage_Handler                      0x080010fe   Section        0  stm32f4xx_it.o(i.MemManage_Handler)
    i.NMI_Handler                            0x08001100   Section        0  stm32f4xx_it.o(i.NMI_Handler)
    i.NVIC_Init                              0x08001104   Section        0  misc.o(i.NVIC_Init)
    i.NVIC_PriorityGroupConfig               0x0800116c   Section        0  misc.o(i.NVIC_PriorityGroupConfig)
    i.PendSV_Handler                         0x08001180   Section        0  stm32f4xx_it.o(i.PendSV_Handler)
    i.RCC_AHB1PeriphClockCmd                 0x08001184   Section        0  stm32f4xx_rcc.o(i.RCC_AHB1PeriphClockCmd)
    i.RCC_APB2PeriphClockCmd                 0x080011a0   Section        0  stm32f4xx_rcc.o(i.RCC_APB2PeriphClockCmd)
    i.RCC_GetClocksFreq                      0x080011bc   Section        0  stm32f4xx_rcc.o(i.RCC_GetClocksFreq)
    i.RTC_Alarm_IRQHandler                   0x0800125c   Section        0  stm32f4xx_it.o(i.RTC_Alarm_IRQHandler)
    i.SDIO_IRQHandler                        0x0800125e   Section        0  stm32f4xx_it.o(i.SDIO_IRQHandler)
    i.SVC_Handler                            0x08001260   Section        0  stm32f4xx_it.o(i.SVC_Handler)
    i.SetSysClock                            0x08001264   Section        0  system_stm32f4xx.o(i.SetSysClock)
    SetSysClock                              0x08001265   Thumb Code   168  system_stm32f4xx.o(i.SetSysClock)
    i.SysTick_CLKSourceConfig                0x0800131c   Section        0  misc.o(i.SysTick_CLKSourceConfig)
    i.SysTick_Handler                        0x08001338   Section        0  stm32f4xx_it.o(i.SysTick_Handler)
    i.SystemInit                             0x0800133c   Section        0  system_stm32f4xx.o(i.SystemInit)
    i.USART1_IRQHandler                      0x08001398   Section        0  stm32f4xx_it.o(i.USART1_IRQHandler)
    i.USART_ClearITPendingBit                0x080013c0   Section        0  stm32f4xx_usart.o(i.USART_ClearITPendingBit)
    i.USART_Cmd                              0x080013d0   Section        0  stm32f4xx_usart.o(i.USART_Cmd)
    i.USART_GetFlagStatus                    0x080013e8   Section        0  stm32f4xx_usart.o(i.USART_GetFlagStatus)
    i.USART_GetITStatus                      0x080013f6   Section        0  stm32f4xx_usart.o(i.USART_GetITStatus)
    i.USART_ITConfig                         0x08001436   Section        0  stm32f4xx_usart.o(i.USART_ITConfig)
    i.USART_Init                             0x0800146c   Section        0  stm32f4xx_usart.o(i.USART_Init)
    i.USART_ReceiveData                      0x08001528   Section        0  stm32f4xx_usart.o(i.USART_ReceiveData)
    i.USART_SendData                         0x08001530   Section        0  stm32f4xx_usart.o(i.USART_SendData)
    i.UsageFault_Handler                     0x08001538   Section        0  stm32f4xx_it.o(i.UsageFault_Handler)
    i.WWDG_IRQHandler                        0x0800153a   Section        0  stm32f4xx_it.o(i.WWDG_IRQHandler)
    i.__0printf$8                            0x0800153c   Section        0  printf8.o(i.__0printf$8)
    i.__scatterload_copy                     0x0800155c   Section       14  handlers.o(i.__scatterload_copy)
    i.__scatterload_null                     0x0800156a   Section        2  handlers.o(i.__scatterload_null)
    i.__scatterload_zeroinit                 0x0800156c   Section       14  handlers.o(i.__scatterload_zeroinit)
    i._printf_core                           0x0800157c   Section        0  printf8.o(i._printf_core)
    _printf_core                             0x0800157d   Thumb Code   984  printf8.o(i._printf_core)
    i._printf_post_padding                   0x08001980   Section        0  printf8.o(i._printf_post_padding)
    _printf_post_padding                     0x08001981   Thumb Code    36  printf8.o(i._printf_post_padding)
    i._printf_pre_padding                    0x080019a4   Section        0  printf8.o(i._printf_pre_padding)
    _printf_pre_padding                      0x080019a5   Thumb Code    46  printf8.o(i._printf_pre_padding)
    i.fputc                                  0x080019d4   Section        0  bsp_debug_usart.o(i.fputc)
    i.main                                   0x080019f8   Section        0  main.o(i.main)
    .constdata                               0x08001a06   Section       60  hal_flash.o(.constdata)
    __func__                                 0x08001a06   Data          19  hal_flash.o(.constdata)
    __func__                                 0x08001a19   Data          20  hal_flash.o(.constdata)
    __func__                                 0x08001a2d   Data          21  hal_flash.o(.constdata)
    .constdata                               0x08001a42   Section       12  app_init.o(.constdata)
    __func__                                 0x08001a42   Data          12  app_init.o(.constdata)
    .conststring                             0x08001a50   Section       67  app_init.o(.conststring)
    .conststring                             0x08001a94   Section      586  app_iap.o(.conststring)
    .data                                    0x20000000   Section       16  stm32f4xx_rcc.o(.data)
    APBAHBPrescTable                         0x20000000   Data          16  stm32f4xx_rcc.o(.data)
    .data                                    0x20000010   Section        4  bsp_delay.o(.data)
    fac_us                                   0x20000010   Data           1  bsp_delay.o(.data)
    fac_ms                                   0x20000012   Data           2  bsp_delay.o(.data)
    .data                                    0x20000014   Section        4  app_exit.o(.data)
    app_buf_count                            0x20000014   Data           4  app_exit.o(.data)
    .data                                    0x20000018   Section       25  app_iap.o(.data)
    .data                                    0x20000034   Section        4  stdout.o(.data)
    .bss                                     0x20000038   Section    40960  app_iap.o(.bss)
    STACK                                    0x2000a038   Section     1024  startup_stm32f40xx.o(STACK)

    Global Symbols

    Symbol Name                              Value     Ov Type        Size  Object(Section)

    BuildAttributes$$THM_ISAv4$E$P$D$K$B$S$7EM$VFPi3$EXTD16$VFPS$VFMA$PE$A:L22UL41UL21$X:L11$S22US41US21$IEEE1$IW$USESV6$~STKCKD$USESV7$~SHL$OSPACE$ROPI$EBA8$MICROLIB$REQ8$PRES8$EABIv2 0x00000000   Number         0  anon$$obj.o ABSOLUTE
    __ARM_use_no_argv                        0x00000000   Number         0  main.o ABSOLUTE
    _printf_a                                0x00000000   Number         0  stubs.o ABSOLUTE
    _printf_c                                0x00000000   Number         0  stubs.o ABSOLUTE
    _printf_charcount                        0x00000000   Number         0  stubs.o ABSOLUTE
    _printf_d                                0x00000000   Number         0  stubs.o ABSOLUTE
    _printf_e                                0x00000000   Number         0  stubs.o ABSOLUTE
    _printf_f                                0x00000000   Number         0  stubs.o ABSOLUTE
    _printf_flags                            0x00000000   Number         0  stubs.o ABSOLUTE
    _printf_fp_dec                           0x00000000   Number         0  stubs.o ABSOLUTE
    _printf_fp_hex                           0x00000000   Number         0  stubs.o ABSOLUTE
    _printf_g                                0x00000000   Number         0  stubs.o ABSOLUTE
    _printf_i                                0x00000000   Number         0  stubs.o ABSOLUTE
    _printf_int_dec                          0x00000000   Number         0  stubs.o ABSOLUTE
    _printf_l                                0x00000000   Number         0  stubs.o ABSOLUTE
    _printf_lc                               0x00000000   Number         0  stubs.o ABSOLUTE
    _printf_ll                               0x00000000   Number         0  stubs.o ABSOLUTE
    _printf_lld                              0x00000000   Number         0  stubs.o ABSOLUTE
    _printf_lli                              0x00000000   Number         0  stubs.o ABSOLUTE
    _printf_llo                              0x00000000   Number         0  stubs.o ABSOLUTE
    _printf_llu                              0x00000000   Number         0  stubs.o ABSOLUTE
    _printf_llx                              0x00000000   Number         0  stubs.o ABSOLUTE
    _printf_longlong_dec                     0x00000000   Number         0  stubs.o ABSOLUTE
    _printf_longlong_hex                     0x00000000   Number         0  stubs.o ABSOLUTE
    _printf_longlong_oct                     0x00000000   Number         0  stubs.o ABSOLUTE
    _printf_ls                               0x00000000   Number         0  stubs.o ABSOLUTE
    _printf_mbtowc                           0x00000000   Number         0  stubs.o ABSOLUTE
    _printf_n                                0x00000000   Number         0  stubs.o ABSOLUTE
    _printf_o                                0x00000000   Number         0  stubs.o ABSOLUTE
    _printf_p                                0x00000000   Number         0  stubs.o ABSOLUTE
    _printf_percent                          0x00000000   Number         0  stubs.o ABSOLUTE
    _printf_pre_padding                      0x00000000   Number         0  stubs.o ABSOLUTE
    _printf_return_value                     0x00000000   Number         0  stubs.o ABSOLUTE
    _printf_s                                0x00000000   Number         0  stubs.o ABSOLUTE
    _printf_sizespec                         0x00000000   Number         0  stubs.o ABSOLUTE
    _printf_str                              0x00000000   Number         0  stubs.o ABSOLUTE
    _printf_truncate_signed                  0x00000000   Number         0  stubs.o ABSOLUTE
    _printf_truncate_unsigned                0x00000000   Number         0  stubs.o ABSOLUTE
    _printf_u                                0x00000000   Number         0  stubs.o ABSOLUTE
    _printf_wc                               0x00000000   Number         0  stubs.o ABSOLUTE
    _printf_wctomb                           0x00000000   Number         0  stubs.o ABSOLUTE
    _printf_widthprec                        0x00000000   Number         0  stubs.o ABSOLUTE
    _printf_x                                0x00000000   Number         0  stubs.o ABSOLUTE
    __arm_fini_                               - Undefined Weak Reference
    __cpp_initialize__aeabi_                  - Undefined Weak Reference
    __cxa_finalize                            - Undefined Weak Reference
    __decompress                              - Undefined Weak Reference
    _clock_init                               - Undefined Weak Reference
    _microlib_exit                            - Undefined Weak Reference
    __Vectors_Size                           0x00000188   Number         0  startup_stm32f40xx.o ABSOLUTE
    __Vectors                                0x08000000   Data           4  startup_stm32f40xx.o(RESET)
    __Vectors_End                            0x08000188   Data           0  startup_stm32f40xx.o(RESET)
    __main                                   0x08000189   Thumb Code     0  entry.o(.ARM.Collect$$$$00000000)
    _main_stk                                0x08000189   Thumb Code     0  entry2.o(.ARM.Collect$$$$00000001)
    _main_scatterload                        0x0800018d   Thumb Code     0  entry5.o(.ARM.Collect$$$$00000004)
    __main_after_scatterload                 0x08000191   Thumb Code     0  entry5.o(.ARM.Collect$$$$00000004)
    _main_clock                              0x08000191   Thumb Code     0  entry7b.o(.ARM.Collect$$$$00000008)
    _main_cpp_init                           0x08000191   Thumb Code     0  entry8b.o(.ARM.Collect$$$$0000000A)
    _main_init                               0x08000191   Thumb Code     0  entry9a.o(.ARM.Collect$$$$0000000B)
    __rt_lib_shutdown_fini                   0x08000199   Thumb Code     0  entry12b.o(.ARM.Collect$$$$0000000E)
    __rt_final_cpp                           0x0800019d   Thumb Code     0  entry10a.o(.ARM.Collect$$$$0000000F)
    __rt_final_exit                          0x0800019d   Thumb Code     0  entry11a.o(.ARM.Collect$$$$00000011)
    Reset_Handler                            0x080001a1   Thumb Code     8  startup_stm32f40xx.o(.text)
    ADC_IRQHandler                           0x080001bb   Thumb Code     0  startup_stm32f40xx.o(.text)
    CAN1_RX0_IRQHandler                      0x080001bb   Thumb Code     0  startup_stm32f40xx.o(.text)
    CAN1_RX1_IRQHandler                      0x080001bb   Thumb Code     0  startup_stm32f40xx.o(.text)
    CAN1_SCE_IRQHandler                      0x080001bb   Thumb Code     0  startup_stm32f40xx.o(.text)
    CAN1_TX_IRQHandler                       0x080001bb   Thumb Code     0  startup_stm32f40xx.o(.text)
    CAN2_RX0_IRQHandler                      0x080001bb   Thumb Code     0  startup_stm32f40xx.o(.text)
    CAN2_RX1_IRQHandler                      0x080001bb   Thumb Code     0  startup_stm32f40xx.o(.text)
    CAN2_SCE_IRQHandler                      0x080001bb   Thumb Code     0  startup_stm32f40xx.o(.text)
    CAN2_TX_IRQHandler                       0x080001bb   Thumb Code     0  startup_stm32f40xx.o(.text)
    CRYP_IRQHandler                          0x080001bb   Thumb Code     0  startup_stm32f40xx.o(.text)
    DCMI_IRQHandler                          0x080001bb   Thumb Code     0  startup_stm32f40xx.o(.text)
    DMA1_Stream0_IRQHandler                  0x080001bb   Thumb Code     0  startup_stm32f40xx.o(.text)
    DMA1_Stream1_IRQHandler                  0x080001bb   Thumb Code     0  startup_stm32f40xx.o(.text)
    DMA1_Stream2_IRQHandler                  0x080001bb   Thumb Code     0  startup_stm32f40xx.o(.text)
    DMA1_Stream3_IRQHandler                  0x080001bb   Thumb Code     0  startup_stm32f40xx.o(.text)
    DMA1_Stream4_IRQHandler                  0x080001bb   Thumb Code     0  startup_stm32f40xx.o(.text)
    DMA1_Stream5_IRQHandler                  0x080001bb   Thumb Code     0  startup_stm32f40xx.o(.text)
    DMA1_Stream6_IRQHandler                  0x080001bb   Thumb Code     0  startup_stm32f40xx.o(.text)
    DMA1_Stream7_IRQHandler                  0x080001bb   Thumb Code     0  startup_stm32f40xx.o(.text)
    DMA2_Stream0_IRQHandler                  0x080001bb   Thumb Code     0  startup_stm32f40xx.o(.text)
    DMA2_Stream1_IRQHandler                  0x080001bb   Thumb Code     0  startup_stm32f40xx.o(.text)
    DMA2_Stream2_IRQHandler                  0x080001bb   Thumb Code     0  startup_stm32f40xx.o(.text)
    DMA2_Stream3_IRQHandler                  0x080001bb   Thumb Code     0  startup_stm32f40xx.o(.text)
    DMA2_Stream4_IRQHandler                  0x080001bb   Thumb Code     0  startup_stm32f40xx.o(.text)
    DMA2_Stream5_IRQHandler                  0x080001bb   Thumb Code     0  startup_stm32f40xx.o(.text)
    DMA2_Stream6_IRQHandler                  0x080001bb   Thumb Code     0  startup_stm32f40xx.o(.text)
    DMA2_Stream7_IRQHandler                  0x080001bb   Thumb Code     0  startup_stm32f40xx.o(.text)
    ETH_IRQHandler                           0x080001bb   Thumb Code     0  startup_stm32f40xx.o(.text)
    ETH_WKUP_IRQHandler                      0x080001bb   Thumb Code     0  startup_stm32f40xx.o(.text)
    EXTI0_IRQHandler                         0x080001bb   Thumb Code     0  startup_stm32f40xx.o(.text)
    EXTI15_10_IRQHandler                     0x080001bb   Thumb Code     0  startup_stm32f40xx.o(.text)
    EXTI2_IRQHandler                         0x080001bb   Thumb Code     0  startup_stm32f40xx.o(.text)
    EXTI3_IRQHandler                         0x080001bb   Thumb Code     0  startup_stm32f40xx.o(.text)
    EXTI9_5_IRQHandler                       0x080001bb   Thumb Code     0  startup_stm32f40xx.o(.text)
    FLASH_IRQHandler                         0x080001bb   Thumb Code     0  startup_stm32f40xx.o(.text)
    FPU_IRQHandler                           0x080001bb   Thumb Code     0  startup_stm32f40xx.o(.text)
    FSMC_IRQHandler                          0x080001bb   Thumb Code     0  startup_stm32f40xx.o(.text)
    HASH_RNG_IRQHandler                      0x080001bb   Thumb Code     0  startup_stm32f40xx.o(.text)
    I2C2_ER_IRQHandler                       0x080001bb   Thumb Code     0  startup_stm32f40xx.o(.text)
    I2C2_EV_IRQHandler                       0x080001bb   Thumb Code     0  startup_stm32f40xx.o(.text)
    I2C3_ER_IRQHandler                       0x080001bb   Thumb Code     0  startup_stm32f40xx.o(.text)
    I2C3_EV_IRQHandler                       0x080001bb   Thumb Code     0  startup_stm32f40xx.o(.text)
    OTG_FS_IRQHandler                        0x080001bb   Thumb Code     0  startup_stm32f40xx.o(.text)
    OTG_FS_WKUP_IRQHandler                   0x080001bb   Thumb Code     0  startup_stm32f40xx.o(.text)
    OTG_HS_EP1_IN_IRQHandler                 0x080001bb   Thumb Code     0  startup_stm32f40xx.o(.text)
    OTG_HS_EP1_OUT_IRQHandler                0x080001bb   Thumb Code     0  startup_stm32f40xx.o(.text)
    OTG_HS_IRQHandler                        0x080001bb   Thumb Code     0  startup_stm32f40xx.o(.text)
    OTG_HS_WKUP_IRQHandler                   0x080001bb   Thumb Code     0  startup_stm32f40xx.o(.text)
    PVD_IRQHandler                           0x080001bb   Thumb Code     0  startup_stm32f40xx.o(.text)
    RCC_IRQHandler                           0x080001bb   Thumb Code     0  startup_stm32f40xx.o(.text)
    RTC_WKUP_IRQHandler                      0x080001bb   Thumb Code     0  startup_stm32f40xx.o(.text)
    SPI1_IRQHandler                          0x080001bb   Thumb Code     0  startup_stm32f40xx.o(.text)
    SPI2_IRQHandler                          0x080001bb   Thumb Code     0  startup_stm32f40xx.o(.text)
    SPI3_IRQHandler                          0x080001bb   Thumb Code     0  startup_stm32f40xx.o(.text)
    TAMP_STAMP_IRQHandler                    0x080001bb   Thumb Code     0  startup_stm32f40xx.o(.text)
    TIM1_BRK_TIM9_IRQHandler                 0x080001bb   Thumb Code     0  startup_stm32f40xx.o(.text)
    TIM1_CC_IRQHandler                       0x080001bb   Thumb Code     0  startup_stm32f40xx.o(.text)
    TIM1_TRG_COM_TIM11_IRQHandler            0x080001bb   Thumb Code     0  startup_stm32f40xx.o(.text)
    TIM1_UP_TIM10_IRQHandler                 0x080001bb   Thumb Code     0  startup_stm32f40xx.o(.text)
    TIM2_IRQHandler                          0x080001bb   Thumb Code     0  startup_stm32f40xx.o(.text)
    TIM3_IRQHandler                          0x080001bb   Thumb Code     0  startup_stm32f40xx.o(.text)
    TIM4_IRQHandler                          0x080001bb   Thumb Code     0  startup_stm32f40xx.o(.text)
    TIM5_IRQHandler                          0x080001bb   Thumb Code     0  startup_stm32f40xx.o(.text)
    TIM6_DAC_IRQHandler                      0x080001bb   Thumb Code     0  startup_stm32f40xx.o(.text)
    TIM7_IRQHandler                          0x080001bb   Thumb Code     0  startup_stm32f40xx.o(.text)
    TIM8_BRK_TIM12_IRQHandler                0x080001bb   Thumb Code     0  startup_stm32f40xx.o(.text)
    TIM8_CC_IRQHandler                       0x080001bb   Thumb Code     0  startup_stm32f40xx.o(.text)
    TIM8_TRG_COM_TIM14_IRQHandler            0x080001bb   Thumb Code     0  startup_stm32f40xx.o(.text)
    TIM8_UP_TIM13_IRQHandler                 0x080001bb   Thumb Code     0  startup_stm32f40xx.o(.text)
    UART4_IRQHandler                         0x080001bb   Thumb Code     0  startup_stm32f40xx.o(.text)
    UART5_IRQHandler                         0x080001bb   Thumb Code     0  startup_stm32f40xx.o(.text)
    USART2_IRQHandler                        0x080001bb   Thumb Code     0  startup_stm32f40xx.o(.text)
    USART3_IRQHandler                        0x080001bb   Thumb Code     0  startup_stm32f40xx.o(.text)
    USART6_IRQHandler                        0x080001bb   Thumb Code     0  startup_stm32f40xx.o(.text)
    __aeabi_memcpy                           0x080001c5   Thumb Code    36  memcpya.o(.text)
    __aeabi_memcpy4                          0x080001c5   Thumb Code     0  memcpya.o(.text)
    __aeabi_memcpy8                          0x080001c5   Thumb Code     0  memcpya.o(.text)
    memcmp                                   0x080001e9   Thumb Code    26  memcmp.o(.text)
    __aeabi_uldivmod                         0x08000203   Thumb Code    98  uldiv.o(.text)
    __scatterload                            0x08000265   Thumb Code    28  init.o(.text)
    __scatterload_rt2                        0x08000265   Thumb Code     0  init.o(.text)
    __aeabi_llsl                             0x08000289   Thumb Code    30  llshl.o(.text)
    _ll_shift_l                              0x08000289   Thumb Code     0  llshl.o(.text)
    __aeabi_llsr                             0x080002a7   Thumb Code    32  llushr.o(.text)
    _ll_ushift_r                             0x080002a7   Thumb Code     0  llushr.o(.text)
    App_Debug_Usart_RXEN_IRQHandler          0x080002c9   Thumb Code    20  app_exit.o(i.App_Debug_Usart_RXEN_IRQHandler)
    App_HW_Init                              0x080002e5   Thumb Code    56  app_init.o(i.App_HW_Init)
    App_IAP_Bsp_Init                         0x08000325   Thumb Code    14  app_iap.o(i.App_IAP_Bsp_Init)
    App_IAP_Show_BootInfo                    0x08000335   Thumb Code    84  app_iap.o(i.App_IAP_Show_BootInfo)
    App_IAP_Task                             0x080004fd   Thumb Code    38  app_iap.o(i.App_IAP_Task)
    App_SW_Init                              0x0800053d   Thumb Code     2  app_init.o(i.App_SW_Init)
    App_SysParam_CheckSum                    0x0800053f   Thumb Code    26  app_iap.o(i.App_SysParam_CheckSum)
    App_System_ParamReadCheck                0x08000559   Thumb Code   300  app_iap.o(i.App_System_ParamReadCheck)
    App_System_Sel_BootAddr                  0x0800080d   Thumb Code   154  app_iap.o(i.App_System_Sel_BootAddr)
    App_Update_SysParam2Flash                0x0800098d   Thumb Code    28  app_iap.o(i.App_Update_SysParam2Flash)
    Bsp_Clear_AllIRQ_Pending                 0x080009a9   Thumb Code    28  bsp_iap.o(i.Bsp_Clear_AllIRQ_Pending)
    Bsp_Earse_Flash_Size                     0x080009c5   Thumb Code    92  bsp_flash.o(i.Bsp_Earse_Flash_Size)
    Bsp_Flash_Read_Len                       0x08000a25   Thumb Code    22  bsp_flash.o(i.Bsp_Flash_Read_Len)
    Bsp_Flash_Write_Len                      0x08000a3d   Thumb Code    80  bsp_flash.o(i.Bsp_Flash_Write_Len)
    Bsp_Get_Flash_Sector                     0x08000a91   Thumb Code   158  bsp_flash.o(i.Bsp_Get_Flash_Sector)
    Bsp_Jump_2_App                           0x08000b5d   Thumb Code    40  bsp_iap.o(i.Bsp_Jump_2_App)
    Bsp_Key_Init                             0x08000b85   Thumb Code    42  bsp_key.o(i.Bsp_Key_Init)
    Bsp_Led_Init                             0x08000bb5   Thumb Code    58  bsp_led.o(i.Bsp_Led_Init)
    Bsp_Per_DeInit                           0x08000bf5   Thumb Code    40  bsp_iap.o(i.Bsp_Per_DeInit)
    Bsp_SysTick_DeInit                       0x08000c21   Thumb Code    14  bsp_iap.o(i.Bsp_SysTick_DeInit)
    BusFault_Handler                         0x08000c2f   Thumb Code     2  stm32f4xx_it.o(i.BusFault_Handler)
    DebugMon_Handler                         0x08000c31   Thumb Code     2  stm32f4xx_it.o(i.DebugMon_Handler)
    Debug_USART_Config                       0x08000c35   Thumb Code   154  bsp_debug_usart.o(i.Debug_USART_Config)
    Debug_USART_NVIC_Cfg                     0x08000cd9   Thumb Code    32  bsp_debug_usart.o(i.Debug_USART_NVIC_Cfg)
    Debug_USART_RecData                      0x08000cf9   Thumb Code    26  bsp_debug_usart.o(i.Debug_USART_RecData)
    Delay_Init                               0x08000d19   Thumb Code    38  bsp_delay.o(i.Delay_Init)
    EXTI1_IRQHandler                         0x08000d45   Thumb Code     2  stm32f4xx_it.o(i.EXTI1_IRQHandler)
    EXTI4_IRQHandler                         0x08000d47   Thumb Code     2  stm32f4xx_it.o(i.EXTI4_IRQHandler)
    FLASH_ClearFlag                          0x08000d49   Thumb Code     6  stm32f4xx_flash.o(i.FLASH_ClearFlag)
    FLASH_EraseSector                        0x08000d55   Thumb Code   106  stm32f4xx_flash.o(i.FLASH_EraseSector)
    FLASH_GetStatus                          0x08000dc5   Thumb Code    56  stm32f4xx_flash.o(i.FLASH_GetStatus)
    FLASH_Lock                               0x08000e01   Thumb Code    12  stm32f4xx_flash.o(i.FLASH_Lock)
    FLASH_ProgramByte                        0x08000e11   Thumb Code    52  stm32f4xx_flash.o(i.FLASH_ProgramByte)
    FLASH_Unlock                             0x08000e49   Thumb Code    22  stm32f4xx_flash.o(i.FLASH_Unlock)
    FLASH_WaitForLastOperation               0x08000e6d   Thumb Code    34  stm32f4xx_flash.o(i.FLASH_WaitForLastOperation)
    GPIO_Init                                0x08000e8f   Thumb Code   124  stm32f4xx_gpio.o(i.GPIO_Init)
    GPIO_PinAFConfig                         0x08000f0b   Thumb Code    32  stm32f4xx_gpio.o(i.GPIO_PinAFConfig)
    GPIO_SetBits                             0x08000f2b   Thumb Code     4  stm32f4xx_gpio.o(i.GPIO_SetBits)
    Hal_Debug_Usart_Config                   0x08000f2f   Thumb Code    14  hal_debug_usart.o(i.Hal_Debug_Usart_Config)
    Hal_Debug_Usart_RecData                  0x08000f3d   Thumb Code     4  hal_debug_usart.o(i.Hal_Debug_Usart_RecData)
    Hal_Delay_Init                           0x08000f41   Thumb Code     4  hal_delay.o(i.Hal_Delay_Init)
    Hal_Earse_Flash_Size                     0x08000f45   Thumb Code    56  hal_flash.o(i.Hal_Earse_Flash_Size)
    Hal_Flash_Read_Len                       0x08000fd1   Thumb Code    54  hal_flash.o(i.Hal_Flash_Read_Len)
    Hal_Flash_Write_Len                      0x0800105d   Thumb Code    60  hal_flash.o(i.Hal_Flash_Write_Len)
    Hal_Jump_2_App                           0x080010ed   Thumb Code     4  hal_iap.o(i.Hal_Jump_2_App)
    Hal_Key_Init                             0x080010f1   Thumb Code     4  hal_key.o(i.Hal_Key_Init)
    Hal_Led_Init                             0x080010f5   Thumb Code     4  hal_led.o(i.Hal_Led_Init)
    HardFault_Handler                        0x080010f9   Thumb Code     2  stm32f4xx_it.o(i.HardFault_Handler)
    I2C1_ER_IRQHandler                       0x080010fb   Thumb Code     2  stm32f4xx_it.o(i.I2C1_ER_IRQHandler)
    I2C1_EV_IRQHandler                       0x080010fd   Thumb Code     2  stm32f4xx_it.o(i.I2C1_EV_IRQHandler)
    MemManage_Handler                        0x080010ff   Thumb Code     2  stm32f4xx_it.o(i.MemManage_Handler)
    NMI_Handler                              0x08001101   Thumb Code     2  stm32f4xx_it.o(i.NMI_Handler)
    NVIC_Init                                0x08001105   Thumb Code    98  misc.o(i.NVIC_Init)
    NVIC_PriorityGroupConfig                 0x0800116d   Thumb Code    10  misc.o(i.NVIC_PriorityGroupConfig)
    PendSV_Handler                           0x08001181   Thumb Code     2  stm32f4xx_it.o(i.PendSV_Handler)
    RCC_AHB1PeriphClockCmd                   0x08001185   Thumb Code    22  stm32f4xx_rcc.o(i.RCC_AHB1PeriphClockCmd)
    RCC_APB2PeriphClockCmd                   0x080011a1   Thumb Code    22  stm32f4xx_rcc.o(i.RCC_APB2PeriphClockCmd)
    RCC_GetClocksFreq                        0x080011bd   Thumb Code   148  stm32f4xx_rcc.o(i.RCC_GetClocksFreq)
    RTC_Alarm_IRQHandler                     0x0800125d   Thumb Code     2  stm32f4xx_it.o(i.RTC_Alarm_IRQHandler)
    SDIO_IRQHandler                          0x0800125f   Thumb Code     2  stm32f4xx_it.o(i.SDIO_IRQHandler)
    SVC_Handler                              0x08001261   Thumb Code     2  stm32f4xx_it.o(i.SVC_Handler)
    SysTick_CLKSourceConfig                  0x0800131d   Thumb Code    28  misc.o(i.SysTick_CLKSourceConfig)
    SysTick_Handler                          0x08001339   Thumb Code     2  stm32f4xx_it.o(i.SysTick_Handler)
    SystemInit                               0x0800133d   Thumb Code    74  system_stm32f4xx.o(i.SystemInit)
    USART1_IRQHandler                        0x08001399   Thumb Code    34  stm32f4xx_it.o(i.USART1_IRQHandler)
    USART_ClearITPendingBit                  0x080013c1   Thumb Code    16  stm32f4xx_usart.o(i.USART_ClearITPendingBit)
    USART_Cmd                                0x080013d1   Thumb Code    24  stm32f4xx_usart.o(i.USART_Cmd)
    USART_GetFlagStatus                      0x080013e9   Thumb Code    14  stm32f4xx_usart.o(i.USART_GetFlagStatus)
    USART_GetITStatus                        0x080013f7   Thumb Code    64  stm32f4xx_usart.o(i.USART_GetITStatus)
    USART_ITConfig                           0x08001437   Thumb Code    54  stm32f4xx_usart.o(i.USART_ITConfig)
    USART_Init                               0x0800146d   Thumb Code   180  stm32f4xx_usart.o(i.USART_Init)
    USART_ReceiveData                        0x08001529   Thumb Code     8  stm32f4xx_usart.o(i.USART_ReceiveData)
    USART_SendData                           0x08001531   Thumb Code     8  stm32f4xx_usart.o(i.USART_SendData)
    UsageFault_Handler                       0x08001539   Thumb Code     2  stm32f4xx_it.o(i.UsageFault_Handler)
    WWDG_IRQHandler                          0x0800153b   Thumb Code     2  stm32f4xx_it.o(i.WWDG_IRQHandler)
    __0printf$8                              0x0800153d   Thumb Code    22  printf8.o(i.__0printf$8)
    __1printf$8                              0x0800153d   Thumb Code     0  printf8.o(i.__0printf$8)
    __2printf                                0x0800153d   Thumb Code     0  printf8.o(i.__0printf$8)
    __scatterload_copy                       0x0800155d   Thumb Code    14  handlers.o(i.__scatterload_copy)
    __scatterload_null                       0x0800156b   Thumb Code     2  handlers.o(i.__scatterload_null)
    __scatterload_zeroinit                   0x0800156d   Thumb Code    14  handlers.o(i.__scatterload_zeroinit)
    fputc                                    0x080019d5   Thumb Code    30  bsp_debug_usart.o(i.fputc)
    main                                     0x080019f9   Thumb Code    14  main.o(i.main)
    Region$$Table$$Base                      0x08001ce0   Number         0  anon$$obj.o(Region$$Table)
    Region$$Table$$Limit                     0x08001d00   Number         0  anon$$obj.o(Region$$Table)
    sysParamDef                              0x20000018   Data          25  app_iap.o(.data)
    __stdout                                 0x20000034   Data           4  stdout.o(.data)
    App_Buf                                  0x20000038   Data       40960  app_iap.o(.bss)
    __initial_sp                             0x2000a438   Data           0  startup_stm32f40xx.o(STACK)



==============================================================================

Memory Map of the image

  Image Entry point : 0x08000189

  Load Region LR_IROM1 (Base: 0x08000000, Size: 0x00001d38, Max: 0x00004000, ABSOLUTE)

    Execution Region ER_IROM1 (Exec base: 0x08000000, Load base: 0x08000000, Size: 0x00001d00, Max: 0x00004000, ABSOLUTE)

    Exec Addr    Load Addr    Size         Type   Attr      Idx    E Section Name        Object

    0x08000000   0x08000000   0x00000188   Data   RO            3    RESET               startup_stm32f40xx.o
    0x08000188   0x08000188   0x00000000   Code   RO         2327  * .ARM.Collect$$$$00000000  mc_w.l(entry.o)
    0x08000188   0x08000188   0x00000004   Code   RO         2597    .ARM.Collect$$$$00000001  mc_w.l(entry2.o)
    0x0800018c   0x0800018c   0x00000004   Code   RO         2600    .ARM.Collect$$$$00000004  mc_w.l(entry5.o)
    0x08000190   0x08000190   0x00000000   Code   RO         2602    .ARM.Collect$$$$00000008  mc_w.l(entry7b.o)
    0x08000190   0x08000190   0x00000000   Code   RO         2604    .ARM.Collect$$$$0000000A  mc_w.l(entry8b.o)
    0x08000190   0x08000190   0x00000008   Code   RO         2605    .ARM.Collect$$$$0000000B  mc_w.l(entry9a.o)
    0x08000198   0x08000198   0x00000004   Code   RO         2612    .ARM.Collect$$$$0000000E  mc_w.l(entry12b.o)
    0x0800019c   0x0800019c   0x00000000   Code   RO         2607    .ARM.Collect$$$$0000000F  mc_w.l(entry10a.o)
    0x0800019c   0x0800019c   0x00000000   Code   RO         2609    .ARM.Collect$$$$00000011  mc_w.l(entry11a.o)
    0x0800019c   0x0800019c   0x00000004   Code   RO         2598    .ARM.Collect$$$$00002712  mc_w.l(entry2.o)
    0x080001a0   0x080001a0   0x00000024   Code   RO            4    .text               startup_stm32f40xx.o
    0x080001c4   0x080001c4   0x00000024   Code   RO         2330    .text               mc_w.l(memcpya.o)
    0x080001e8   0x080001e8   0x0000001a   Code   RO         2332    .text               mc_w.l(memcmp.o)
    0x08000202   0x08000202   0x00000062   Code   RO         2616    .text               mc_w.l(uldiv.o)
    0x08000264   0x08000264   0x00000024   Code   RO         2629    .text               mc_w.l(init.o)
    0x08000288   0x08000288   0x0000001e   Code   RO         2631    .text               mc_w.l(llshl.o)
    0x080002a6   0x080002a6   0x00000020   Code   RO         2633    .text               mc_w.l(llushr.o)
    0x080002c6   0x080002c6   0x00000002   PAD
    0x080002c8   0x080002c8   0x0000001c   Code   RO         2225    i.App_Debug_Usart_RXEN_IRQHandler  app_exit.o
    0x080002e4   0x080002e4   0x00000040   Code   RO         2178    i.App_HW_Init       app_init.o
    0x08000324   0x08000324   0x0000000e   Code   RO         2254    i.App_IAP_Bsp_Init  app_iap.o
    0x08000332   0x08000332   0x00000002   PAD
    0x08000334   0x08000334   0x000001c8   Code   RO         2255    i.App_IAP_Show_BootInfo  app_iap.o
    0x080004fc   0x080004fc   0x00000040   Code   RO         2256    i.App_IAP_Task      app_iap.o
    0x0800053c   0x0800053c   0x00000002   Code   RO         2179    i.App_SW_Init       app_init.o
    0x0800053e   0x0800053e   0x0000001a   Code   RO         2257    i.App_SysParam_CheckSum  app_iap.o
    0x08000558   0x08000558   0x000002b4   Code   RO         2258    i.App_System_ParamReadCheck  app_iap.o
    0x0800080c   0x0800080c   0x00000180   Code   RO         2259    i.App_System_Sel_BootAddr  app_iap.o
    0x0800098c   0x0800098c   0x0000001c   Code   RO         2260    i.App_Update_SysParam2Flash  app_iap.o
    0x080009a8   0x080009a8   0x0000001c   Code   RO         1770    i.Bsp_Clear_AllIRQ_Pending  bsp_iap.o
    0x080009c4   0x080009c4   0x00000060   Code   RO         1725    i.Bsp_Earse_Flash_Size  bsp_flash.o
    0x08000a24   0x08000a24   0x00000016   Code   RO         1726    i.Bsp_Flash_Read_Len  bsp_flash.o
    0x08000a3a   0x08000a3a   0x00000002   PAD
    0x08000a3c   0x08000a3c   0x00000054   Code   RO         1727    i.Bsp_Flash_Write_Len  bsp_flash.o
    0x08000a90   0x08000a90   0x000000cc   Code   RO         1728    i.Bsp_Get_Flash_Sector  bsp_flash.o
    0x08000b5c   0x08000b5c   0x00000028   Code   RO         1771    i.Bsp_Jump_2_App    bsp_iap.o
    0x08000b84   0x08000b84   0x00000030   Code   RO         1683    i.Bsp_Key_Init      bsp_key.o
    0x08000bb4   0x08000bb4   0x00000040   Code   RO         1653    i.Bsp_Led_Init      bsp_led.o
    0x08000bf4   0x08000bf4   0x0000002c   Code   RO         1772    i.Bsp_Per_DeInit    bsp_iap.o
    0x08000c20   0x08000c20   0x0000000e   Code   RO         1773    i.Bsp_SysTick_DeInit  bsp_iap.o
    0x08000c2e   0x08000c2e   0x00000002   Code   RO         1394    i.BusFault_Handler  stm32f4xx_it.o
    0x08000c30   0x08000c30   0x00000002   Code   RO         1395    i.DebugMon_Handler  stm32f4xx_it.o
    0x08000c32   0x08000c32   0x00000002   PAD
    0x08000c34   0x08000c34   0x000000a4   Code   RO         1551    i.Debug_USART_Config  bsp_debug_usart.o
    0x08000cd8   0x08000cd8   0x00000020   Code   RO         1552    i.Debug_USART_NVIC_Cfg  bsp_debug_usart.o
    0x08000cf8   0x08000cf8   0x00000020   Code   RO         1553    i.Debug_USART_RecData  bsp_debug_usart.o
    0x08000d18   0x08000d18   0x0000002c   Code   RO         1612    i.Delay_Init        bsp_delay.o
    0x08000d44   0x08000d44   0x00000002   Code   RO         1396    i.EXTI1_IRQHandler  stm32f4xx_it.o
    0x08000d46   0x08000d46   0x00000002   Code   RO         1397    i.EXTI4_IRQHandler  stm32f4xx_it.o
    0x08000d48   0x08000d48   0x0000000c   Code   RO          273    i.FLASH_ClearFlag   stm32f4xx_flash.o
    0x08000d54   0x08000d54   0x00000070   Code   RO          279    i.FLASH_EraseSector  stm32f4xx_flash.o
    0x08000dc4   0x08000dc4   0x0000003c   Code   RO          281    i.FLASH_GetStatus   stm32f4xx_flash.o
    0x08000e00   0x08000e00   0x00000010   Code   RO          285    i.FLASH_Lock        stm32f4xx_flash.o
    0x08000e10   0x08000e10   0x00000038   Code   RO          306    i.FLASH_ProgramByte  stm32f4xx_flash.o
    0x08000e48   0x08000e48   0x00000024   Code   RO          311    i.FLASH_Unlock      stm32f4xx_flash.o
    0x08000e6c   0x08000e6c   0x00000022   Code   RO          312    i.FLASH_WaitForLastOperation  stm32f4xx_flash.o
    0x08000e8e   0x08000e8e   0x0000007c   Code   RO          565    i.GPIO_Init         stm32f4xx_gpio.o
    0x08000f0a   0x08000f0a   0x00000020   Code   RO          566    i.GPIO_PinAFConfig  stm32f4xx_gpio.o
    0x08000f2a   0x08000f2a   0x00000004   Code   RO          573    i.GPIO_SetBits      stm32f4xx_gpio.o
    0x08000f2e   0x08000f2e   0x0000000e   Code   RO         1944    i.Hal_Debug_Usart_Config  hal_debug_usart.o
    0x08000f3c   0x08000f3c   0x00000004   Code   RO         1945    i.Hal_Debug_Usart_RecData  hal_debug_usart.o
    0x08000f40   0x08000f40   0x00000004   Code   RO         1905    i.Hal_Delay_Init    hal_delay.o
    0x08000f44   0x08000f44   0x0000008c   Code   RO         2105    i.Hal_Earse_Flash_Size  hal_flash.o
    0x08000fd0   0x08000fd0   0x0000008c   Code   RO         2106    i.Hal_Flash_Read_Len  hal_flash.o
    0x0800105c   0x0800105c   0x00000090   Code   RO         2107    i.Hal_Flash_Write_Len  hal_flash.o
    0x080010ec   0x080010ec   0x00000004   Code   RO         2151    i.Hal_Jump_2_App    hal_iap.o
    0x080010f0   0x080010f0   0x00000004   Code   RO         2057    i.Hal_Key_Init      hal_key.o
    0x080010f4   0x080010f4   0x00000004   Code   RO         1987    i.Hal_Led_Init      hal_led.o
    0x080010f8   0x080010f8   0x00000002   Code   RO         1398    i.HardFault_Handler  stm32f4xx_it.o
    0x080010fa   0x080010fa   0x00000002   Code   RO         1399    i.I2C1_ER_IRQHandler  stm32f4xx_it.o
    0x080010fc   0x080010fc   0x00000002   Code   RO         1400    i.I2C1_EV_IRQHandler  stm32f4xx_it.o
    0x080010fe   0x080010fe   0x00000002   Code   RO         1401    i.MemManage_Handler  stm32f4xx_it.o
    0x08001100   0x08001100   0x00000002   Code   RO         1402    i.NMI_Handler       stm32f4xx_it.o
    0x08001102   0x08001102   0x00000002   PAD
    0x08001104   0x08001104   0x00000068   Code   RO          155    i.NVIC_Init         misc.o
    0x0800116c   0x0800116c   0x00000014   Code   RO          156    i.NVIC_PriorityGroupConfig  misc.o
    0x08001180   0x08001180   0x00000002   Code   RO         1403    i.PendSV_Handler    stm32f4xx_it.o
    0x08001182   0x08001182   0x00000002   PAD
    0x08001184   0x08001184   0x0000001c   Code   RO          720    i.RCC_AHB1PeriphClockCmd  stm32f4xx_rcc.o
    0x080011a0   0x080011a0   0x0000001c   Code   RO          732    i.RCC_APB2PeriphClockCmd  stm32f4xx_rcc.o
    0x080011bc   0x080011bc   0x000000a0   Code   RO          741    i.RCC_GetClocksFreq  stm32f4xx_rcc.o
    0x0800125c   0x0800125c   0x00000002   Code   RO         1404    i.RTC_Alarm_IRQHandler  stm32f4xx_it.o
    0x0800125e   0x0800125e   0x00000002   Code   RO         1405    i.SDIO_IRQHandler   stm32f4xx_it.o
    0x08001260   0x08001260   0x00000002   Code   RO         1407    i.SVC_Handler       stm32f4xx_it.o
    0x08001262   0x08001262   0x00000002   PAD
    0x08001264   0x08001264   0x000000b8   Code   RO           13    i.SetSysClock       system_stm32f4xx.o
    0x0800131c   0x0800131c   0x0000001c   Code   RO          159    i.SysTick_CLKSourceConfig  misc.o
    0x08001338   0x08001338   0x00000002   Code   RO         1408    i.SysTick_Handler   stm32f4xx_it.o
    0x0800133a   0x0800133a   0x00000002   PAD
    0x0800133c   0x0800133c   0x0000005c   Code   RO           15    i.SystemInit        system_stm32f4xx.o
    0x08001398   0x08001398   0x00000028   Code   RO         1409    i.USART1_IRQHandler  stm32f4xx_it.o
    0x080013c0   0x080013c0   0x00000010   Code   RO         1059    i.USART_ClearITPendingBit  stm32f4xx_usart.o
    0x080013d0   0x080013d0   0x00000018   Code   RO         1062    i.USART_Cmd         stm32f4xx_usart.o
    0x080013e8   0x080013e8   0x0000000e   Code   RO         1065    i.USART_GetFlagStatus  stm32f4xx_usart.o
    0x080013f6   0x080013f6   0x00000040   Code   RO         1066    i.USART_GetITStatus  stm32f4xx_usart.o
    0x08001436   0x08001436   0x00000036   Code   RO         1068    i.USART_ITConfig    stm32f4xx_usart.o
    0x0800146c   0x0800146c   0x000000bc   Code   RO         1069    i.USART_Init        stm32f4xx_usart.o
    0x08001528   0x08001528   0x00000008   Code   RO         1076    i.USART_ReceiveData  stm32f4xx_usart.o
    0x08001530   0x08001530   0x00000008   Code   RO         1079    i.USART_SendData    stm32f4xx_usart.o
    0x08001538   0x08001538   0x00000002   Code   RO         1410    i.UsageFault_Handler  stm32f4xx_it.o
    0x0800153a   0x0800153a   0x00000002   Code   RO         1411    i.WWDG_IRQHandler   stm32f4xx_it.o
    0x0800153c   0x0800153c   0x00000020   Code   RO         2543    i.__0printf$8       mc_w.l(printf8.o)
    0x0800155c   0x0800155c   0x0000000e   Code   RO         2641    i.__scatterload_copy  mc_w.l(handlers.o)
    0x0800156a   0x0800156a   0x00000002   Code   RO         2642    i.__scatterload_null  mc_w.l(handlers.o)
    0x0800156c   0x0800156c   0x0000000e   Code   RO         2643    i.__scatterload_zeroinit  mc_w.l(handlers.o)
    0x0800157a   0x0800157a   0x00000002   PAD
    0x0800157c   0x0800157c   0x00000404   Code   RO         2550    i._printf_core      mc_w.l(printf8.o)
    0x08001980   0x08001980   0x00000024   Code   RO         2551    i._printf_post_padding  mc_w.l(printf8.o)
    0x080019a4   0x080019a4   0x0000002e   Code   RO         2552    i._printf_pre_padding  mc_w.l(printf8.o)
    0x080019d2   0x080019d2   0x00000002   PAD
    0x080019d4   0x080019d4   0x00000024   Code   RO         1556    i.fputc             bsp_debug_usart.o
    0x080019f8   0x080019f8   0x0000000e   Code   RO         1373    i.main              main.o
    0x08001a06   0x08001a06   0x0000003c   Data   RO         2109    .constdata          hal_flash.o
    0x08001a42   0x08001a42   0x0000000c   Data   RO         2180    .constdata          app_init.o
    0x08001a4e   0x08001a4e   0x00000002   PAD
    0x08001a50   0x08001a50   0x00000043   Data   RO         2181    .conststring        app_init.o
    0x08001a93   0x08001a93   0x00000001   PAD
    0x08001a94   0x08001a94   0x0000024a   Data   RO         2266    .conststring        app_iap.o
    0x08001cde   0x08001cde   0x00000002   PAD
    0x08001ce0   0x08001ce0   0x00000020   Data   RO         2639    Region$$Table       anon$$obj.o


    Execution Region RW_IRAM1 (Exec base: 0x20000000, Load base: 0x08001d00, Size: 0x0000a438, Max: 0x00020000, ABSOLUTE)

    Exec Addr    Load Addr    Size         Type   Attr      Idx    E Section Name        Object

    0x20000000   0x08001d00   0x00000010   Data   RW          773    .data               stm32f4xx_rcc.o
    0x20000010   0x08001d10   0x00000004   Data   RW         1615    .data               bsp_delay.o
    0x20000014   0x08001d14   0x00000004   Data   RW         2226    .data               app_exit.o
    0x20000018   0x08001d18   0x00000019   Data   RW         2267    .data               app_iap.o
    0x20000031   0x08001d31   0x00000003   PAD
    0x20000034   0x08001d34   0x00000004   Data   RW         2613    .data               mc_w.l(stdout.o)
    0x20000038        -       0x0000a000   Zero   RW         2261    .bss                app_iap.o
    0x2000a038        -       0x00000400   Zero   RW            1    STACK               startup_stm32f40xx.o


==============================================================================

Image component sizes


      Code (inc. data)   RO Data    RW Data    ZI Data      Debug   Object Name

        28          8          0          4          0       1714   app_exit.o
      1664       1020        586         25      40960       6302   app_iap.o
        66          8         79          0          0       1212   app_init.o
       264         22          0          0          0       3982   bsp_debug_usart.o
        44          6          0          4          0        909   bsp_delay.o
       406         66          0          0          0       3809   bsp_flash.o
       126          4          0          0          0       4594   bsp_iap.o
        48          6          0          0          0        611   bsp_key.o
        64          6          0          0          0        619   bsp_led.o
        18          0          0          0          0       1223   hal_debug_usart.o
         4          0          0          0          0        581   hal_delay.o
       424        254         60          0          0       3058   hal_flash.o
         4          0          0          0          0        581   hal_iap.o
         4          0          0          0          0        535   hal_key.o
         4          0          0          0          0        535   hal_led.o
        14          0          0          0          0        539   main.o
       152         16          0          0          0       2709   misc.o
        36          8        392          0       1024       1028   startup_stm32f40xx.o
       326         38          0          0          0       5789   stm32f4xx_flash.o
       160          0          0          0          0       2890   stm32f4xx_gpio.o
        72          6          0          0          0       9225   stm32f4xx_it.o
       216         24          0         16          0       4926   stm32f4xx_rcc.o
       376          8          0          0          0       7663   stm32f4xx_usart.o
       276         34          0          0          0     283425   system_stm32f4xx.o

    ----------------------------------------------------------------------
      4810       1534       1154         52      41984     348459   Object Totals
         0          0         32          0          0          0   (incl. Generated)
        14          0          5          3          0          0   (incl. Padding)

    ----------------------------------------------------------------------

      Code (inc. data)   RO Data    RW Data    ZI Data      Debug   Library Member Name

         0          0          0          0          0          0   entry.o
         0          0          0          0          0          0   entry10a.o
         0          0          0          0          0          0   entry11a.o
         4          0          0          0          0          0   entry12b.o
         8          4          0          0          0          0   entry2.o
         4          0          0          0          0          0   entry5.o
         0          0          0          0          0          0   entry7b.o
         0          0          0          0          0          0   entry8b.o
         8          4          0          0          0          0   entry9a.o
        30          0          0          0          0          0   handlers.o
        36          8          0          0          0         68   init.o
        30          0          0          0          0         68   llshl.o
        32          0          0          0          0         68   llushr.o
        26          0          0          0          0         80   memcmp.o
        36          0          0          0          0         68   memcpya.o
      1142         54          0          0          0        352   printf8.o
         0          0          0          4          0          0   stdout.o
        98          0          0          0          0         92   uldiv.o

    ----------------------------------------------------------------------
      1460         70          0          4          0        796   Library Totals
         6          0          0          0          0          0   (incl. Padding)

    ----------------------------------------------------------------------

      Code (inc. data)   RO Data    RW Data    ZI Data      Debug   Library Name

      1454         70          0          4          0        796   mc_w.l

    ----------------------------------------------------------------------
      1460         70          0          4          0        796   Library Totals

    ----------------------------------------------------------------------

==============================================================================


      Code (inc. data)   RO Data    RW Data    ZI Data      Debug   

      6270       1604       1154         56      41984     341895   Grand Totals
      6270       1604       1154         56      41984     341895   ELF Image Totals
      6270       1604       1154         56          0          0   ROM Totals

==============================================================================

    Total RO  Size (Code + RO Data)                 7424 (   7.25kB)
    Total RW  Size (RW Data + ZI Data)             42040 (  41.05kB)
    Total ROM Size (Code + RO Data + RW Data)       7480 (   7.30kB)

==============================================================================

